============================= test session starts ==============================
platform linux -- Python 3.11.14, pytest-7.2.2, pluggy-1.6.0 -- /home/engine/project/.venv/bin/python
cachedir: .pytest_cache
rootdir: /home/engine/project, configfile: pytest.ini
collecting ... collected 250 items / 1 error

==================================== ERRORS ====================================
__________________ ERROR collecting tests/unit/test_cache.py ___________________
ImportError while importing test module '/home/engine/project/tests/unit/test_cache.py'.
Hint: make sure your test modules/packages have valid Python names.
Traceback:
.venv/lib/python3.11/site-packages/_pytest/python.py:618: in _importtestmodule
    mod = import_path(self.path, mode=importmode, root=self.config.rootpath)
.venv/lib/python3.11/site-packages/_pytest/pathlib.py:533: in import_path
    importlib.import_module(module_name)
../.local/share/uv/python/cpython-3.11.14-linux-x86_64-gnu/lib/python3.11/importlib/__init__.py:126: in import_module
    return _bootstrap._gcd_import(name[level:], package, level)
<frozen importlib._bootstrap>:1204: in _gcd_import
    ???
<frozen importlib._bootstrap>:1176: in _find_and_load
    ???
<frozen importlib._bootstrap>:1147: in _find_and_load_unlocked
    ???
<frozen importlib._bootstrap>:690: in _load_unlocked
    ???
.venv/lib/python3.11/site-packages/_pytest/assertion/rewrite.py:168: in exec_module
    exec(co, module.__dict__)
tests/unit/test_cache.py:3: in <module>
    from freezegun import freeze_time
E   ModuleNotFoundError: No module named 'freezegun'
=============================== warnings summary ===============================
.venv/lib/python3.11/site-packages/_pytest/config/__init__.py:1296
  /home/engine/project/.venv/lib/python3.11/site-packages/_pytest/config/__init__.py:1296: PytestConfigWarning: Unknown config option: asyncio_mode
  
    self._warn_or_fail_if_strict(f"Unknown config option: {key}\n")

-- Docs: https://docs.pytest.org/en/stable/how-to/capture-warnings.html
=========================== short test summary info ============================
ERROR tests/unit/test_cache.py
!!!!!!!!!!!!!!!!!!!!!!!!!! stopping after 1 failures !!!!!!!!!!!!!!!!!!!!!!!!!!!
========================= 1 warning, 1 error in 0.63s ==========================
