============================= test session starts ==============================
platform linux -- Python 3.11.14, pytest-8.4.2, pluggy-1.6.0 -- /home/engine/project/.venv/bin/python
cachedir: .pytest_cache
rootdir: /home/engine/project
configfile: pytest.ini
plugins: cov-7.0.0, anyio-4.12.0, timeout-2.4.0, asyncio-1.1.1, xdist-3.8.0, mock-3.15.1
asyncio: mode=Mode.AUTO, asyncio_default_fixture_loop_scope=None, asyncio_default_test_loop_scope=function
collecting ... collected 10 items

backend/tests/test_cli_commands.py::TestCliCommands::test_version ERROR  [ 10%]

==================================== ERRORS ====================================
________________ ERROR at setup of TestCliCommands.test_version ________________
.venv/lib/python3.11/site-packages/pytest_asyncio/plugin.py:696: in pytest_fixture_setup
    hook_result = yield
                  ^^^^^
.venv/lib/python3.11/site-packages/pytest_asyncio/plugin.py:321: in _async_fixture_wrapper
    result = runner.run(setup(), context=context)
             ^^^^^^^^^^^^^^^^^^^^^^^^^^^^^^^^^^^^
../.local/share/uv/python/cpython-3.11.14-linux-x86_64-gnu/lib/python3.11/asyncio/runners.py:118: in run
    return self._loop.run_until_complete(task)
           ^^^^^^^^^^^^^^^^^^^^^^^^^^^^^^^^^^^
../.local/share/uv/python/cpython-3.11.14-linux-x86_64-gnu/lib/python3.11/asyncio/base_events.py:654: in run_until_complete
    return future.result()
           ^^^^^^^^^^^^^^^
.venv/lib/python3.11/site-packages/pytest_asyncio/plugin.py:317: in setup
    res = await fixture_function(*args, **kwargs)
          ^^^^^^^^^^^^^^^^^^^^^^^^^^^^^^^^^^^^^^^
backend/tests/conftest.py:158: in _create_async_schema
    await conn.run_sync(Base.metadata.create_all)
.venv/lib/python3.11/site-packages/sqlalchemy/ext/asyncio/engine.py:888: in run_sync
    return await greenlet_spawn(
.venv/lib/python3.11/site-packages/sqlalchemy/util/_concurrency_py3k.py:203: in greenlet_spawn
    result = context.switch(value)
             ^^^^^^^^^^^^^^^^^^^^^
.venv/lib/python3.11/site-packages/sqlalchemy/sql/schema.py:5928: in create_all
    bind._run_ddl_visitor(
.venv/lib/python3.11/site-packages/sqlalchemy/engine/base.py:2467: in _run_ddl_visitor
    ).traverse_single(element)
      ^^^^^^^^^^^^^^^^^^^^^^^^
.venv/lib/python3.11/site-packages/sqlalchemy/sql/visitors.py:661: in traverse_single
    return meth(obj, **kw)
           ^^^^^^^^^^^^^^^
.venv/lib/python3.11/site-packages/sqlalchemy/sql/ddl.py:962: in visit_metadata
    collection = sort_tables_and_constraints(
.venv/lib/python3.11/site-packages/sqlalchemy/sql/ddl.py:1394: in sort_tables_and_constraints
    dependent_on = fkc.referred_table
                   ^^^^^^^^^^^^^^^^^^
.venv/lib/python3.11/site-packages/sqlalchemy/sql/schema.py:4799: in referred_table
    return self.elements[0].column.table
           ^^^^^^^^^^^^^^^^^^^^^^^
.venv/lib/python3.11/site-packages/sqlalchemy/util/langhelpers.py:1226: in __get__
    obj.__dict__[self.__name__] = result = self.fget(obj)
                                           ^^^^^^^^^^^^^^
.venv/lib/python3.11/site-packages/sqlalchemy/sql/schema.py:3199: in column
    return self._resolve_column()
           ^^^^^^^^^^^^^^^^^^^^^^
.venv/lib/python3.11/site-packages/sqlalchemy/sql/schema.py:3222: in _resolve_column
    raise exc.NoReferencedTableError(
E   sqlalchemy.exc.NoReferencedTableError: Foreign key associated with column 'reusable_modules.updated_by' could not find table 'users' with which to generate a foreign key to target column 'id'
---------------------------- Captured stderr setup -----------------------------
2025-12-20 08:44:17,729 [   DEBUG] asyncio - Using selector: EpollSelector
2025-12-20 08:44:17,729 [   DEBUG] asyncio - Using selector: EpollSelector
2025-12-20 08:44:17,730 [   DEBUG] aiosqlite - executing <function connect.<locals>.connector at 0x7f59d1cb8d60>
2025-12-20 08:44:17,731 [   DEBUG] aiosqlite - operation <function connect.<locals>.connector at 0x7f59d1cb8d60> completed
2025-12-20 08:44:17,731 [   DEBUG] aiosqlite - executing functools.partial(<built-in method create_function of sqlite3.Connection object at 0x7f59d1cbca90>, 'regexp', 2, <function SQLiteDialect_pysqlite.on_connect.<locals>.regexp at 0x7f59d1ca3880>, deterministic=True)
2025-12-20 08:44:17,731 [   DEBUG] aiosqlite - operation functools.partial(<built-in method create_function of sqlite3.Connection object at 0x7f59d1cbca90>, 'regexp', 2, <function SQLiteDialect_pysqlite.on_connect.<locals>.regexp at 0x7f59d1ca3880>, deterministic=True) completed
2025-12-20 08:44:17,731 [   DEBUG] aiosqlite - executing functools.partial(<built-in method create_function of sqlite3.Connection object at 0x7f59d1cbca90>, 'floor', 1, <built-in function floor>, deterministic=True)
2025-12-20 08:44:17,732 [   DEBUG] aiosqlite - operation functools.partial(<built-in method create_function of sqlite3.Connection object at 0x7f59d1cbca90>, 'floor', 1, <built-in function floor>, deterministic=True) completed
2025-12-20 08:44:17,732 [   DEBUG] aiosqlite - executing functools.partial(<built-in method cursor of sqlite3.Connection object at 0x7f59d1cbca90>)
2025-12-20 08:44:17,732 [   DEBUG] aiosqlite - operation functools.partial(<built-in method cursor of sqlite3.Connection object at 0x7f59d1cbca90>) completed
2025-12-20 08:44:17,732 [   DEBUG] aiosqlite - executing functools.partial(<built-in method execute of sqlite3.Cursor object at 0x7f59d1ca5d40>, 'PRAGMA read_uncommitted', [])
2025-12-20 08:44:17,732 [   DEBUG] aiosqlite - operation functools.partial(<built-in method execute of sqlite3.Cursor object at 0x7f59d1ca5d40>, 'PRAGMA read_uncommitted', []) completed
2025-12-20 08:44:17,732 [   DEBUG] aiosqlite - executing functools.partial(<built-in method fetchall of sqlite3.Cursor object at 0x7f59d1ca5d40>)
2025-12-20 08:44:17,732 [   DEBUG] aiosqlite - operation functools.partial(<built-in method fetchall of sqlite3.Cursor object at 0x7f59d1ca5d40>) completed
2025-12-20 08:44:17,733 [   DEBUG] aiosqlite - executing functools.partial(<built-in method close of sqlite3.Cursor object at 0x7f59d1ca5d40>)
2025-12-20 08:44:17,733 [   DEBUG] aiosqlite - operation functools.partial(<built-in method close of sqlite3.Cursor object at 0x7f59d1ca5d40>) completed
2025-12-20 08:44:17,733 [   DEBUG] aiosqlite - executing functools.partial(<built-in method rollback of sqlite3.Connection object at 0x7f59d1cbca90>)
2025-12-20 08:44:17,733 [   DEBUG] aiosqlite - operation functools.partial(<built-in method rollback of sqlite3.Connection object at 0x7f59d1cbca90>) completed
2025-12-20 08:44:17,733 [   DEBUG] aiosqlite - executing functools.partial(<built-in method cursor of sqlite3.Connection object at 0x7f59d1cbca90>)
2025-12-20 08:44:17,733 [   DEBUG] aiosqlite - operation functools.partial(<built-in method cursor of sqlite3.Connection object at 0x7f59d1cbca90>) completed
2025-12-20 08:44:17,733 [   DEBUG] aiosqlite - executing functools.partial(<built-in method execute of sqlite3.Cursor object at 0x7f59d1ca5c40>, 'PRAGMA main.table_info("workspaces")', ())
2025-12-20 08:44:17,734 [   DEBUG] aiosqlite - operation functools.partial(<built-in method execute of sqlite3.Cursor object at 0x7f59d1ca5c40>, 'PRAGMA main.table_info("workspaces")', ()) completed
2025-12-20 08:44:17,734 [   DEBUG] aiosqlite - executing functools.partial(<built-in method fetchall of sqlite3.Cursor object at 0x7f59d1ca5c40>)
2025-12-20 08:44:17,734 [   DEBUG] aiosqlite - operation functools.partial(<built-in method fetchall of sqlite3.Cursor object at 0x7f59d1ca5c40>) completed
2025-12-20 08:44:17,734 [   DEBUG] aiosqlite - executing functools.partial(<built-in method close of sqlite3.Cursor object at 0x7f59d1ca5c40>)
2025-12-20 08:44:17,734 [   DEBUG] aiosqlite - operation functools.partial(<built-in method close of sqlite3.Cursor object at 0x7f59d1ca5c40>) completed
2025-12-20 08:44:17,734 [   DEBUG] aiosqlite - executing functools.partial(<built-in method cursor of sqlite3.Connection object at 0x7f59d1cbca90>)
2025-12-20 08:44:17,734 [   DEBUG] aiosqlite - operation functools.partial(<built-in method cursor of sqlite3.Connection object at 0x7f59d1cbca90>) completed
2025-12-20 08:44:17,734 [   DEBUG] aiosqlite - executing functools.partial(<built-in method execute of sqlite3.Cursor object at 0x7f59d1ca5bc0>, 'PRAGMA temp.table_info("workspaces")', ())
2025-12-20 08:44:17,735 [   DEBUG] aiosqlite - operation functools.partial(<built-in method execute of sqlite3.Cursor object at 0x7f59d1ca5bc0>, 'PRAGMA temp.table_info("workspaces")', ()) completed
2025-12-20 08:44:17,735 [   DEBUG] aiosqlite - executing functools.partial(<built-in method fetchall of sqlite3.Cursor object at 0x7f59d1ca5bc0>)
2025-12-20 08:44:17,735 [   DEBUG] aiosqlite - operation functools.partial(<built-in method fetchall of sqlite3.Cursor object at 0x7f59d1ca5bc0>) completed
2025-12-20 08:44:17,735 [   DEBUG] aiosqlite - executing functools.partial(<built-in method close of sqlite3.Cursor object at 0x7f59d1ca5bc0>)
2025-12-20 08:44:17,735 [   DEBUG] aiosqlite - operation functools.partial(<built-in method close of sqlite3.Cursor object at 0x7f59d1ca5bc0>) completed
2025-12-20 08:44:17,735 [   DEBUG] aiosqlite - executing functools.partial(<built-in method cursor of sqlite3.Connection object at 0x7f59d1cbca90>)
2025-12-20 08:44:17,735 [   DEBUG] aiosqlite - operation functools.partial(<built-in method cursor of sqlite3.Connection object at 0x7f59d1cbca90>) completed
2025-12-20 08:44:17,735 [   DEBUG] aiosqlite - executing functools.partial(<built-in method execute of sqlite3.Cursor object at 0x7f59d1ca5dc0>, 'PRAGMA main.table_info("projects")', ())
2025-12-20 08:44:17,735 [   DEBUG] aiosqlite - operation functools.partial(<built-in method execute of sqlite3.Cursor object at 0x7f59d1ca5dc0>, 'PRAGMA main.table_info("projects")', ()) completed
2025-12-20 08:44:17,735 [   DEBUG] aiosqlite - executing functools.partial(<built-in method fetchall of sqlite3.Cursor object at 0x7f59d1ca5dc0>)
2025-12-20 08:44:17,735 [   DEBUG] aiosqlite - operation functools.partial(<built-in method fetchall of sqlite3.Cursor object at 0x7f59d1ca5dc0>) completed
2025-12-20 08:44:17,736 [   DEBUG] aiosqlite - executing functools.partial(<built-in method close of sqlite3.Cursor object at 0x7f59d1ca5dc0>)
2025-12-20 08:44:17,736 [   DEBUG] aiosqlite - operation functools.partial(<built-in method close of sqlite3.Cursor object at 0x7f59d1ca5dc0>) completed
2025-12-20 08:44:17,736 [   DEBUG] aiosqlite - executing functools.partial(<built-in method cursor of sqlite3.Connection object at 0x7f59d1cbca90>)
2025-12-20 08:44:17,736 [   DEBUG] aiosqlite - operation functools.partial(<built-in method cursor of sqlite3.Connection object at 0x7f59d1cbca90>) completed
2025-12-20 08:44:17,737 [   DEBUG] aiosqlite - executing functools.partial(<built-in method execute of sqlite3.Cursor object at 0x7f59d1ca5e40>, 'PRAGMA temp.table_info("projects")', ())
2025-12-20 08:44:17,737 [   DEBUG] aiosqlite - operation functools.partial(<built-in method execute of sqlite3.Cursor object at 0x7f59d1ca5e40>, 'PRAGMA temp.table_info("projects")', ()) completed
2025-12-20 08:44:17,737 [   DEBUG] aiosqlite - executing functools.partial(<built-in method fetchall of sqlite3.Cursor object at 0x7f59d1ca5e40>)
2025-12-20 08:44:17,737 [   DEBUG] aiosqlite - operation functools.partial(<built-in method fetchall of sqlite3.Cursor object at 0x7f59d1ca5e40>) completed
2025-12-20 08:44:17,737 [   DEBUG] aiosqlite - executing functools.partial(<built-in method close of sqlite3.Cursor object at 0x7f59d1ca5e40>)
2025-12-20 08:44:17,737 [   DEBUG] aiosqlite - operation functools.partial(<built-in method close of sqlite3.Cursor object at 0x7f59d1ca5e40>) completed
2025-12-20 08:44:17,737 [   DEBUG] aiosqlite - executing functools.partial(<built-in method cursor of sqlite3.Connection object at 0x7f59d1cbca90>)
2025-12-20 08:44:17,737 [   DEBUG] aiosqlite - operation functools.partial(<built-in method cursor of sqlite3.Connection object at 0x7f59d1cbca90>) completed
2025-12-20 08:44:17,737 [   DEBUG] aiosqlite - executing functools.partial(<built-in method execute of sqlite3.Cursor object at 0x7f59d1ca5f40>, 'PRAGMA main.table_info("repository_links")', ())
2025-12-20 08:44:17,737 [   DEBUG] aiosqlite - operation functools.partial(<built-in method execute of sqlite3.Cursor object at 0x7f59d1ca5f40>, 'PRAGMA main.table_info("repository_links")', ()) completed
2025-12-20 08:44:17,738 [   DEBUG] aiosqlite - executing functools.partial(<built-in method fetchall of sqlite3.Cursor object at 0x7f59d1ca5f40>)
2025-12-20 08:44:17,738 [   DEBUG] aiosqlite - operation functools.partial(<built-in method fetchall of sqlite3.Cursor object at 0x7f59d1ca5f40>) completed
2025-12-20 08:44:17,738 [   DEBUG] aiosqlite - executing functools.partial(<built-in method close of sqlite3.Cursor object at 0x7f59d1ca5f40>)
2025-12-20 08:44:17,738 [   DEBUG] aiosqlite - operation functools.partial(<built-in method close of sqlite3.Cursor object at 0x7f59d1ca5f40>) completed
2025-12-20 08:44:17,738 [   DEBUG] aiosqlite - executing functools.partial(<built-in method cursor of sqlite3.Connection object at 0x7f59d1cbca90>)
2025-12-20 08:44:17,738 [   DEBUG] aiosqlite - operation functools.partial(<built-in method cursor of sqlite3.Connection object at 0x7f59d1cbca90>) completed
2025-12-20 08:44:17,738 [   DEBUG] aiosqlite - executing functools.partial(<built-in method execute of sqlite3.Cursor object at 0x7f59d1ca5fc0>, 'PRAGMA temp.table_info("repository_links")', ())
2025-12-20 08:44:17,738 [   DEBUG] aiosqlite - operation functools.partial(<built-in method execute of sqlite3.Cursor object at 0x7f59d1ca5fc0>, 'PRAGMA temp.table_info("repository_links")', ()) completed
2025-12-20 08:44:17,738 [   DEBUG] aiosqlite - executing functools.partial(<built-in method fetchall of sqlite3.Cursor object at 0x7f59d1ca5fc0>)
2025-12-20 08:44:17,738 [   DEBUG] aiosqlite - operation functools.partial(<built-in method fetchall of sqlite3.Cursor object at 0x7f59d1ca5fc0>) completed
2025-12-20 08:44:17,738 [   DEBUG] aiosqlite - executing functools.partial(<built-in method close of sqlite3.Cursor object at 0x7f59d1ca5fc0>)
2025-12-20 08:44:17,738 [   DEBUG] aiosqlite - operation functools.partial(<built-in method close of sqlite3.Cursor object at 0x7f59d1ca5fc0>) completed
2025-12-20 08:44:17,739 [   DEBUG] aiosqlite - executing functools.partial(<built-in method cursor of sqlite3.Connection object at 0x7f59d1cbca90>)
2025-12-20 08:44:17,739 [   DEBUG] aiosqlite - operation functools.partial(<built-in method cursor of sqlite3.Connection object at 0x7f59d1cbca90>) completed
2025-12-20 08:44:17,739 [   DEBUG] aiosqlite - executing functools.partial(<built-in method execute of sqlite3.Cursor object at 0x7f59d1ca60c0>, 'PRAGMA main.table_info("tasks")', ())
2025-12-20 08:44:17,739 [   DEBUG] aiosqlite - operation functools.partial(<built-in method execute of sqlite3.Cursor object at 0x7f59d1ca60c0>, 'PRAGMA main.table_info("tasks")', ()) completed
2025-12-20 08:44:17,739 [   DEBUG] aiosqlite - executing functools.partial(<built-in method fetchall of sqlite3.Cursor object at 0x7f59d1ca60c0>)
2025-12-20 08:44:17,739 [   DEBUG] aiosqlite - operation functools.partial(<built-in method fetchall of sqlite3.Cursor object at 0x7f59d1ca60c0>) completed
2025-12-20 08:44:17,739 [   DEBUG] aiosqlite - executing functools.partial(<built-in method close of sqlite3.Cursor object at 0x7f59d1ca60c0>)
2025-12-20 08:44:17,739 [   DEBUG] aiosqlite - operation functools.partial(<built-in method close of sqlite3.Cursor object at 0x7f59d1ca60c0>) completed
2025-12-20 08:44:17,739 [   DEBUG] aiosqlite - executing functools.partial(<built-in method cursor of sqlite3.Connection object at 0x7f59d1cbca90>)
2025-12-20 08:44:17,739 [   DEBUG] aiosqlite - operation functools.partial(<built-in method cursor of sqlite3.Connection object at 0x7f59d1cbca90>) completed
2025-12-20 08:44:17,739 [   DEBUG] aiosqlite - executing functools.partial(<built-in method execute of sqlite3.Cursor object at 0x7f59d1ca6140>, 'PRAGMA temp.table_info("tasks")', ())
2025-12-20 08:44:17,739 [   DEBUG] aiosqlite - operation functools.partial(<built-in method execute of sqlite3.Cursor object at 0x7f59d1ca6140>, 'PRAGMA temp.table_info("tasks")', ()) completed
2025-12-20 08:44:17,739 [   DEBUG] aiosqlite - executing functools.partial(<built-in method fetchall of sqlite3.Cursor object at 0x7f59d1ca6140>)
2025-12-20 08:44:17,739 [   DEBUG] aiosqlite - operation functools.partial(<built-in method fetchall of sqlite3.Cursor object at 0x7f59d1ca6140>) completed
2025-12-20 08:44:17,740 [   DEBUG] aiosqlite - executing functools.partial(<built-in method close of sqlite3.Cursor object at 0x7f59d1ca6140>)
2025-12-20 08:44:17,740 [   DEBUG] aiosqlite - operation functools.partial(<built-in method close of sqlite3.Cursor object at 0x7f59d1ca6140>) completed
2025-12-20 08:44:17,740 [   DEBUG] aiosqlite - executing functools.partial(<built-in method cursor of sqlite3.Connection object at 0x7f59d1cbca90>)
2025-12-20 08:44:17,740 [   DEBUG] aiosqlite - operation functools.partial(<built-in method cursor of sqlite3.Connection object at 0x7f59d1cbca90>) completed
2025-12-20 08:44:17,740 [   DEBUG] aiosqlite - executing functools.partial(<built-in method execute of sqlite3.Cursor object at 0x7f59d1ca62c0>, 'PRAGMA main.table_info("task_runs")', ())
2025-12-20 08:44:17,740 [   DEBUG] aiosqlite - operation functools.partial(<built-in method execute of sqlite3.Cursor object at 0x7f59d1ca62c0>, 'PRAGMA main.table_info("task_runs")', ()) completed
2025-12-20 08:44:17,740 [   DEBUG] aiosqlite - executing functools.partial(<built-in method fetchall of sqlite3.Cursor object at 0x7f59d1ca62c0>)
2025-12-20 08:44:17,740 [   DEBUG] aiosqlite - operation functools.partial(<built-in method fetchall of sqlite3.Cursor object at 0x7f59d1ca62c0>) completed
2025-12-20 08:44:17,740 [   DEBUG] aiosqlite - executing functools.partial(<built-in method close of sqlite3.Cursor object at 0x7f59d1ca62c0>)
2025-12-20 08:44:17,740 [   DEBUG] aiosqlite - operation functools.partial(<built-in method close of sqlite3.Cursor object at 0x7f59d1ca62c0>) completed
2025-12-20 08:44:17,740 [   DEBUG] aiosqlite - executing functools.partial(<built-in method cursor of sqlite3.Connection object at 0x7f59d1cbca90>)
2025-12-20 08:44:17,740 [   DEBUG] aiosqlite - operation functools.partial(<built-in method cursor of sqlite3.Connection object at 0x7f59d1cbca90>) completed
2025-12-20 08:44:17,741 [   DEBUG] aiosqlite - executing functools.partial(<built-in method execute of sqlite3.Cursor object at 0x7f59d1ca6340>, 'PRAGMA temp.table_info("task_runs")', ())
2025-12-20 08:44:17,741 [   DEBUG] aiosqlite - operation functools.partial(<built-in method execute of sqlite3.Cursor object at 0x7f59d1ca6340>, 'PRAGMA temp.table_info("task_runs")', ()) completed
2025-12-20 08:44:17,741 [   DEBUG] aiosqlite - executing functools.partial(<built-in method fetchall of sqlite3.Cursor object at 0x7f59d1ca6340>)
2025-12-20 08:44:17,741 [   DEBUG] aiosqlite - operation functools.partial(<built-in method fetchall of sqlite3.Cursor object at 0x7f59d1ca6340>) completed
2025-12-20 08:44:17,741 [   DEBUG] aiosqlite - executing functools.partial(<built-in method close of sqlite3.Cursor object at 0x7f59d1ca6340>)
2025-12-20 08:44:17,741 [   DEBUG] aiosqlite - operation functools.partial(<built-in method close of sqlite3.Cursor object at 0x7f59d1ca6340>) completed
2025-12-20 08:44:17,741 [   DEBUG] aiosqlite - executing functools.partial(<built-in method cursor of sqlite3.Connection object at 0x7f59d1cbca90>)
2025-12-20 08:44:17,741 [   DEBUG] aiosqlite - operation functools.partial(<built-in method cursor of sqlite3.Connection object at 0x7f59d1cbca90>) completed
2025-12-20 08:44:17,741 [   DEBUG] aiosqlite - executing functools.partial(<built-in method execute of sqlite3.Cursor object at 0x7f59d1ca6440>, 'PRAGMA main.table_info("metric_snapshots")', ())
2025-12-20 08:44:17,741 [   DEBUG] aiosqlite - operation functools.partial(<built-in method execute of sqlite3.Cursor object at 0x7f59d1ca6440>, 'PRAGMA main.table_info("metric_snapshots")', ()) completed
2025-12-20 08:44:17,741 [   DEBUG] aiosqlite - executing functools.partial(<built-in method fetchall of sqlite3.Cursor object at 0x7f59d1ca6440>)
2025-12-20 08:44:17,741 [   DEBUG] aiosqlite - operation functools.partial(<built-in method fetchall of sqlite3.Cursor object at 0x7f59d1ca6440>) completed
2025-12-20 08:44:17,741 [   DEBUG] aiosqlite - executing functools.partial(<built-in method close of sqlite3.Cursor object at 0x7f59d1ca6440>)
2025-12-20 08:44:17,741 [   DEBUG] aiosqlite - operation functools.partial(<built-in method close of sqlite3.Cursor object at 0x7f59d1ca6440>) completed
2025-12-20 08:44:17,742 [   DEBUG] aiosqlite - executing functools.partial(<built-in method cursor of sqlite3.Connection object at 0x7f59d1cbca90>)
2025-12-20 08:44:17,742 [   DEBUG] aiosqlite - operation functools.partial(<built-in method cursor of sqlite3.Connection object at 0x7f59d1cbca90>) completed
2025-12-20 08:44:17,742 [   DEBUG] aiosqlite - executing functools.partial(<built-in method execute of sqlite3.Cursor object at 0x7f59d1ca64c0>, 'PRAGMA temp.table_info("metric_snapshots")', ())
2025-12-20 08:44:17,742 [   DEBUG] aiosqlite - operation functools.partial(<built-in method execute of sqlite3.Cursor object at 0x7f59d1ca64c0>, 'PRAGMA temp.table_info("metric_snapshots")', ()) completed
2025-12-20 08:44:17,742 [   DEBUG] aiosqlite - executing functools.partial(<built-in method fetchall of sqlite3.Cursor object at 0x7f59d1ca64c0>)
2025-12-20 08:44:17,742 [   DEBUG] aiosqlite - operation functools.partial(<built-in method fetchall of sqlite3.Cursor object at 0x7f59d1ca64c0>) completed
2025-12-20 08:44:17,742 [   DEBUG] aiosqlite - executing functools.partial(<built-in method close of sqlite3.Cursor object at 0x7f59d1ca64c0>)
2025-12-20 08:44:17,742 [   DEBUG] aiosqlite - operation functools.partial(<built-in method close of sqlite3.Cursor object at 0x7f59d1ca64c0>) completed
2025-12-20 08:44:17,742 [   DEBUG] aiosqlite - executing functools.partial(<built-in method cursor of sqlite3.Connection object at 0x7f59d1cbca90>)
2025-12-20 08:44:17,742 [   DEBUG] aiosqlite - operation functools.partial(<built-in method cursor of sqlite3.Connection object at 0x7f59d1cbca90>) completed
2025-12-20 08:44:17,742 [   DEBUG] aiosqlite - executing functools.partial(<built-in method execute of sqlite3.Cursor object at 0x7f59d1ca65c0>, 'PRAGMA main.table_info("artifacts")', ())
2025-12-20 08:44:17,742 [   DEBUG] aiosqlite - operation functools.partial(<built-in method execute of sqlite3.Cursor object at 0x7f59d1ca65c0>, 'PRAGMA main.table_info("artifacts")', ()) completed
2025-12-20 08:44:17,742 [   DEBUG] aiosqlite - executing functools.partial(<built-in method fetchall of sqlite3.Cursor object at 0x7f59d1ca65c0>)
2025-12-20 08:44:17,743 [   DEBUG] aiosqlite - operation functools.partial(<built-in method fetchall of sqlite3.Cursor object at 0x7f59d1ca65c0>) completed
2025-12-20 08:44:17,743 [   DEBUG] aiosqlite - executing functools.partial(<built-in method close of sqlite3.Cursor object at 0x7f59d1ca65c0>)
2025-12-20 08:44:17,743 [   DEBUG] aiosqlite - operation functools.partial(<built-in method close of sqlite3.Cursor object at 0x7f59d1ca65c0>) completed
2025-12-20 08:44:17,743 [   DEBUG] aiosqlite - executing functools.partial(<built-in method cursor of sqlite3.Connection object at 0x7f59d1cbca90>)
2025-12-20 08:44:17,743 [   DEBUG] aiosqlite - operation functools.partial(<built-in method cursor of sqlite3.Connection object at 0x7f59d1cbca90>) completed
2025-12-20 08:44:17,743 [   DEBUG] aiosqlite - executing functools.partial(<built-in method execute of sqlite3.Cursor object at 0x7f59d1ca6640>, 'PRAGMA temp.table_info("artifacts")', ())
2025-12-20 08:44:17,743 [   DEBUG] aiosqlite - operation functools.partial(<built-in method execute of sqlite3.Cursor object at 0x7f59d1ca6640>, 'PRAGMA temp.table_info("artifacts")', ()) completed
2025-12-20 08:44:17,743 [   DEBUG] aiosqlite - executing functools.partial(<built-in method fetchall of sqlite3.Cursor object at 0x7f59d1ca6640>)
2025-12-20 08:44:17,743 [   DEBUG] aiosqlite - operation functools.partial(<built-in method fetchall of sqlite3.Cursor object at 0x7f59d1ca6640>) completed
2025-12-20 08:44:17,743 [   DEBUG] aiosqlite - executing functools.partial(<built-in method close of sqlite3.Cursor object at 0x7f59d1ca6640>)
2025-12-20 08:44:17,743 [   DEBUG] aiosqlite - operation functools.partial(<built-in method close of sqlite3.Cursor object at 0x7f59d1ca6640>) completed
2025-12-20 08:44:17,743 [   DEBUG] aiosqlite - executing functools.partial(<built-in method cursor of sqlite3.Connection object at 0x7f59d1cbca90>)
2025-12-20 08:44:17,743 [   DEBUG] aiosqlite - operation functools.partial(<built-in method cursor of sqlite3.Connection object at 0x7f59d1cbca90>) completed
2025-12-20 08:44:17,743 [   DEBUG] aiosqlite - executing functools.partial(<built-in method execute of sqlite3.Cursor object at 0x7f59d1ca67c0>, 'PRAGMA main.table_info("agent_definitions")', ())
2025-12-20 08:44:17,744 [   DEBUG] aiosqlite - operation functools.partial(<built-in method execute of sqlite3.Cursor object at 0x7f59d1ca67c0>, 'PRAGMA main.table_info("agent_definitions")', ()) completed
2025-12-20 08:44:17,744 [   DEBUG] aiosqlite - executing functools.partial(<built-in method fetchall of sqlite3.Cursor object at 0x7f59d1ca67c0>)
2025-12-20 08:44:17,744 [   DEBUG] aiosqlite - operation functools.partial(<built-in method fetchall of sqlite3.Cursor object at 0x7f59d1ca67c0>) completed
2025-12-20 08:44:17,744 [   DEBUG] aiosqlite - executing functools.partial(<built-in method close of sqlite3.Cursor object at 0x7f59d1ca67c0>)
2025-12-20 08:44:17,744 [   DEBUG] aiosqlite - operation functools.partial(<built-in method close of sqlite3.Cursor object at 0x7f59d1ca67c0>) completed
2025-12-20 08:44:17,744 [   DEBUG] aiosqlite - executing functools.partial(<built-in method cursor of sqlite3.Connection object at 0x7f59d1cbca90>)
2025-12-20 08:44:17,744 [   DEBUG] aiosqlite - operation functools.partial(<built-in method cursor of sqlite3.Connection object at 0x7f59d1cbca90>) completed
2025-12-20 08:44:17,744 [   DEBUG] aiosqlite - executing functools.partial(<built-in method execute of sqlite3.Cursor object at 0x7f59d1ca68c0>, 'PRAGMA temp.table_info("agent_definitions")', ())
2025-12-20 08:44:17,744 [   DEBUG] aiosqlite - operation functools.partial(<built-in method execute of sqlite3.Cursor object at 0x7f59d1ca68c0>, 'PRAGMA temp.table_info("agent_definitions")', ()) completed
2025-12-20 08:44:17,744 [   DEBUG] aiosqlite - executing functools.partial(<built-in method fetchall of sqlite3.Cursor object at 0x7f59d1ca68c0>)
2025-12-20 08:44:17,744 [   DEBUG] aiosqlite - operation functools.partial(<built-in method fetchall of sqlite3.Cursor object at 0x7f59d1ca68c0>) completed
2025-12-20 08:44:17,744 [   DEBUG] aiosqlite - executing functools.partial(<built-in method close of sqlite3.Cursor object at 0x7f59d1ca68c0>)
2025-12-20 08:44:17,744 [   DEBUG] aiosqlite - operation functools.partial(<built-in method close of sqlite3.Cursor object at 0x7f59d1ca68c0>) completed
2025-12-20 08:44:17,745 [   DEBUG] aiosqlite - executing functools.partial(<built-in method cursor of sqlite3.Connection object at 0x7f59d1cbca90>)
2025-12-20 08:44:17,745 [   DEBUG] aiosqlite - operation functools.partial(<built-in method cursor of sqlite3.Connection object at 0x7f59d1cbca90>) completed
2025-12-20 08:44:17,745 [   DEBUG] aiosqlite - executing functools.partial(<built-in method execute of sqlite3.Cursor object at 0x7f59d1ca6740>, 'PRAGMA main.table_info("agent_instances")', ())
2025-12-20 08:44:17,745 [   DEBUG] aiosqlite - operation functools.partial(<built-in method execute of sqlite3.Cursor object at 0x7f59d1ca6740>, 'PRAGMA main.table_info("agent_instances")', ()) completed
2025-12-20 08:44:17,745 [   DEBUG] aiosqlite - executing functools.partial(<built-in method fetchall of sqlite3.Cursor object at 0x7f59d1ca6740>)
2025-12-20 08:44:17,745 [   DEBUG] aiosqlite - operation functools.partial(<built-in method fetchall of sqlite3.Cursor object at 0x7f59d1ca6740>) completed
2025-12-20 08:44:17,745 [   DEBUG] aiosqlite - executing functools.partial(<built-in method close of sqlite3.Cursor object at 0x7f59d1ca6740>)
2025-12-20 08:44:17,745 [   DEBUG] aiosqlite - operation functools.partial(<built-in method close of sqlite3.Cursor object at 0x7f59d1ca6740>) completed
2025-12-20 08:44:17,745 [   DEBUG] aiosqlite - executing functools.partial(<built-in method cursor of sqlite3.Connection object at 0x7f59d1cbca90>)
2025-12-20 08:44:17,745 [   DEBUG] aiosqlite - operation functools.partial(<built-in method cursor of sqlite3.Connection object at 0x7f59d1cbca90>) completed
2025-12-20 08:44:17,745 [   DEBUG] aiosqlite - executing functools.partial(<built-in method execute of sqlite3.Cursor object at 0x7f59d1ca6a40>, 'PRAGMA temp.table_info("agent_instances")', ())
2025-12-20 08:44:17,745 [   DEBUG] aiosqlite - operation functools.partial(<built-in method execute of sqlite3.Cursor object at 0x7f59d1ca6a40>, 'PRAGMA temp.table_info("agent_instances")', ()) completed
2025-12-20 08:44:17,745 [   DEBUG] aiosqlite - executing functools.partial(<built-in method fetchall of sqlite3.Cursor object at 0x7f59d1ca6a40>)
2025-12-20 08:44:17,746 [   DEBUG] aiosqlite - operation functools.partial(<built-in method fetchall of sqlite3.Cursor object at 0x7f59d1ca6a40>) completed
2025-12-20 08:44:17,746 [   DEBUG] aiosqlite - executing functools.partial(<built-in method close of sqlite3.Cursor object at 0x7f59d1ca6a40>)
2025-12-20 08:44:17,746 [   DEBUG] aiosqlite - operation functools.partial(<built-in method close of sqlite3.Cursor object at 0x7f59d1ca6a40>) completed
2025-12-20 08:44:17,746 [   DEBUG] aiosqlite - executing functools.partial(<built-in method cursor of sqlite3.Connection object at 0x7f59d1cbca90>)
2025-12-20 08:44:17,746 [   DEBUG] aiosqlite - operation functools.partial(<built-in method cursor of sqlite3.Connection object at 0x7f59d1cbca90>) completed
2025-12-20 08:44:17,746 [   DEBUG] aiosqlite - executing functools.partial(<built-in method execute of sqlite3.Cursor object at 0x7f59d1ca6ac0>, 'PRAGMA main.table_info("agent_contexts")', ())
2025-12-20 08:44:17,746 [   DEBUG] aiosqlite - operation functools.partial(<built-in method execute of sqlite3.Cursor object at 0x7f59d1ca6ac0>, 'PRAGMA main.table_info("agent_contexts")', ()) completed
2025-12-20 08:44:17,746 [   DEBUG] aiosqlite - executing functools.partial(<built-in method fetchall of sqlite3.Cursor object at 0x7f59d1ca6ac0>)
2025-12-20 08:44:17,746 [   DEBUG] aiosqlite - operation functools.partial(<built-in method fetchall of sqlite3.Cursor object at 0x7f59d1ca6ac0>) completed
2025-12-20 08:44:17,746 [   DEBUG] aiosqlite - executing functools.partial(<built-in method close of sqlite3.Cursor object at 0x7f59d1ca6ac0>)
2025-12-20 08:44:17,746 [   DEBUG] aiosqlite - operation functools.partial(<built-in method close of sqlite3.Cursor object at 0x7f59d1ca6ac0>) completed
2025-12-20 08:44:17,746 [   DEBUG] aiosqlite - executing functools.partial(<built-in method cursor of sqlite3.Connection object at 0x7f59d1cbca90>)
2025-12-20 08:44:17,746 [   DEBUG] aiosqlite - operation functools.partial(<built-in method cursor of sqlite3.Connection object at 0x7f59d1cbca90>) completed
2025-12-20 08:44:17,747 [   DEBUG] aiosqlite - executing functools.partial(<built-in method execute of sqlite3.Cursor object at 0x7f59d1ca6bc0>, 'PRAGMA temp.table_info("agent_contexts")', ())
2025-12-20 08:44:17,747 [   DEBUG] aiosqlite - operation functools.partial(<built-in method execute of sqlite3.Cursor object at 0x7f59d1ca6bc0>, 'PRAGMA temp.table_info("agent_contexts")', ()) completed
2025-12-20 08:44:17,747 [   DEBUG] aiosqlite - executing functools.partial(<built-in method fetchall of sqlite3.Cursor object at 0x7f59d1ca6bc0>)
2025-12-20 08:44:17,747 [   DEBUG] aiosqlite - operation functools.partial(<built-in method fetchall of sqlite3.Cursor object at 0x7f59d1ca6bc0>) completed
2025-12-20 08:44:17,747 [   DEBUG] aiosqlite - executing functools.partial(<built-in method close of sqlite3.Cursor object at 0x7f59d1ca6bc0>)
2025-12-20 08:44:17,747 [   DEBUG] aiosqlite - operation functools.partial(<built-in method close of sqlite3.Cursor object at 0x7f59d1ca6bc0>) completed
2025-12-20 08:44:17,747 [   DEBUG] aiosqlite - executing functools.partial(<built-in method cursor of sqlite3.Connection object at 0x7f59d1cbca90>)
2025-12-20 08:44:17,747 [   DEBUG] aiosqlite - operation functools.partial(<built-in method cursor of sqlite3.Connection object at 0x7f59d1cbca90>) completed
2025-12-20 08:44:17,747 [   DEBUG] aiosqlite - executing functools.partial(<built-in method execute of sqlite3.Cursor object at 0x7f59d1ca6c40>, 'PRAGMA main.table_info("agent_context_versions")', ())
2025-12-20 08:44:17,747 [   DEBUG] aiosqlite - operation functools.partial(<built-in method execute of sqlite3.Cursor object at 0x7f59d1ca6c40>, 'PRAGMA main.table_info("agent_context_versions")', ()) completed
2025-12-20 08:44:17,747 [   DEBUG] aiosqlite - executing functools.partial(<built-in method fetchall of sqlite3.Cursor object at 0x7f59d1ca6c40>)
2025-12-20 08:44:17,747 [   DEBUG] aiosqlite - operation functools.partial(<built-in method fetchall of sqlite3.Cursor object at 0x7f59d1ca6c40>) completed
2025-12-20 08:44:17,747 [   DEBUG] aiosqlite - executing functools.partial(<built-in method close of sqlite3.Cursor object at 0x7f59d1ca6c40>)
2025-12-20 08:44:17,747 [   DEBUG] aiosqlite - operation functools.partial(<built-in method close of sqlite3.Cursor object at 0x7f59d1ca6c40>) completed
2025-12-20 08:44:17,748 [   DEBUG] aiosqlite - executing functools.partial(<built-in method cursor of sqlite3.Connection object at 0x7f59d1cbca90>)
2025-12-20 08:44:17,748 [   DEBUG] aiosqlite - operation functools.partial(<built-in method cursor of sqlite3.Connection object at 0x7f59d1cbca90>) completed
2025-12-20 08:44:17,748 [   DEBUG] aiosqlite - executing functools.partial(<built-in method execute of sqlite3.Cursor object at 0x7f59d1ca6d40>, 'PRAGMA temp.table_info("agent_context_versions")', ())
2025-12-20 08:44:17,748 [   DEBUG] aiosqlite - operation functools.partial(<built-in method execute of sqlite3.Cursor object at 0x7f59d1ca6d40>, 'PRAGMA temp.table_info("agent_context_versions")', ()) completed
2025-12-20 08:44:17,748 [   DEBUG] aiosqlite - executing functools.partial(<built-in method fetchall of sqlite3.Cursor object at 0x7f59d1ca6d40>)
2025-12-20 08:44:17,748 [   DEBUG] aiosqlite - operation functools.partial(<built-in method fetchall of sqlite3.Cursor object at 0x7f59d1ca6d40>) completed
2025-12-20 08:44:17,748 [   DEBUG] aiosqlite - executing functools.partial(<built-in method close of sqlite3.Cursor object at 0x7f59d1ca6d40>)
2025-12-20 08:44:17,748 [   DEBUG] aiosqlite - operation functools.partial(<built-in method close of sqlite3.Cursor object at 0x7f59d1ca6d40>) completed
2025-12-20 08:44:17,748 [   DEBUG] aiosqlite - executing functools.partial(<built-in method cursor of sqlite3.Connection object at 0x7f59d1cbca90>)
2025-12-20 08:44:17,748 [   DEBUG] aiosqlite - operation functools.partial(<built-in method cursor of sqlite3.Connection object at 0x7f59d1cbca90>) completed
2025-12-20 08:44:17,748 [   DEBUG] aiosqlite - executing functools.partial(<built-in method execute of sqlite3.Cursor object at 0x7f59d1ca6dc0>, 'PRAGMA main.table_info("agent_messages")', ())
2025-12-20 08:44:17,748 [   DEBUG] aiosqlite - operation functools.partial(<built-in method execute of sqlite3.Cursor object at 0x7f59d1ca6dc0>, 'PRAGMA main.table_info("agent_messages")', ()) completed
2025-12-20 08:44:17,749 [   DEBUG] aiosqlite - executing functools.partial(<built-in method fetchall of sqlite3.Cursor object at 0x7f59d1ca6dc0>)
2025-12-20 08:44:17,749 [   DEBUG] aiosqlite - operation functools.partial(<built-in method fetchall of sqlite3.Cursor object at 0x7f59d1ca6dc0>) completed
2025-12-20 08:44:17,749 [   DEBUG] aiosqlite - executing functools.partial(<built-in method close of sqlite3.Cursor object at 0x7f59d1ca6dc0>)
2025-12-20 08:44:17,749 [   DEBUG] aiosqlite - operation functools.partial(<built-in method close of sqlite3.Cursor object at 0x7f59d1ca6dc0>) completed
2025-12-20 08:44:17,749 [   DEBUG] aiosqlite - executing functools.partial(<built-in method cursor of sqlite3.Connection object at 0x7f59d1cbca90>)
2025-12-20 08:44:17,749 [   DEBUG] aiosqlite - operation functools.partial(<built-in method cursor of sqlite3.Connection object at 0x7f59d1cbca90>) completed
2025-12-20 08:44:17,749 [   DEBUG] aiosqlite - executing functools.partial(<built-in method execute of sqlite3.Cursor object at 0x7f59d1ca6ec0>, 'PRAGMA temp.table_info("agent_messages")', ())
2025-12-20 08:44:17,749 [   DEBUG] aiosqlite - operation functools.partial(<built-in method execute of sqlite3.Cursor object at 0x7f59d1ca6ec0>, 'PRAGMA temp.table_info("agent_messages")', ()) completed
2025-12-20 08:44:17,749 [   DEBUG] aiosqlite - executing functools.partial(<built-in method fetchall of sqlite3.Cursor object at 0x7f59d1ca6ec0>)
2025-12-20 08:44:17,749 [   DEBUG] aiosqlite - operation functools.partial(<built-in method fetchall of sqlite3.Cursor object at 0x7f59d1ca6ec0>) completed
2025-12-20 08:44:17,749 [   DEBUG] aiosqlite - executing functools.partial(<built-in method close of sqlite3.Cursor object at 0x7f59d1ca6ec0>)
2025-12-20 08:44:17,749 [   DEBUG] aiosqlite - operation functools.partial(<built-in method close of sqlite3.Cursor object at 0x7f59d1ca6ec0>) completed
2025-12-20 08:44:17,749 [   DEBUG] aiosqlite - executing functools.partial(<built-in method cursor of sqlite3.Connection object at 0x7f59d1cbca90>)
2025-12-20 08:44:17,750 [   DEBUG] aiosqlite - operation functools.partial(<built-in method cursor of sqlite3.Connection object at 0x7f59d1cbca90>) completed
2025-12-20 08:44:17,750 [   DEBUG] aiosqlite - executing functools.partial(<built-in method execute of sqlite3.Cursor object at 0x7f59d1ca6f40>, 'PRAGMA main.table_info("workflow_definitions")', ())
2025-12-20 08:44:17,750 [   DEBUG] aiosqlite - operation functools.partial(<built-in method execute of sqlite3.Cursor object at 0x7f59d1ca6f40>, 'PRAGMA main.table_info("workflow_definitions")', ()) completed
2025-12-20 08:44:17,750 [   DEBUG] aiosqlite - executing functools.partial(<built-in method fetchall of sqlite3.Cursor object at 0x7f59d1ca6f40>)
2025-12-20 08:44:17,750 [   DEBUG] aiosqlite - operation functools.partial(<built-in method fetchall of sqlite3.Cursor object at 0x7f59d1ca6f40>) completed
2025-12-20 08:44:17,750 [   DEBUG] aiosqlite - executing functools.partial(<built-in method close of sqlite3.Cursor object at 0x7f59d1ca6f40>)
2025-12-20 08:44:17,750 [   DEBUG] aiosqlite - operation functools.partial(<built-in method close of sqlite3.Cursor object at 0x7f59d1ca6f40>) completed
2025-12-20 08:44:17,750 [   DEBUG] aiosqlite - executing functools.partial(<built-in method cursor of sqlite3.Connection object at 0x7f59d1cbca90>)
2025-12-20 08:44:17,750 [   DEBUG] aiosqlite - operation functools.partial(<built-in method cursor of sqlite3.Connection object at 0x7f59d1cbca90>) completed
2025-12-20 08:44:17,750 [   DEBUG] aiosqlite - executing functools.partial(<built-in method execute of sqlite3.Cursor object at 0x7f59d1ca7040>, 'PRAGMA temp.table_info("workflow_definitions")', ())
2025-12-20 08:44:17,750 [   DEBUG] aiosqlite - operation functools.partial(<built-in method execute of sqlite3.Cursor object at 0x7f59d1ca7040>, 'PRAGMA temp.table_info("workflow_definitions")', ()) completed
2025-12-20 08:44:17,750 [   DEBUG] aiosqlite - executing functools.partial(<built-in method fetchall of sqlite3.Cursor object at 0x7f59d1ca7040>)
2025-12-20 08:44:17,751 [   DEBUG] aiosqlite - operation functools.partial(<built-in method fetchall of sqlite3.Cursor object at 0x7f59d1ca7040>) completed
2025-12-20 08:44:17,751 [   DEBUG] aiosqlite - executing functools.partial(<built-in method close of sqlite3.Cursor object at 0x7f59d1ca7040>)
2025-12-20 08:44:17,751 [   DEBUG] aiosqlite - operation functools.partial(<built-in method close of sqlite3.Cursor object at 0x7f59d1ca7040>) completed
2025-12-20 08:44:17,751 [   DEBUG] aiosqlite - executing functools.partial(<built-in method cursor of sqlite3.Connection object at 0x7f59d1cbca90>)
2025-12-20 08:44:17,751 [   DEBUG] aiosqlite - operation functools.partial(<built-in method cursor of sqlite3.Connection object at 0x7f59d1cbca90>) completed
2025-12-20 08:44:17,751 [   DEBUG] aiosqlite - executing functools.partial(<built-in method execute of sqlite3.Cursor object at 0x7f59d1ca70c0>, 'PRAGMA main.table_info("workflow_steps")', ())
2025-12-20 08:44:17,751 [   DEBUG] aiosqlite - operation functools.partial(<built-in method execute of sqlite3.Cursor object at 0x7f59d1ca70c0>, 'PRAGMA main.table_info("workflow_steps")', ()) completed
2025-12-20 08:44:17,751 [   DEBUG] aiosqlite - executing functools.partial(<built-in method fetchall of sqlite3.Cursor object at 0x7f59d1ca70c0>)
2025-12-20 08:44:17,751 [   DEBUG] aiosqlite - operation functools.partial(<built-in method fetchall of sqlite3.Cursor object at 0x7f59d1ca70c0>) completed
2025-12-20 08:44:17,751 [   DEBUG] aiosqlite - executing functools.partial(<built-in method close of sqlite3.Cursor object at 0x7f59d1ca70c0>)
2025-12-20 08:44:17,751 [   DEBUG] aiosqlite - operation functools.partial(<built-in method close of sqlite3.Cursor object at 0x7f59d1ca70c0>) completed
2025-12-20 08:44:17,751 [   DEBUG] aiosqlite - executing functools.partial(<built-in method cursor of sqlite3.Connection object at 0x7f59d1cbca90>)
2025-12-20 08:44:17,751 [   DEBUG] aiosqlite - operation functools.partial(<built-in method cursor of sqlite3.Connection object at 0x7f59d1cbca90>) completed
2025-12-20 08:44:17,752 [   DEBUG] aiosqlite - executing functools.partial(<built-in method execute of sqlite3.Cursor object at 0x7f59d1ca71c0>, 'PRAGMA temp.table_info("workflow_steps")', ())
2025-12-20 08:44:17,752 [   DEBUG] aiosqlite - operation functools.partial(<built-in method execute of sqlite3.Cursor object at 0x7f59d1ca71c0>, 'PRAGMA temp.table_info("workflow_steps")', ()) completed
2025-12-20 08:44:17,752 [   DEBUG] aiosqlite - executing functools.partial(<built-in method fetchall of sqlite3.Cursor object at 0x7f59d1ca71c0>)
2025-12-20 08:44:17,752 [   DEBUG] aiosqlite - operation functools.partial(<built-in method fetchall of sqlite3.Cursor object at 0x7f59d1ca71c0>) completed
2025-12-20 08:44:17,752 [   DEBUG] aiosqlite - executing functools.partial(<built-in method close of sqlite3.Cursor object at 0x7f59d1ca71c0>)
2025-12-20 08:44:17,752 [   DEBUG] aiosqlite - operation functools.partial(<built-in method close of sqlite3.Cursor object at 0x7f59d1ca71c0>) completed
2025-12-20 08:44:17,752 [   DEBUG] aiosqlite - executing functools.partial(<built-in method cursor of sqlite3.Connection object at 0x7f59d1cbca90>)
2025-12-20 08:44:17,752 [   DEBUG] aiosqlite - operation functools.partial(<built-in method cursor of sqlite3.Connection object at 0x7f59d1cbca90>) completed
2025-12-20 08:44:17,752 [   DEBUG] aiosqlite - executing functools.partial(<built-in method execute of sqlite3.Cursor object at 0x7f59d1ca7240>, 'PRAGMA main.table_info("workflow_variables")', ())
2025-12-20 08:44:17,752 [   DEBUG] aiosqlite - operation functools.partial(<built-in method execute of sqlite3.Cursor object at 0x7f59d1ca7240>, 'PRAGMA main.table_info("workflow_variables")', ()) completed
2025-12-20 08:44:17,752 [   DEBUG] aiosqlite - executing functools.partial(<built-in method fetchall of sqlite3.Cursor object at 0x7f59d1ca7240>)
2025-12-20 08:44:17,752 [   DEBUG] aiosqlite - operation functools.partial(<built-in method fetchall of sqlite3.Cursor object at 0x7f59d1ca7240>) completed
2025-12-20 08:44:17,753 [   DEBUG] aiosqlite - executing functools.partial(<built-in method close of sqlite3.Cursor object at 0x7f59d1ca7240>)
2025-12-20 08:44:17,753 [   DEBUG] aiosqlite - operation functools.partial(<built-in method close of sqlite3.Cursor object at 0x7f59d1ca7240>) completed
2025-12-20 08:44:17,753 [   DEBUG] aiosqlite - executing functools.partial(<built-in method cursor of sqlite3.Connection object at 0x7f59d1cbca90>)
2025-12-20 08:44:17,753 [   DEBUG] aiosqlite - operation functools.partial(<built-in method cursor of sqlite3.Connection object at 0x7f59d1cbca90>) completed
2025-12-20 08:44:17,753 [   DEBUG] aiosqlite - executing functools.partial(<built-in method execute of sqlite3.Cursor object at 0x7f59d1ca7340>, 'PRAGMA temp.table_info("workflow_variables")', ())
2025-12-20 08:44:17,753 [   DEBUG] aiosqlite - operation functools.partial(<built-in method execute of sqlite3.Cursor object at 0x7f59d1ca7340>, 'PRAGMA temp.table_info("workflow_variables")', ()) completed
2025-12-20 08:44:17,753 [   DEBUG] aiosqlite - executing functools.partial(<built-in method fetchall of sqlite3.Cursor object at 0x7f59d1ca7340>)
2025-12-20 08:44:17,753 [   DEBUG] aiosqlite - operation functools.partial(<built-in method fetchall of sqlite3.Cursor object at 0x7f59d1ca7340>) completed
2025-12-20 08:44:17,753 [   DEBUG] aiosqlite - executing functools.partial(<built-in method close of sqlite3.Cursor object at 0x7f59d1ca7340>)
2025-12-20 08:44:17,753 [   DEBUG] aiosqlite - operation functools.partial(<built-in method close of sqlite3.Cursor object at 0x7f59d1ca7340>) completed
2025-12-20 08:44:17,753 [   DEBUG] aiosqlite - executing functools.partial(<built-in method cursor of sqlite3.Connection object at 0x7f59d1cbca90>)
2025-12-20 08:44:17,753 [   DEBUG] aiosqlite - operation functools.partial(<built-in method cursor of sqlite3.Connection object at 0x7f59d1cbca90>) completed
2025-12-20 08:44:17,753 [   DEBUG] aiosqlite - executing functools.partial(<built-in method execute of sqlite3.Cursor object at 0x7f59d1ca73c0>, 'PRAGMA main.table_info("workflow_executions")', ())
2025-12-20 08:44:17,754 [   DEBUG] aiosqlite - operation functools.partial(<built-in method execute of sqlite3.Cursor object at 0x7f59d1ca73c0>, 'PRAGMA main.table_info("workflow_executions")', ()) completed
2025-12-20 08:44:17,754 [   DEBUG] aiosqlite - executing functools.partial(<built-in method fetchall of sqlite3.Cursor object at 0x7f59d1ca73c0>)
2025-12-20 08:44:17,754 [   DEBUG] aiosqlite - operation functools.partial(<built-in method fetchall of sqlite3.Cursor object at 0x7f59d1ca73c0>) completed
2025-12-20 08:44:17,754 [   DEBUG] aiosqlite - executing functools.partial(<built-in method close of sqlite3.Cursor object at 0x7f59d1ca73c0>)
2025-12-20 08:44:17,754 [   DEBUG] aiosqlite - operation functools.partial(<built-in method close of sqlite3.Cursor object at 0x7f59d1ca73c0>) completed
2025-12-20 08:44:17,754 [   DEBUG] aiosqlite - executing functools.partial(<built-in method cursor of sqlite3.Connection object at 0x7f59d1cbca90>)
2025-12-20 08:44:17,754 [   DEBUG] aiosqlite - operation functools.partial(<built-in method cursor of sqlite3.Connection object at 0x7f59d1cbca90>) completed
2025-12-20 08:44:17,754 [   DEBUG] aiosqlite - executing functools.partial(<built-in method execute of sqlite3.Cursor object at 0x7f59d1ca74c0>, 'PRAGMA temp.table_info("workflow_executions")', ())
2025-12-20 08:44:17,754 [   DEBUG] aiosqlite - operation functools.partial(<built-in method execute of sqlite3.Cursor object at 0x7f59d1ca74c0>, 'PRAGMA temp.table_info("workflow_executions")', ()) completed
2025-12-20 08:44:17,754 [   DEBUG] aiosqlite - executing functools.partial(<built-in method fetchall of sqlite3.Cursor object at 0x7f59d1ca74c0>)
2025-12-20 08:44:17,754 [   DEBUG] aiosqlite - operation functools.partial(<built-in method fetchall of sqlite3.Cursor object at 0x7f59d1ca74c0>) completed
2025-12-20 08:44:17,754 [   DEBUG] aiosqlite - executing functools.partial(<built-in method close of sqlite3.Cursor object at 0x7f59d1ca74c0>)
2025-12-20 08:44:17,754 [   DEBUG] aiosqlite - operation functools.partial(<built-in method close of sqlite3.Cursor object at 0x7f59d1ca74c0>) completed
2025-12-20 08:44:17,755 [   DEBUG] aiosqlite - executing functools.partial(<built-in method cursor of sqlite3.Connection object at 0x7f59d1cbca90>)
2025-12-20 08:44:17,755 [   DEBUG] aiosqlite - operation functools.partial(<built-in method cursor of sqlite3.Connection object at 0x7f59d1cbca90>) completed
2025-12-20 08:44:17,755 [   DEBUG] aiosqlite - executing functools.partial(<built-in method execute of sqlite3.Cursor object at 0x7f59d1ca7540>, 'PRAGMA main.table_info("workflow_step_executions")', ())
2025-12-20 08:44:17,755 [   DEBUG] aiosqlite - operation functools.partial(<built-in method execute of sqlite3.Cursor object at 0x7f59d1ca7540>, 'PRAGMA main.table_info("workflow_step_executions")', ()) completed
2025-12-20 08:44:17,755 [   DEBUG] aiosqlite - executing functools.partial(<built-in method fetchall of sqlite3.Cursor object at 0x7f59d1ca7540>)
2025-12-20 08:44:17,755 [   DEBUG] aiosqlite - operation functools.partial(<built-in method fetchall of sqlite3.Cursor object at 0x7f59d1ca7540>) completed
2025-12-20 08:44:17,755 [   DEBUG] aiosqlite - executing functools.partial(<built-in method close of sqlite3.Cursor object at 0x7f59d1ca7540>)
2025-12-20 08:44:17,755 [   DEBUG] aiosqlite - operation functools.partial(<built-in method close of sqlite3.Cursor object at 0x7f59d1ca7540>) completed
2025-12-20 08:44:17,755 [   DEBUG] aiosqlite - executing functools.partial(<built-in method cursor of sqlite3.Connection object at 0x7f59d1cbca90>)
2025-12-20 08:44:17,755 [   DEBUG] aiosqlite - operation functools.partial(<built-in method cursor of sqlite3.Connection object at 0x7f59d1cbca90>) completed
2025-12-20 08:44:17,755 [   DEBUG] aiosqlite - executing functools.partial(<built-in method execute of sqlite3.Cursor object at 0x7f59d1ca7640>, 'PRAGMA temp.table_info("workflow_step_executions")', ())
2025-12-20 08:44:17,756 [   DEBUG] aiosqlite - operation functools.partial(<built-in method execute of sqlite3.Cursor object at 0x7f59d1ca7640>, 'PRAGMA temp.table_info("workflow_step_executions")', ()) completed
2025-12-20 08:44:17,756 [   DEBUG] aiosqlite - executing functools.partial(<built-in method fetchall of sqlite3.Cursor object at 0x7f59d1ca7640>)
2025-12-20 08:44:17,756 [   DEBUG] aiosqlite - operation functools.partial(<built-in method fetchall of sqlite3.Cursor object at 0x7f59d1ca7640>) completed
2025-12-20 08:44:17,756 [   DEBUG] aiosqlite - executing functools.partial(<built-in method close of sqlite3.Cursor object at 0x7f59d1ca7640>)
2025-12-20 08:44:17,756 [   DEBUG] aiosqlite - operation functools.partial(<built-in method close of sqlite3.Cursor object at 0x7f59d1ca7640>) completed
2025-12-20 08:44:17,756 [   DEBUG] aiosqlite - executing functools.partial(<built-in method cursor of sqlite3.Connection object at 0x7f59d1cbca90>)
2025-12-20 08:44:17,756 [   DEBUG] aiosqlite - operation functools.partial(<built-in method cursor of sqlite3.Connection object at 0x7f59d1cbca90>) completed
2025-12-20 08:44:17,756 [   DEBUG] aiosqlite - executing functools.partial(<built-in method execute of sqlite3.Cursor object at 0x7f59d1ca6840>, 'PRAGMA main.table_info("sandbox_executions")', ())
2025-12-20 08:44:17,756 [   DEBUG] aiosqlite - operation functools.partial(<built-in method execute of sqlite3.Cursor object at 0x7f59d1ca6840>, 'PRAGMA main.table_info("sandbox_executions")', ()) completed
2025-12-20 08:44:17,756 [   DEBUG] aiosqlite - executing functools.partial(<built-in method fetchall of sqlite3.Cursor object at 0x7f59d1ca6840>)
2025-12-20 08:44:17,756 [   DEBUG] aiosqlite - operation functools.partial(<built-in method fetchall of sqlite3.Cursor object at 0x7f59d1ca6840>) completed
2025-12-20 08:44:17,756 [   DEBUG] aiosqlite - executing functools.partial(<built-in method close of sqlite3.Cursor object at 0x7f59d1ca6840>)
2025-12-20 08:44:17,756 [   DEBUG] aiosqlite - operation functools.partial(<built-in method close of sqlite3.Cursor object at 0x7f59d1ca6840>) completed
2025-12-20 08:44:17,757 [   DEBUG] aiosqlite - executing functools.partial(<built-in method cursor of sqlite3.Connection object at 0x7f59d1cbca90>)
2025-12-20 08:44:17,757 [   DEBUG] aiosqlite - operation functools.partial(<built-in method cursor of sqlite3.Connection object at 0x7f59d1cbca90>) completed
2025-12-20 08:44:17,757 [   DEBUG] aiosqlite - executing functools.partial(<built-in method execute of sqlite3.Cursor object at 0x7f59d1ca7740>, 'PRAGMA temp.table_info("sandbox_executions")', ())
2025-12-20 08:44:17,757 [   DEBUG] aiosqlite - operation functools.partial(<built-in method execute of sqlite3.Cursor object at 0x7f59d1ca7740>, 'PRAGMA temp.table_info("sandbox_executions")', ()) completed
2025-12-20 08:44:17,757 [   DEBUG] aiosqlite - executing functools.partial(<built-in method fetchall of sqlite3.Cursor object at 0x7f59d1ca7740>)
2025-12-20 08:44:17,757 [   DEBUG] aiosqlite - operation functools.partial(<built-in method fetchall of sqlite3.Cursor object at 0x7f59d1ca7740>) completed
2025-12-20 08:44:17,757 [   DEBUG] aiosqlite - executing functools.partial(<built-in method close of sqlite3.Cursor object at 0x7f59d1ca7740>)
2025-12-20 08:44:17,757 [   DEBUG] aiosqlite - operation functools.partial(<built-in method close of sqlite3.Cursor object at 0x7f59d1ca7740>) completed
2025-12-20 08:44:17,757 [   DEBUG] aiosqlite - executing functools.partial(<built-in method cursor of sqlite3.Connection object at 0x7f59d1cbca90>)
2025-12-20 08:44:17,757 [   DEBUG] aiosqlite - operation functools.partial(<built-in method cursor of sqlite3.Connection object at 0x7f59d1cbca90>) completed
2025-12-20 08:44:17,757 [   DEBUG] aiosqlite - executing functools.partial(<built-in method execute of sqlite3.Cursor object at 0x7f59d1ca77c0>, 'PRAGMA main.table_info("quality_gates")', ())
2025-12-20 08:44:17,757 [   DEBUG] aiosqlite - operation functools.partial(<built-in method execute of sqlite3.Cursor object at 0x7f59d1ca77c0>, 'PRAGMA main.table_info("quality_gates")', ()) completed
2025-12-20 08:44:17,758 [   DEBUG] aiosqlite - executing functools.partial(<built-in method fetchall of sqlite3.Cursor object at 0x7f59d1ca77c0>)
2025-12-20 08:44:17,758 [   DEBUG] aiosqlite - operation functools.partial(<built-in method fetchall of sqlite3.Cursor object at 0x7f59d1ca77c0>) completed
2025-12-20 08:44:17,758 [   DEBUG] aiosqlite - executing functools.partial(<built-in method close of sqlite3.Cursor object at 0x7f59d1ca77c0>)
2025-12-20 08:44:17,758 [   DEBUG] aiosqlite - operation functools.partial(<built-in method close of sqlite3.Cursor object at 0x7f59d1ca77c0>) completed
2025-12-20 08:44:17,758 [   DEBUG] aiosqlite - executing functools.partial(<built-in method cursor of sqlite3.Connection object at 0x7f59d1cbca90>)
2025-12-20 08:44:17,758 [   DEBUG] aiosqlite - operation functools.partial(<built-in method cursor of sqlite3.Connection object at 0x7f59d1cbca90>) completed
2025-12-20 08:44:17,758 [   DEBUG] aiosqlite - executing functools.partial(<built-in method execute of sqlite3.Cursor object at 0x7f59d1ca78c0>, 'PRAGMA temp.table_info("quality_gates")', ())
2025-12-20 08:44:17,758 [   DEBUG] aiosqlite - operation functools.partial(<built-in method execute of sqlite3.Cursor object at 0x7f59d1ca78c0>, 'PRAGMA temp.table_info("quality_gates")', ()) completed
2025-12-20 08:44:17,758 [   DEBUG] aiosqlite - executing functools.partial(<built-in method fetchall of sqlite3.Cursor object at 0x7f59d1ca78c0>)
2025-12-20 08:44:17,758 [   DEBUG] aiosqlite - operation functools.partial(<built-in method fetchall of sqlite3.Cursor object at 0x7f59d1ca78c0>) completed
2025-12-20 08:44:17,758 [   DEBUG] aiosqlite - executing functools.partial(<built-in method close of sqlite3.Cursor object at 0x7f59d1ca78c0>)
2025-12-20 08:44:17,758 [   DEBUG] aiosqlite - operation functools.partial(<built-in method close of sqlite3.Cursor object at 0x7f59d1ca78c0>) completed
2025-12-20 08:44:17,759 [   DEBUG] aiosqlite - executing functools.partial(<built-in method cursor of sqlite3.Connection object at 0x7f59d1cbca90>)
2025-12-20 08:44:17,759 [   DEBUG] aiosqlite - operation functools.partial(<built-in method cursor of sqlite3.Connection object at 0x7f59d1cbca90>) completed
2025-12-20 08:44:17,759 [   DEBUG] aiosqlite - executing functools.partial(<built-in method execute of sqlite3.Cursor object at 0x7f59d1ca7940>, 'PRAGMA main.table_info("gate_executions")', ())
2025-12-20 08:44:17,759 [   DEBUG] aiosqlite - operation functools.partial(<built-in method execute of sqlite3.Cursor object at 0x7f59d1ca7940>, 'PRAGMA main.table_info("gate_executions")', ()) completed
2025-12-20 08:44:17,759 [   DEBUG] aiosqlite - executing functools.partial(<built-in method fetchall of sqlite3.Cursor object at 0x7f59d1ca7940>)
2025-12-20 08:44:17,759 [   DEBUG] aiosqlite - operation functools.partial(<built-in method fetchall of sqlite3.Cursor object at 0x7f59d1ca7940>) completed
2025-12-20 08:44:17,759 [   DEBUG] aiosqlite - executing functools.partial(<built-in method close of sqlite3.Cursor object at 0x7f59d1ca7940>)
2025-12-20 08:44:17,759 [   DEBUG] aiosqlite - operation functools.partial(<built-in method close of sqlite3.Cursor object at 0x7f59d1ca7940>) completed
2025-12-20 08:44:17,759 [   DEBUG] aiosqlite - executing functools.partial(<built-in method cursor of sqlite3.Connection object at 0x7f59d1cbca90>)
2025-12-20 08:44:17,759 [   DEBUG] aiosqlite - operation functools.partial(<built-in method cursor of sqlite3.Connection object at 0x7f59d1cbca90>) completed
2025-12-20 08:44:17,759 [   DEBUG] aiosqlite - executing functools.partial(<built-in method execute of sqlite3.Cursor object at 0x7f59d1ca7a40>, 'PRAGMA temp.table_info("gate_executions")', ())
2025-12-20 08:44:17,759 [   DEBUG] aiosqlite - operation functools.partial(<built-in method execute of sqlite3.Cursor object at 0x7f59d1ca7a40>, 'PRAGMA temp.table_info("gate_executions")', ()) completed
2025-12-20 08:44:17,759 [   DEBUG] aiosqlite - executing functools.partial(<built-in method fetchall of sqlite3.Cursor object at 0x7f59d1ca7a40>)
2025-12-20 08:44:17,759 [   DEBUG] aiosqlite - operation functools.partial(<built-in method fetchall of sqlite3.Cursor object at 0x7f59d1ca7a40>) completed
2025-12-20 08:44:17,760 [   DEBUG] aiosqlite - executing functools.partial(<built-in method close of sqlite3.Cursor object at 0x7f59d1ca7a40>)
2025-12-20 08:44:17,760 [   DEBUG] aiosqlite - operation functools.partial(<built-in method close of sqlite3.Cursor object at 0x7f59d1ca7a40>) completed
2025-12-20 08:44:17,760 [   DEBUG] aiosqlite - executing functools.partial(<built-in method cursor of sqlite3.Connection object at 0x7f59d1cbca90>)
2025-12-20 08:44:17,760 [   DEBUG] aiosqlite - operation functools.partial(<built-in method cursor of sqlite3.Connection object at 0x7f59d1cbca90>) completed
2025-12-20 08:44:17,760 [   DEBUG] aiosqlite - executing functools.partial(<built-in method execute of sqlite3.Cursor object at 0x7f59d1ca7ac0>, 'PRAGMA main.table_info("roles")', ())
2025-12-20 08:44:17,760 [   DEBUG] aiosqlite - operation functools.partial(<built-in method execute of sqlite3.Cursor object at 0x7f59d1ca7ac0>, 'PRAGMA main.table_info("roles")', ()) completed
2025-12-20 08:44:17,760 [   DEBUG] aiosqlite - executing functools.partial(<built-in method fetchall of sqlite3.Cursor object at 0x7f59d1ca7ac0>)
2025-12-20 08:44:17,760 [   DEBUG] aiosqlite - operation functools.partial(<built-in method fetchall of sqlite3.Cursor object at 0x7f59d1ca7ac0>) completed
2025-12-20 08:44:17,760 [   DEBUG] aiosqlite - executing functools.partial(<built-in method close of sqlite3.Cursor object at 0x7f59d1ca7ac0>)
2025-12-20 08:44:17,760 [   DEBUG] aiosqlite - operation functools.partial(<built-in method close of sqlite3.Cursor object at 0x7f59d1ca7ac0>) completed
2025-12-20 08:44:17,760 [   DEBUG] aiosqlite - executing functools.partial(<built-in method cursor of sqlite3.Connection object at 0x7f59d1cbca90>)
2025-12-20 08:44:17,760 [   DEBUG] aiosqlite - operation functools.partial(<built-in method cursor of sqlite3.Connection object at 0x7f59d1cbca90>) completed
2025-12-20 08:44:17,761 [   DEBUG] aiosqlite - executing functools.partial(<built-in method execute of sqlite3.Cursor object at 0x7f59d1ca7bc0>, 'PRAGMA temp.table_info("roles")', ())
2025-12-20 08:44:17,761 [   DEBUG] aiosqlite - operation functools.partial(<built-in method execute of sqlite3.Cursor object at 0x7f59d1ca7bc0>, 'PRAGMA temp.table_info("roles")', ()) completed
2025-12-20 08:44:17,761 [   DEBUG] aiosqlite - executing functools.partial(<built-in method fetchall of sqlite3.Cursor object at 0x7f59d1ca7bc0>)
2025-12-20 08:44:17,761 [   DEBUG] aiosqlite - operation functools.partial(<built-in method fetchall of sqlite3.Cursor object at 0x7f59d1ca7bc0>) completed
2025-12-20 08:44:17,762 [   DEBUG] aiosqlite - executing functools.partial(<built-in method close of sqlite3.Cursor object at 0x7f59d1ca7bc0>)
2025-12-20 08:44:17,762 [   DEBUG] aiosqlite - operation functools.partial(<built-in method close of sqlite3.Cursor object at 0x7f59d1ca7bc0>) completed
2025-12-20 08:44:17,762 [   DEBUG] aiosqlite - executing functools.partial(<built-in method cursor of sqlite3.Connection object at 0x7f59d1cbca90>)
2025-12-20 08:44:17,762 [   DEBUG] aiosqlite - operation functools.partial(<built-in method cursor of sqlite3.Connection object at 0x7f59d1cbca90>) completed
2025-12-20 08:44:17,762 [   DEBUG] aiosqlite - executing functools.partial(<built-in method execute of sqlite3.Cursor object at 0x7f59d1ca7c40>, 'PRAGMA main.table_info("user_roles")', ())
2025-12-20 08:44:17,762 [   DEBUG] aiosqlite - operation functools.partial(<built-in method execute of sqlite3.Cursor object at 0x7f59d1ca7c40>, 'PRAGMA main.table_info("user_roles")', ()) completed
2025-12-20 08:44:17,762 [   DEBUG] aiosqlite - executing functools.partial(<built-in method fetchall of sqlite3.Cursor object at 0x7f59d1ca7c40>)
2025-12-20 08:44:17,762 [   DEBUG] aiosqlite - operation functools.partial(<built-in method fetchall of sqlite3.Cursor object at 0x7f59d1ca7c40>) completed
2025-12-20 08:44:17,762 [   DEBUG] aiosqlite - executing functools.partial(<built-in method close of sqlite3.Cursor object at 0x7f59d1ca7c40>)
2025-12-20 08:44:17,762 [   DEBUG] aiosqlite - operation functools.partial(<built-in method close of sqlite3.Cursor object at 0x7f59d1ca7c40>) completed
2025-12-20 08:44:17,763 [   DEBUG] aiosqlite - executing functools.partial(<built-in method cursor of sqlite3.Connection object at 0x7f59d1cbca90>)
2025-12-20 08:44:17,763 [   DEBUG] aiosqlite - operation functools.partial(<built-in method cursor of sqlite3.Connection object at 0x7f59d1cbca90>) completed
2025-12-20 08:44:17,763 [   DEBUG] aiosqlite - executing functools.partial(<built-in method execute of sqlite3.Cursor object at 0x7f59d1ca7d40>, 'PRAGMA temp.table_info("user_roles")', ())
2025-12-20 08:44:17,763 [   DEBUG] aiosqlite - operation functools.partial(<built-in method execute of sqlite3.Cursor object at 0x7f59d1ca7d40>, 'PRAGMA temp.table_info("user_roles")', ()) completed
2025-12-20 08:44:17,763 [   DEBUG] aiosqlite - executing functools.partial(<built-in method fetchall of sqlite3.Cursor object at 0x7f59d1ca7d40>)
2025-12-20 08:44:17,763 [   DEBUG] aiosqlite - operation functools.partial(<built-in method fetchall of sqlite3.Cursor object at 0x7f59d1ca7d40>) completed
2025-12-20 08:44:17,763 [   DEBUG] aiosqlite - executing functools.partial(<built-in method close of sqlite3.Cursor object at 0x7f59d1ca7d40>)
2025-12-20 08:44:17,763 [   DEBUG] aiosqlite - operation functools.partial(<built-in method close of sqlite3.Cursor object at 0x7f59d1ca7d40>) completed
2025-12-20 08:44:17,763 [   DEBUG] aiosqlite - executing functools.partial(<built-in method cursor of sqlite3.Connection object at 0x7f59d1cbca90>)
2025-12-20 08:44:17,763 [   DEBUG] aiosqlite - operation functools.partial(<built-in method cursor of sqlite3.Connection object at 0x7f59d1cbca90>) completed
2025-12-20 08:44:17,763 [   DEBUG] aiosqlite - executing functools.partial(<built-in method execute of sqlite3.Cursor object at 0x7f59d1ca7dc0>, 'PRAGMA main.table_info("permissions")', ())
2025-12-20 08:44:17,763 [   DEBUG] aiosqlite - operation functools.partial(<built-in method execute of sqlite3.Cursor object at 0x7f59d1ca7dc0>, 'PRAGMA main.table_info("permissions")', ()) completed
2025-12-20 08:44:17,764 [   DEBUG] aiosqlite - executing functools.partial(<built-in method fetchall of sqlite3.Cursor object at 0x7f59d1ca7dc0>)
2025-12-20 08:44:17,764 [   DEBUG] aiosqlite - operation functools.partial(<built-in method fetchall of sqlite3.Cursor object at 0x7f59d1ca7dc0>) completed
2025-12-20 08:44:17,764 [   DEBUG] aiosqlite - executing functools.partial(<built-in method close of sqlite3.Cursor object at 0x7f59d1ca7dc0>)
2025-12-20 08:44:17,764 [   DEBUG] aiosqlite - operation functools.partial(<built-in method close of sqlite3.Cursor object at 0x7f59d1ca7dc0>) completed
2025-12-20 08:44:17,764 [   DEBUG] aiosqlite - executing functools.partial(<built-in method cursor of sqlite3.Connection object at 0x7f59d1cbca90>)
2025-12-20 08:44:17,764 [   DEBUG] aiosqlite - operation functools.partial(<built-in method cursor of sqlite3.Connection object at 0x7f59d1cbca90>) completed
2025-12-20 08:44:17,764 [   DEBUG] aiosqlite - executing functools.partial(<built-in method execute of sqlite3.Cursor object at 0x7f59d1ca7ec0>, 'PRAGMA temp.table_info("permissions")', ())
2025-12-20 08:44:17,764 [   DEBUG] aiosqlite - operation functools.partial(<built-in method execute of sqlite3.Cursor object at 0x7f59d1ca7ec0>, 'PRAGMA temp.table_info("permissions")', ()) completed
2025-12-20 08:44:17,764 [   DEBUG] aiosqlite - executing functools.partial(<built-in method fetchall of sqlite3.Cursor object at 0x7f59d1ca7ec0>)
2025-12-20 08:44:17,764 [   DEBUG] aiosqlite - operation functools.partial(<built-in method fetchall of sqlite3.Cursor object at 0x7f59d1ca7ec0>) completed
2025-12-20 08:44:17,764 [   DEBUG] aiosqlite - executing functools.partial(<built-in method close of sqlite3.Cursor object at 0x7f59d1ca7ec0>)
2025-12-20 08:44:17,764 [   DEBUG] aiosqlite - operation functools.partial(<built-in method close of sqlite3.Cursor object at 0x7f59d1ca7ec0>) completed
2025-12-20 08:44:17,765 [   DEBUG] aiosqlite - executing functools.partial(<built-in method cursor of sqlite3.Connection object at 0x7f59d1cbca90>)
2025-12-20 08:44:17,765 [   DEBUG] aiosqlite - operation functools.partial(<built-in method cursor of sqlite3.Connection object at 0x7f59d1cbca90>) completed
2025-12-20 08:44:17,765 [   DEBUG] aiosqlite - executing functools.partial(<built-in method execute of sqlite3.Cursor object at 0x7f59d1ca7f40>, 'PRAGMA main.table_info("audit_logs")', ())
2025-12-20 08:44:17,765 [   DEBUG] aiosqlite - operation functools.partial(<built-in method execute of sqlite3.Cursor object at 0x7f59d1ca7f40>, 'PRAGMA main.table_info("audit_logs")', ()) completed
2025-12-20 08:44:17,765 [   DEBUG] aiosqlite - executing functools.partial(<built-in method fetchall of sqlite3.Cursor object at 0x7f59d1ca7f40>)
2025-12-20 08:44:17,765 [   DEBUG] aiosqlite - operation functools.partial(<built-in method fetchall of sqlite3.Cursor object at 0x7f59d1ca7f40>) completed
2025-12-20 08:44:17,765 [   DEBUG] aiosqlite - executing functools.partial(<built-in method close of sqlite3.Cursor object at 0x7f59d1ca7f40>)
2025-12-20 08:44:17,765 [   DEBUG] aiosqlite - operation functools.partial(<built-in method close of sqlite3.Cursor object at 0x7f59d1ca7f40>) completed
2025-12-20 08:44:17,765 [   DEBUG] aiosqlite - executing functools.partial(<built-in method cursor of sqlite3.Connection object at 0x7f59d1cbca90>)
2025-12-20 08:44:17,765 [   DEBUG] aiosqlite - operation functools.partial(<built-in method cursor of sqlite3.Connection object at 0x7f59d1cbca90>) completed
2025-12-20 08:44:17,766 [   DEBUG] aiosqlite - executing functools.partial(<built-in method execute of sqlite3.Cursor object at 0x7f59d1d4c0c0>, 'PRAGMA temp.table_info("audit_logs")', ())
2025-12-20 08:44:17,766 [   DEBUG] aiosqlite - operation functools.partial(<built-in method execute of sqlite3.Cursor object at 0x7f59d1d4c0c0>, 'PRAGMA temp.table_info("audit_logs")', ()) completed
2025-12-20 08:44:17,766 [   DEBUG] aiosqlite - executing functools.partial(<built-in method fetchall of sqlite3.Cursor object at 0x7f59d1d4c0c0>)
2025-12-20 08:44:17,766 [   DEBUG] aiosqlite - operation functools.partial(<built-in method fetchall of sqlite3.Cursor object at 0x7f59d1d4c0c0>) completed
2025-12-20 08:44:17,766 [   DEBUG] aiosqlite - executing functools.partial(<built-in method close of sqlite3.Cursor object at 0x7f59d1d4c0c0>)
2025-12-20 08:44:17,766 [   DEBUG] aiosqlite - operation functools.partial(<built-in method close of sqlite3.Cursor object at 0x7f59d1d4c0c0>) completed
2025-12-20 08:44:17,766 [   DEBUG] aiosqlite - executing functools.partial(<built-in method cursor of sqlite3.Connection object at 0x7f59d1cbca90>)
2025-12-20 08:44:17,766 [   DEBUG] aiosqlite - operation functools.partial(<built-in method cursor of sqlite3.Connection object at 0x7f59d1cbca90>) completed
2025-12-20 08:44:17,766 [   DEBUG] aiosqlite - executing functools.partial(<built-in method execute of sqlite3.Cursor object at 0x7f59d1d4c140>, 'PRAGMA main.table_info("secrets")', ())
2025-12-20 08:44:17,766 [   DEBUG] aiosqlite - operation functools.partial(<built-in method execute of sqlite3.Cursor object at 0x7f59d1d4c140>, 'PRAGMA main.table_info("secrets")', ()) completed
2025-12-20 08:44:17,766 [   DEBUG] aiosqlite - executing functools.partial(<built-in method fetchall of sqlite3.Cursor object at 0x7f59d1d4c140>)
2025-12-20 08:44:17,766 [   DEBUG] aiosqlite - operation functools.partial(<built-in method fetchall of sqlite3.Cursor object at 0x7f59d1d4c140>) completed
2025-12-20 08:44:17,767 [   DEBUG] aiosqlite - executing functools.partial(<built-in method close of sqlite3.Cursor object at 0x7f59d1d4c140>)
2025-12-20 08:44:17,767 [   DEBUG] aiosqlite - operation functools.partial(<built-in method close of sqlite3.Cursor object at 0x7f59d1d4c140>) completed
2025-12-20 08:44:17,767 [   DEBUG] aiosqlite - executing functools.partial(<built-in method cursor of sqlite3.Connection object at 0x7f59d1cbca90>)
2025-12-20 08:44:17,767 [   DEBUG] aiosqlite - operation functools.partial(<built-in method cursor of sqlite3.Connection object at 0x7f59d1cbca90>) completed
2025-12-20 08:44:17,767 [   DEBUG] aiosqlite - executing functools.partial(<built-in method execute of sqlite3.Cursor object at 0x7f59d1d4c240>, 'PRAGMA temp.table_info("secrets")', ())
2025-12-20 08:44:17,767 [   DEBUG] aiosqlite - operation functools.partial(<built-in method execute of sqlite3.Cursor object at 0x7f59d1d4c240>, 'PRAGMA temp.table_info("secrets")', ()) completed
2025-12-20 08:44:17,767 [   DEBUG] aiosqlite - executing functools.partial(<built-in method fetchall of sqlite3.Cursor object at 0x7f59d1d4c240>)
2025-12-20 08:44:17,767 [   DEBUG] aiosqlite - operation functools.partial(<built-in method fetchall of sqlite3.Cursor object at 0x7f59d1d4c240>) completed
2025-12-20 08:44:17,767 [   DEBUG] aiosqlite - executing functools.partial(<built-in method close of sqlite3.Cursor object at 0x7f59d1d4c240>)
2025-12-20 08:44:17,767 [   DEBUG] aiosqlite - operation functools.partial(<built-in method close of sqlite3.Cursor object at 0x7f59d1d4c240>) completed
2025-12-20 08:44:17,767 [   DEBUG] aiosqlite - executing functools.partial(<built-in method cursor of sqlite3.Connection object at 0x7f59d1cbca90>)
2025-12-20 08:44:17,767 [   DEBUG] aiosqlite - operation functools.partial(<built-in method cursor of sqlite3.Connection object at 0x7f59d1cbca90>) completed
2025-12-20 08:44:17,767 [   DEBUG] aiosqlite - executing functools.partial(<built-in method execute of sqlite3.Cursor object at 0x7f59d1d4c2c0>, 'PRAGMA main.table_info("secret_audits")', ())
2025-12-20 08:44:17,768 [   DEBUG] aiosqlite - operation functools.partial(<built-in method execute of sqlite3.Cursor object at 0x7f59d1d4c2c0>, 'PRAGMA main.table_info("secret_audits")', ()) completed
2025-12-20 08:44:17,768 [   DEBUG] aiosqlite - executing functools.partial(<built-in method fetchall of sqlite3.Cursor object at 0x7f59d1d4c2c0>)
2025-12-20 08:44:17,768 [   DEBUG] aiosqlite - operation functools.partial(<built-in method fetchall of sqlite3.Cursor object at 0x7f59d1d4c2c0>) completed
2025-12-20 08:44:17,768 [   DEBUG] aiosqlite - executing functools.partial(<built-in method close of sqlite3.Cursor object at 0x7f59d1d4c2c0>)
2025-12-20 08:44:17,768 [   DEBUG] aiosqlite - operation functools.partial(<built-in method close of sqlite3.Cursor object at 0x7f59d1d4c2c0>) completed
2025-12-20 08:44:17,768 [   DEBUG] aiosqlite - executing functools.partial(<built-in method cursor of sqlite3.Connection object at 0x7f59d1cbca90>)
2025-12-20 08:44:17,768 [   DEBUG] aiosqlite - operation functools.partial(<built-in method cursor of sqlite3.Connection object at 0x7f59d1cbca90>) completed
2025-12-20 08:44:17,768 [   DEBUG] aiosqlite - executing functools.partial(<built-in method execute of sqlite3.Cursor object at 0x7f59d1d4c3c0>, 'PRAGMA temp.table_info("secret_audits")', ())
2025-12-20 08:44:17,768 [   DEBUG] aiosqlite - operation functools.partial(<built-in method execute of sqlite3.Cursor object at 0x7f59d1d4c3c0>, 'PRAGMA temp.table_info("secret_audits")', ()) completed
2025-12-20 08:44:17,768 [   DEBUG] aiosqlite - executing functools.partial(<built-in method fetchall of sqlite3.Cursor object at 0x7f59d1d4c3c0>)
2025-12-20 08:44:17,768 [   DEBUG] aiosqlite - operation functools.partial(<built-in method fetchall of sqlite3.Cursor object at 0x7f59d1d4c3c0>) completed
2025-12-20 08:44:17,768 [   DEBUG] aiosqlite - executing functools.partial(<built-in method close of sqlite3.Cursor object at 0x7f59d1d4c3c0>)
2025-12-20 08:44:17,768 [   DEBUG] aiosqlite - operation functools.partial(<built-in method close of sqlite3.Cursor object at 0x7f59d1d4c3c0>) completed
2025-12-20 08:44:17,769 [   DEBUG] aiosqlite - executing functools.partial(<built-in method cursor of sqlite3.Connection object at 0x7f59d1cbca90>)
2025-12-20 08:44:17,769 [   DEBUG] aiosqlite - operation functools.partial(<built-in method cursor of sqlite3.Connection object at 0x7f59d1cbca90>) completed
2025-12-20 08:44:17,769 [   DEBUG] aiosqlite - executing functools.partial(<built-in method execute of sqlite3.Cursor object at 0x7f59d1d4c440>, 'PRAGMA main.table_info("project_templates")', ())
2025-12-20 08:44:17,769 [   DEBUG] aiosqlite - operation functools.partial(<built-in method execute of sqlite3.Cursor object at 0x7f59d1d4c440>, 'PRAGMA main.table_info("project_templates")', ()) completed
2025-12-20 08:44:17,769 [   DEBUG] aiosqlite - executing functools.partial(<built-in method fetchall of sqlite3.Cursor object at 0x7f59d1d4c440>)
2025-12-20 08:44:17,769 [   DEBUG] aiosqlite - operation functools.partial(<built-in method fetchall of sqlite3.Cursor object at 0x7f59d1d4c440>) completed
2025-12-20 08:44:17,769 [   DEBUG] aiosqlite - executing functools.partial(<built-in method close of sqlite3.Cursor object at 0x7f59d1d4c440>)
2025-12-20 08:44:17,769 [   DEBUG] aiosqlite - operation functools.partial(<built-in method close of sqlite3.Cursor object at 0x7f59d1d4c440>) completed
2025-12-20 08:44:17,769 [   DEBUG] aiosqlite - executing functools.partial(<built-in method cursor of sqlite3.Connection object at 0x7f59d1cbca90>)
2025-12-20 08:44:17,769 [   DEBUG] aiosqlite - operation functools.partial(<built-in method cursor of sqlite3.Connection object at 0x7f59d1cbca90>) completed
2025-12-20 08:44:17,769 [   DEBUG] aiosqlite - executing functools.partial(<built-in method execute of sqlite3.Cursor object at 0x7f59d1d4c540>, 'PRAGMA temp.table_info("project_templates")', ())
2025-12-20 08:44:17,769 [   DEBUG] aiosqlite - operation functools.partial(<built-in method execute of sqlite3.Cursor object at 0x7f59d1d4c540>, 'PRAGMA temp.table_info("project_templates")', ()) completed
2025-12-20 08:44:17,770 [   DEBUG] aiosqlite - executing functools.partial(<built-in method fetchall of sqlite3.Cursor object at 0x7f59d1d4c540>)
2025-12-20 08:44:17,770 [   DEBUG] aiosqlite - operation functools.partial(<built-in method fetchall of sqlite3.Cursor object at 0x7f59d1d4c540>) completed
2025-12-20 08:44:17,770 [   DEBUG] aiosqlite - executing functools.partial(<built-in method close of sqlite3.Cursor object at 0x7f59d1d4c540>)
2025-12-20 08:44:17,770 [   DEBUG] aiosqlite - operation functools.partial(<built-in method close of sqlite3.Cursor object at 0x7f59d1d4c540>) completed
2025-12-20 08:44:17,770 [   DEBUG] aiosqlite - executing functools.partial(<built-in method cursor of sqlite3.Connection object at 0x7f59d1cbca90>)
2025-12-20 08:44:17,770 [   DEBUG] aiosqlite - operation functools.partial(<built-in method cursor of sqlite3.Connection object at 0x7f59d1cbca90>) completed
2025-12-20 08:44:17,770 [   DEBUG] aiosqlite - executing functools.partial(<built-in method execute of sqlite3.Cursor object at 0x7f59d1d4c5c0>, 'PRAGMA main.table_info("template_features")', ())
2025-12-20 08:44:17,770 [   DEBUG] aiosqlite - operation functools.partial(<built-in method execute of sqlite3.Cursor object at 0x7f59d1d4c5c0>, 'PRAGMA main.table_info("template_features")', ()) completed
2025-12-20 08:44:17,770 [   DEBUG] aiosqlite - executing functools.partial(<built-in method fetchall of sqlite3.Cursor object at 0x7f59d1d4c5c0>)
2025-12-20 08:44:17,770 [   DEBUG] aiosqlite - operation functools.partial(<built-in method fetchall of sqlite3.Cursor object at 0x7f59d1d4c5c0>) completed
2025-12-20 08:44:17,770 [   DEBUG] aiosqlite - executing functools.partial(<built-in method close of sqlite3.Cursor object at 0x7f59d1d4c5c0>)
2025-12-20 08:44:17,770 [   DEBUG] aiosqlite - operation functools.partial(<built-in method close of sqlite3.Cursor object at 0x7f59d1d4c5c0>) completed
2025-12-20 08:44:17,770 [   DEBUG] aiosqlite - executing functools.partial(<built-in method cursor of sqlite3.Connection object at 0x7f59d1cbca90>)
2025-12-20 08:44:17,771 [   DEBUG] aiosqlite - operation functools.partial(<built-in method cursor of sqlite3.Connection object at 0x7f59d1cbca90>) completed
2025-12-20 08:44:17,771 [   DEBUG] aiosqlite - executing functools.partial(<built-in method execute of sqlite3.Cursor object at 0x7f59d1d4c6c0>, 'PRAGMA temp.table_info("template_features")', ())
2025-12-20 08:44:17,771 [   DEBUG] aiosqlite - operation functools.partial(<built-in method execute of sqlite3.Cursor object at 0x7f59d1d4c6c0>, 'PRAGMA temp.table_info("template_features")', ()) completed
2025-12-20 08:44:17,771 [   DEBUG] aiosqlite - executing functools.partial(<built-in method fetchall of sqlite3.Cursor object at 0x7f59d1d4c6c0>)
2025-12-20 08:44:17,771 [   DEBUG] aiosqlite - operation functools.partial(<built-in method fetchall of sqlite3.Cursor object at 0x7f59d1d4c6c0>) completed
2025-12-20 08:44:17,771 [   DEBUG] aiosqlite - executing functools.partial(<built-in method close of sqlite3.Cursor object at 0x7f59d1d4c6c0>)
2025-12-20 08:44:17,771 [   DEBUG] aiosqlite - operation functools.partial(<built-in method close of sqlite3.Cursor object at 0x7f59d1d4c6c0>) completed
2025-12-20 08:44:17,771 [   DEBUG] aiosqlite - executing functools.partial(<built-in method cursor of sqlite3.Connection object at 0x7f59d1cbca90>)
2025-12-20 08:44:17,771 [   DEBUG] aiosqlite - operation functools.partial(<built-in method cursor of sqlite3.Connection object at 0x7f59d1cbca90>) completed
2025-12-20 08:44:17,771 [   DEBUG] aiosqlite - executing functools.partial(<built-in method execute of sqlite3.Cursor object at 0x7f59d1d4c740>, 'PRAGMA main.table_info("generated_projects")', ())
2025-12-20 08:44:17,771 [   DEBUG] aiosqlite - operation functools.partial(<built-in method execute of sqlite3.Cursor object at 0x7f59d1d4c740>, 'PRAGMA main.table_info("generated_projects")', ()) completed
2025-12-20 08:44:17,771 [   DEBUG] aiosqlite - executing functools.partial(<built-in method fetchall of sqlite3.Cursor object at 0x7f59d1d4c740>)
2025-12-20 08:44:17,771 [   DEBUG] aiosqlite - operation functools.partial(<built-in method fetchall of sqlite3.Cursor object at 0x7f59d1d4c740>) completed
2025-12-20 08:44:17,772 [   DEBUG] aiosqlite - executing functools.partial(<built-in method close of sqlite3.Cursor object at 0x7f59d1d4c740>)
2025-12-20 08:44:17,772 [   DEBUG] aiosqlite - operation functools.partial(<built-in method close of sqlite3.Cursor object at 0x7f59d1d4c740>) completed
2025-12-20 08:44:17,772 [   DEBUG] aiosqlite - executing functools.partial(<built-in method cursor of sqlite3.Connection object at 0x7f59d1cbca90>)
2025-12-20 08:44:17,772 [   DEBUG] aiosqlite - operation functools.partial(<built-in method cursor of sqlite3.Connection object at 0x7f59d1cbca90>) completed
2025-12-20 08:44:17,772 [   DEBUG] aiosqlite - executing functools.partial(<built-in method execute of sqlite3.Cursor object at 0x7f59d1d4c840>, 'PRAGMA temp.table_info("generated_projects")', ())
2025-12-20 08:44:17,772 [   DEBUG] aiosqlite - operation functools.partial(<built-in method execute of sqlite3.Cursor object at 0x7f59d1d4c840>, 'PRAGMA temp.table_info("generated_projects")', ()) completed
2025-12-20 08:44:17,772 [   DEBUG] aiosqlite - executing functools.partial(<built-in method fetchall of sqlite3.Cursor object at 0x7f59d1d4c840>)
2025-12-20 08:44:17,772 [   DEBUG] aiosqlite - operation functools.partial(<built-in method fetchall of sqlite3.Cursor object at 0x7f59d1d4c840>) completed
2025-12-20 08:44:17,772 [   DEBUG] aiosqlite - executing functools.partial(<built-in method close of sqlite3.Cursor object at 0x7f59d1d4c840>)
2025-12-20 08:44:17,772 [   DEBUG] aiosqlite - operation functools.partial(<built-in method close of sqlite3.Cursor object at 0x7f59d1d4c840>) completed
2025-12-20 08:44:17,772 [   DEBUG] aiosqlite - executing functools.partial(<built-in method cursor of sqlite3.Connection object at 0x7f59d1cbca90>)
2025-12-20 08:44:17,772 [   DEBUG] aiosqlite - operation functools.partial(<built-in method cursor of sqlite3.Connection object at 0x7f59d1cbca90>) completed
2025-12-20 08:44:17,773 [   DEBUG] aiosqlite - executing functools.partial(<built-in method execute of sqlite3.Cursor object at 0x7f59d1d4c8c0>, 'PRAGMA main.table_info("llm_calls")', ())
2025-12-20 08:44:17,773 [   DEBUG] aiosqlite - operation functools.partial(<built-in method execute of sqlite3.Cursor object at 0x7f59d1d4c8c0>, 'PRAGMA main.table_info("llm_calls")', ()) completed
2025-12-20 08:44:17,773 [   DEBUG] aiosqlite - executing functools.partial(<built-in method fetchall of sqlite3.Cursor object at 0x7f59d1d4c8c0>)
2025-12-20 08:44:17,773 [   DEBUG] aiosqlite - operation functools.partial(<built-in method fetchall of sqlite3.Cursor object at 0x7f59d1d4c8c0>) completed
2025-12-20 08:44:17,773 [   DEBUG] aiosqlite - executing functools.partial(<built-in method close of sqlite3.Cursor object at 0x7f59d1d4c8c0>)
2025-12-20 08:44:17,773 [   DEBUG] aiosqlite - operation functools.partial(<built-in method close of sqlite3.Cursor object at 0x7f59d1d4c8c0>) completed
2025-12-20 08:44:17,773 [   DEBUG] aiosqlite - executing functools.partial(<built-in method cursor of sqlite3.Connection object at 0x7f59d1cbca90>)
2025-12-20 08:44:17,773 [   DEBUG] aiosqlite - operation functools.partial(<built-in method cursor of sqlite3.Connection object at 0x7f59d1cbca90>) completed
2025-12-20 08:44:17,773 [   DEBUG] aiosqlite - executing functools.partial(<built-in method execute of sqlite3.Cursor object at 0x7f59d1d4c9c0>, 'PRAGMA temp.table_info("llm_calls")', ())
2025-12-20 08:44:17,773 [   DEBUG] aiosqlite - operation functools.partial(<built-in method execute of sqlite3.Cursor object at 0x7f59d1d4c9c0>, 'PRAGMA temp.table_info("llm_calls")', ()) completed
2025-12-20 08:44:17,773 [   DEBUG] aiosqlite - executing functools.partial(<built-in method fetchall of sqlite3.Cursor object at 0x7f59d1d4c9c0>)
2025-12-20 08:44:17,773 [   DEBUG] aiosqlite - operation functools.partial(<built-in method fetchall of sqlite3.Cursor object at 0x7f59d1d4c9c0>) completed
2025-12-20 08:44:17,773 [   DEBUG] aiosqlite - executing functools.partial(<built-in method close of sqlite3.Cursor object at 0x7f59d1d4c9c0>)
2025-12-20 08:44:17,774 [   DEBUG] aiosqlite - operation functools.partial(<built-in method close of sqlite3.Cursor object at 0x7f59d1d4c9c0>) completed
2025-12-20 08:44:17,774 [   DEBUG] aiosqlite - executing functools.partial(<built-in method cursor of sqlite3.Connection object at 0x7f59d1cbca90>)
2025-12-20 08:44:17,774 [   DEBUG] aiosqlite - operation functools.partial(<built-in method cursor of sqlite3.Connection object at 0x7f59d1cbca90>) completed
2025-12-20 08:44:17,774 [   DEBUG] aiosqlite - executing functools.partial(<built-in method execute of sqlite3.Cursor object at 0x7f59d1d4ca40>, 'PRAGMA main.table_info("resource_usage")', ())
2025-12-20 08:44:17,774 [   DEBUG] aiosqlite - operation functools.partial(<built-in method execute of sqlite3.Cursor object at 0x7f59d1d4ca40>, 'PRAGMA main.table_info("resource_usage")', ()) completed
2025-12-20 08:44:17,774 [   DEBUG] aiosqlite - executing functools.partial(<built-in method fetchall of sqlite3.Cursor object at 0x7f59d1d4ca40>)
2025-12-20 08:44:17,774 [   DEBUG] aiosqlite - operation functools.partial(<built-in method fetchall of sqlite3.Cursor object at 0x7f59d1d4ca40>) completed
2025-12-20 08:44:17,774 [   DEBUG] aiosqlite - executing functools.partial(<built-in method close of sqlite3.Cursor object at 0x7f59d1d4ca40>)
2025-12-20 08:44:17,774 [   DEBUG] aiosqlite - operation functools.partial(<built-in method close of sqlite3.Cursor object at 0x7f59d1d4ca40>) completed
2025-12-20 08:44:17,774 [   DEBUG] aiosqlite - executing functools.partial(<built-in method cursor of sqlite3.Connection object at 0x7f59d1cbca90>)
2025-12-20 08:44:17,774 [   DEBUG] aiosqlite - operation functools.partial(<built-in method cursor of sqlite3.Connection object at 0x7f59d1cbca90>) completed
2025-12-20 08:44:17,774 [   DEBUG] aiosqlite - executing functools.partial(<built-in method execute of sqlite3.Cursor object at 0x7f59d1d4cb40>, 'PRAGMA temp.table_info("resource_usage")', ())
2025-12-20 08:44:17,774 [   DEBUG] aiosqlite - operation functools.partial(<built-in method execute of sqlite3.Cursor object at 0x7f59d1d4cb40>, 'PRAGMA temp.table_info("resource_usage")', ()) completed
2025-12-20 08:44:17,775 [   DEBUG] aiosqlite - executing functools.partial(<built-in method fetchall of sqlite3.Cursor object at 0x7f59d1d4cb40>)
2025-12-20 08:44:17,775 [   DEBUG] aiosqlite - operation functools.partial(<built-in method fetchall of sqlite3.Cursor object at 0x7f59d1d4cb40>) completed
2025-12-20 08:44:17,775 [   DEBUG] aiosqlite - executing functools.partial(<built-in method close of sqlite3.Cursor object at 0x7f59d1d4cb40>)
2025-12-20 08:44:17,775 [   DEBUG] aiosqlite - operation functools.partial(<built-in method close of sqlite3.Cursor object at 0x7f59d1d4cb40>) completed
2025-12-20 08:44:17,775 [   DEBUG] aiosqlite - executing functools.partial(<built-in method cursor of sqlite3.Connection object at 0x7f59d1cbca90>)
2025-12-20 08:44:17,775 [   DEBUG] aiosqlite - operation functools.partial(<built-in method cursor of sqlite3.Connection object at 0x7f59d1cbca90>) completed
2025-12-20 08:44:17,775 [   DEBUG] aiosqlite - executing functools.partial(<built-in method execute of sqlite3.Cursor object at 0x7f59d1d4cbc0>, 'PRAGMA main.table_info("execution_costs")', ())
2025-12-20 08:44:17,775 [   DEBUG] aiosqlite - operation functools.partial(<built-in method execute of sqlite3.Cursor object at 0x7f59d1d4cbc0>, 'PRAGMA main.table_info("execution_costs")', ()) completed
2025-12-20 08:44:17,775 [   DEBUG] aiosqlite - executing functools.partial(<built-in method fetchall of sqlite3.Cursor object at 0x7f59d1d4cbc0>)
2025-12-20 08:44:17,775 [   DEBUG] aiosqlite - operation functools.partial(<built-in method fetchall of sqlite3.Cursor object at 0x7f59d1d4cbc0>) completed
2025-12-20 08:44:17,775 [   DEBUG] aiosqlite - executing functools.partial(<built-in method close of sqlite3.Cursor object at 0x7f59d1d4cbc0>)
2025-12-20 08:44:17,775 [   DEBUG] aiosqlite - operation functools.partial(<built-in method close of sqlite3.Cursor object at 0x7f59d1d4cbc0>) completed
2025-12-20 08:44:17,776 [   DEBUG] aiosqlite - executing functools.partial(<built-in method cursor of sqlite3.Connection object at 0x7f59d1cbca90>)
2025-12-20 08:44:17,776 [   DEBUG] aiosqlite - operation functools.partial(<built-in method cursor of sqlite3.Connection object at 0x7f59d1cbca90>) completed
2025-12-20 08:44:17,776 [   DEBUG] aiosqlite - executing functools.partial(<built-in method execute of sqlite3.Cursor object at 0x7f59d1d4ccc0>, 'PRAGMA temp.table_info("execution_costs")', ())
2025-12-20 08:44:17,776 [   DEBUG] aiosqlite - operation functools.partial(<built-in method execute of sqlite3.Cursor object at 0x7f59d1d4ccc0>, 'PRAGMA temp.table_info("execution_costs")', ()) completed
2025-12-20 08:44:17,776 [   DEBUG] aiosqlite - executing functools.partial(<built-in method fetchall of sqlite3.Cursor object at 0x7f59d1d4ccc0>)
2025-12-20 08:44:17,776 [   DEBUG] aiosqlite - operation functools.partial(<built-in method fetchall of sqlite3.Cursor object at 0x7f59d1d4ccc0>) completed
2025-12-20 08:44:17,776 [   DEBUG] aiosqlite - executing functools.partial(<built-in method close of sqlite3.Cursor object at 0x7f59d1d4ccc0>)
2025-12-20 08:44:17,776 [   DEBUG] aiosqlite - operation functools.partial(<built-in method close of sqlite3.Cursor object at 0x7f59d1d4ccc0>) completed
2025-12-20 08:44:17,776 [   DEBUG] aiosqlite - executing functools.partial(<built-in method cursor of sqlite3.Connection object at 0x7f59d1cbca90>)
2025-12-20 08:44:17,776 [   DEBUG] aiosqlite - operation functools.partial(<built-in method cursor of sqlite3.Connection object at 0x7f59d1cbca90>) completed
2025-12-20 08:44:17,776 [   DEBUG] aiosqlite - executing functools.partial(<built-in method execute of sqlite3.Cursor object at 0x7f59d1d4cd40>, 'PRAGMA main.table_info("workspace_budgets")', ())
2025-12-20 08:44:17,776 [   DEBUG] aiosqlite - operation functools.partial(<built-in method execute of sqlite3.Cursor object at 0x7f59d1d4cd40>, 'PRAGMA main.table_info("workspace_budgets")', ()) completed
2025-12-20 08:44:17,777 [   DEBUG] aiosqlite - executing functools.partial(<built-in method fetchall of sqlite3.Cursor object at 0x7f59d1d4cd40>)
2025-12-20 08:44:17,777 [   DEBUG] aiosqlite - operation functools.partial(<built-in method fetchall of sqlite3.Cursor object at 0x7f59d1d4cd40>) completed
2025-12-20 08:44:17,777 [   DEBUG] aiosqlite - executing functools.partial(<built-in method close of sqlite3.Cursor object at 0x7f59d1d4cd40>)
2025-12-20 08:44:17,777 [   DEBUG] aiosqlite - operation functools.partial(<built-in method close of sqlite3.Cursor object at 0x7f59d1d4cd40>) completed
2025-12-20 08:44:17,777 [   DEBUG] aiosqlite - executing functools.partial(<built-in method cursor of sqlite3.Connection object at 0x7f59d1cbca90>)
2025-12-20 08:44:17,777 [   DEBUG] aiosqlite - operation functools.partial(<built-in method cursor of sqlite3.Connection object at 0x7f59d1cbca90>) completed
2025-12-20 08:44:17,777 [   DEBUG] aiosqlite - executing functools.partial(<built-in method execute of sqlite3.Cursor object at 0x7f59d1d4ce40>, 'PRAGMA temp.table_info("workspace_budgets")', ())
2025-12-20 08:44:17,777 [   DEBUG] aiosqlite - operation functools.partial(<built-in method execute of sqlite3.Cursor object at 0x7f59d1d4ce40>, 'PRAGMA temp.table_info("workspace_budgets")', ()) completed
2025-12-20 08:44:17,777 [   DEBUG] aiosqlite - executing functools.partial(<built-in method fetchall of sqlite3.Cursor object at 0x7f59d1d4ce40>)
2025-12-20 08:44:17,777 [   DEBUG] aiosqlite - operation functools.partial(<built-in method fetchall of sqlite3.Cursor object at 0x7f59d1d4ce40>) completed
2025-12-20 08:44:17,777 [   DEBUG] aiosqlite - executing functools.partial(<built-in method close of sqlite3.Cursor object at 0x7f59d1d4ce40>)
2025-12-20 08:44:17,777 [   DEBUG] aiosqlite - operation functools.partial(<built-in method close of sqlite3.Cursor object at 0x7f59d1d4ce40>) completed
2025-12-20 08:44:17,777 [   DEBUG] aiosqlite - executing functools.partial(<built-in method cursor of sqlite3.Connection object at 0x7f59d1cbca90>)
2025-12-20 08:44:17,778 [   DEBUG] aiosqlite - operation functools.partial(<built-in method cursor of sqlite3.Connection object at 0x7f59d1cbca90>) completed
2025-12-20 08:44:17,778 [   DEBUG] aiosqlite - executing functools.partial(<built-in method execute of sqlite3.Cursor object at 0x7f59d1d4cec0>, 'PRAGMA main.table_info("project_budgets")', ())
2025-12-20 08:44:17,778 [   DEBUG] aiosqlite - operation functools.partial(<built-in method execute of sqlite3.Cursor object at 0x7f59d1d4cec0>, 'PRAGMA main.table_info("project_budgets")', ()) completed
2025-12-20 08:44:17,778 [   DEBUG] aiosqlite - executing functools.partial(<built-in method fetchall of sqlite3.Cursor object at 0x7f59d1d4cec0>)
2025-12-20 08:44:17,778 [   DEBUG] aiosqlite - operation functools.partial(<built-in method fetchall of sqlite3.Cursor object at 0x7f59d1d4cec0>) completed
2025-12-20 08:44:17,778 [   DEBUG] aiosqlite - executing functools.partial(<built-in method close of sqlite3.Cursor object at 0x7f59d1d4cec0>)
2025-12-20 08:44:17,778 [   DEBUG] aiosqlite - operation functools.partial(<built-in method close of sqlite3.Cursor object at 0x7f59d1d4cec0>) completed
2025-12-20 08:44:17,778 [   DEBUG] aiosqlite - executing functools.partial(<built-in method cursor of sqlite3.Connection object at 0x7f59d1cbca90>)
2025-12-20 08:44:17,778 [   DEBUG] aiosqlite - operation functools.partial(<built-in method cursor of sqlite3.Connection object at 0x7f59d1cbca90>) completed
2025-12-20 08:44:17,778 [   DEBUG] aiosqlite - executing functools.partial(<built-in method execute of sqlite3.Cursor object at 0x7f59d1d4cfc0>, 'PRAGMA temp.table_info("project_budgets")', ())
2025-12-20 08:44:17,778 [   DEBUG] aiosqlite - operation functools.partial(<built-in method execute of sqlite3.Cursor object at 0x7f59d1d4cfc0>, 'PRAGMA temp.table_info("project_budgets")', ()) completed
2025-12-20 08:44:17,778 [   DEBUG] aiosqlite - executing functools.partial(<built-in method fetchall of sqlite3.Cursor object at 0x7f59d1d4cfc0>)
2025-12-20 08:44:17,778 [   DEBUG] aiosqlite - operation functools.partial(<built-in method fetchall of sqlite3.Cursor object at 0x7f59d1d4cfc0>) completed
2025-12-20 08:44:17,778 [   DEBUG] aiosqlite - executing functools.partial(<built-in method close of sqlite3.Cursor object at 0x7f59d1d4cfc0>)
2025-12-20 08:44:17,779 [   DEBUG] aiosqlite - operation functools.partial(<built-in method close of sqlite3.Cursor object at 0x7f59d1d4cfc0>) completed
2025-12-20 08:44:17,779 [   DEBUG] aiosqlite - executing functools.partial(<built-in method cursor of sqlite3.Connection object at 0x7f59d1cbca90>)
2025-12-20 08:44:17,779 [   DEBUG] aiosqlite - operation functools.partial(<built-in method cursor of sqlite3.Connection object at 0x7f59d1cbca90>) completed
2025-12-20 08:44:17,779 [   DEBUG] aiosqlite - executing functools.partial(<built-in method execute of sqlite3.Cursor object at 0x7f59d1d4d040>, 'PRAGMA main.table_info("artifact_builds")', ())
2025-12-20 08:44:17,779 [   DEBUG] aiosqlite - operation functools.partial(<built-in method execute of sqlite3.Cursor object at 0x7f59d1d4d040>, 'PRAGMA main.table_info("artifact_builds")', ()) completed
2025-12-20 08:44:17,779 [   DEBUG] aiosqlite - executing functools.partial(<built-in method fetchall of sqlite3.Cursor object at 0x7f59d1d4d040>)
2025-12-20 08:44:17,779 [   DEBUG] aiosqlite - operation functools.partial(<built-in method fetchall of sqlite3.Cursor object at 0x7f59d1d4d040>) completed
2025-12-20 08:44:17,779 [   DEBUG] aiosqlite - executing functools.partial(<built-in method close of sqlite3.Cursor object at 0x7f59d1d4d040>)
2025-12-20 08:44:17,779 [   DEBUG] aiosqlite - operation functools.partial(<built-in method close of sqlite3.Cursor object at 0x7f59d1d4d040>) completed
2025-12-20 08:44:17,779 [   DEBUG] aiosqlite - executing functools.partial(<built-in method cursor of sqlite3.Connection object at 0x7f59d1cbca90>)
2025-12-20 08:44:17,779 [   DEBUG] aiosqlite - operation functools.partial(<built-in method cursor of sqlite3.Connection object at 0x7f59d1cbca90>) completed
2025-12-20 08:44:17,779 [   DEBUG] aiosqlite - executing functools.partial(<built-in method execute of sqlite3.Cursor object at 0x7f59d1d4d140>, 'PRAGMA temp.table_info("artifact_builds")', ())
2025-12-20 08:44:17,779 [   DEBUG] aiosqlite - operation functools.partial(<built-in method execute of sqlite3.Cursor object at 0x7f59d1d4d140>, 'PRAGMA temp.table_info("artifact_builds")', ()) completed
2025-12-20 08:44:17,780 [   DEBUG] aiosqlite - executing functools.partial(<built-in method fetchall of sqlite3.Cursor object at 0x7f59d1d4d140>)
2025-12-20 08:44:17,780 [   DEBUG] aiosqlite - operation functools.partial(<built-in method fetchall of sqlite3.Cursor object at 0x7f59d1d4d140>) completed
2025-12-20 08:44:17,780 [   DEBUG] aiosqlite - executing functools.partial(<built-in method close of sqlite3.Cursor object at 0x7f59d1d4d140>)
2025-12-20 08:44:17,780 [   DEBUG] aiosqlite - operation functools.partial(<built-in method close of sqlite3.Cursor object at 0x7f59d1d4d140>) completed
2025-12-20 08:44:17,780 [   DEBUG] aiosqlite - executing functools.partial(<built-in method cursor of sqlite3.Connection object at 0x7f59d1cbca90>)
2025-12-20 08:44:17,780 [   DEBUG] aiosqlite - operation functools.partial(<built-in method cursor of sqlite3.Connection object at 0x7f59d1cbca90>) completed
2025-12-20 08:44:17,780 [   DEBUG] aiosqlite - executing functools.partial(<built-in method execute of sqlite3.Cursor object at 0x7f59d1d4d1c0>, 'PRAGMA main.table_info("deployment_validations")', ())
2025-12-20 08:44:17,780 [   DEBUG] aiosqlite - operation functools.partial(<built-in method execute of sqlite3.Cursor object at 0x7f59d1d4d1c0>, 'PRAGMA main.table_info("deployment_validations")', ()) completed
2025-12-20 08:44:17,780 [   DEBUG] aiosqlite - executing functools.partial(<built-in method fetchall of sqlite3.Cursor object at 0x7f59d1d4d1c0>)
2025-12-20 08:44:17,780 [   DEBUG] aiosqlite - operation functools.partial(<built-in method fetchall of sqlite3.Cursor object at 0x7f59d1d4d1c0>) completed
2025-12-20 08:44:17,780 [   DEBUG] aiosqlite - executing functools.partial(<built-in method close of sqlite3.Cursor object at 0x7f59d1d4d1c0>)
2025-12-20 08:44:17,780 [   DEBUG] aiosqlite - operation functools.partial(<built-in method close of sqlite3.Cursor object at 0x7f59d1d4d1c0>) completed
2025-12-20 08:44:17,781 [   DEBUG] aiosqlite - executing functools.partial(<built-in method cursor of sqlite3.Connection object at 0x7f59d1cbca90>)
2025-12-20 08:44:17,781 [   DEBUG] aiosqlite - operation functools.partial(<built-in method cursor of sqlite3.Connection object at 0x7f59d1cbca90>) completed
2025-12-20 08:44:17,781 [   DEBUG] aiosqlite - executing functools.partial(<built-in method execute of sqlite3.Cursor object at 0x7f59d1d4d2c0>, 'PRAGMA temp.table_info("deployment_validations")', ())
2025-12-20 08:44:17,781 [   DEBUG] aiosqlite - operation functools.partial(<built-in method execute of sqlite3.Cursor object at 0x7f59d1d4d2c0>, 'PRAGMA temp.table_info("deployment_validations")', ()) completed
2025-12-20 08:44:17,781 [   DEBUG] aiosqlite - executing functools.partial(<built-in method fetchall of sqlite3.Cursor object at 0x7f59d1d4d2c0>)
2025-12-20 08:44:17,781 [   DEBUG] aiosqlite - operation functools.partial(<built-in method fetchall of sqlite3.Cursor object at 0x7f59d1d4d2c0>) completed
2025-12-20 08:44:17,781 [   DEBUG] aiosqlite - executing functools.partial(<built-in method close of sqlite3.Cursor object at 0x7f59d1d4d2c0>)
2025-12-20 08:44:17,781 [   DEBUG] aiosqlite - operation functools.partial(<built-in method close of sqlite3.Cursor object at 0x7f59d1d4d2c0>) completed
2025-12-20 08:44:17,781 [   DEBUG] aiosqlite - executing functools.partial(<built-in method cursor of sqlite3.Connection object at 0x7f59d1cbca90>)
2025-12-20 08:44:17,781 [   DEBUG] aiosqlite - operation functools.partial(<built-in method cursor of sqlite3.Connection object at 0x7f59d1cbca90>) completed
2025-12-20 08:44:17,781 [   DEBUG] aiosqlite - executing functools.partial(<built-in method execute of sqlite3.Cursor object at 0x7f59d1d4d340>, 'PRAGMA main.table_info("validation_check_results")', ())
2025-12-20 08:44:17,781 [   DEBUG] aiosqlite - operation functools.partial(<built-in method execute of sqlite3.Cursor object at 0x7f59d1d4d340>, 'PRAGMA main.table_info("validation_check_results")', ()) completed
2025-12-20 08:44:17,782 [   DEBUG] aiosqlite - executing functools.partial(<built-in method fetchall of sqlite3.Cursor object at 0x7f59d1d4d340>)
2025-12-20 08:44:17,782 [   DEBUG] aiosqlite - operation functools.partial(<built-in method fetchall of sqlite3.Cursor object at 0x7f59d1d4d340>) completed
2025-12-20 08:44:17,782 [   DEBUG] aiosqlite - executing functools.partial(<built-in method close of sqlite3.Cursor object at 0x7f59d1d4d340>)
2025-12-20 08:44:17,782 [   DEBUG] aiosqlite - operation functools.partial(<built-in method close of sqlite3.Cursor object at 0x7f59d1d4d340>) completed
2025-12-20 08:44:17,782 [   DEBUG] aiosqlite - executing functools.partial(<built-in method cursor of sqlite3.Connection object at 0x7f59d1cbca90>)
2025-12-20 08:44:17,782 [   DEBUG] aiosqlite - operation functools.partial(<built-in method cursor of sqlite3.Connection object at 0x7f59d1cbca90>) completed
2025-12-20 08:44:17,782 [   DEBUG] aiosqlite - executing functools.partial(<built-in method execute of sqlite3.Cursor object at 0x7f59d1d4d440>, 'PRAGMA temp.table_info("validation_check_results")', ())
2025-12-20 08:44:17,782 [   DEBUG] aiosqlite - operation functools.partial(<built-in method execute of sqlite3.Cursor object at 0x7f59d1d4d440>, 'PRAGMA temp.table_info("validation_check_results")', ()) completed
2025-12-20 08:44:17,782 [   DEBUG] aiosqlite - executing functools.partial(<built-in method fetchall of sqlite3.Cursor object at 0x7f59d1d4d440>)
2025-12-20 08:44:17,782 [   DEBUG] aiosqlite - operation functools.partial(<built-in method fetchall of sqlite3.Cursor object at 0x7f59d1d4d440>) completed
2025-12-20 08:44:17,783 [   DEBUG] aiosqlite - executing functools.partial(<built-in method close of sqlite3.Cursor object at 0x7f59d1d4d440>)
2025-12-20 08:44:17,783 [   DEBUG] aiosqlite - operation functools.partial(<built-in method close of sqlite3.Cursor object at 0x7f59d1d4d440>) completed
2025-12-20 08:44:17,783 [   DEBUG] aiosqlite - executing functools.partial(<built-in method cursor of sqlite3.Connection object at 0x7f59d1cbca90>)
2025-12-20 08:44:17,783 [   DEBUG] aiosqlite - operation functools.partial(<built-in method cursor of sqlite3.Connection object at 0x7f59d1cbca90>) completed
2025-12-20 08:44:17,783 [   DEBUG] aiosqlite - executing functools.partial(<built-in method execute of sqlite3.Cursor object at 0x7f59d1d4d4c0>, 'PRAGMA main.table_info("pre_deployment_checklists")', ())
2025-12-20 08:44:17,783 [   DEBUG] aiosqlite - operation functools.partial(<built-in method execute of sqlite3.Cursor object at 0x7f59d1d4d4c0>, 'PRAGMA main.table_info("pre_deployment_checklists")', ()) completed
2025-12-20 08:44:17,783 [   DEBUG] aiosqlite - executing functools.partial(<built-in method fetchall of sqlite3.Cursor object at 0x7f59d1d4d4c0>)
2025-12-20 08:44:17,783 [   DEBUG] aiosqlite - operation functools.partial(<built-in method fetchall of sqlite3.Cursor object at 0x7f59d1d4d4c0>) completed
2025-12-20 08:44:17,783 [   DEBUG] aiosqlite - executing functools.partial(<built-in method close of sqlite3.Cursor object at 0x7f59d1d4d4c0>)
2025-12-20 08:44:17,783 [   DEBUG] aiosqlite - operation functools.partial(<built-in method close of sqlite3.Cursor object at 0x7f59d1d4d4c0>) completed
2025-12-20 08:44:17,783 [   DEBUG] aiosqlite - executing functools.partial(<built-in method cursor of sqlite3.Connection object at 0x7f59d1cbca90>)
2025-12-20 08:44:17,783 [   DEBUG] aiosqlite - operation functools.partial(<built-in method cursor of sqlite3.Connection object at 0x7f59d1cbca90>) completed
2025-12-20 08:44:17,784 [   DEBUG] aiosqlite - executing functools.partial(<built-in method execute of sqlite3.Cursor object at 0x7f59d1d4d5c0>, 'PRAGMA temp.table_info("pre_deployment_checklists")', ())
2025-12-20 08:44:17,784 [   DEBUG] aiosqlite - operation functools.partial(<built-in method execute of sqlite3.Cursor object at 0x7f59d1d4d5c0>, 'PRAGMA temp.table_info("pre_deployment_checklists")', ()) completed
2025-12-20 08:44:17,784 [   DEBUG] aiosqlite - executing functools.partial(<built-in method fetchall of sqlite3.Cursor object at 0x7f59d1d4d5c0>)
2025-12-20 08:44:17,784 [   DEBUG] aiosqlite - operation functools.partial(<built-in method fetchall of sqlite3.Cursor object at 0x7f59d1d4d5c0>) completed
2025-12-20 08:44:17,784 [   DEBUG] aiosqlite - executing functools.partial(<built-in method close of sqlite3.Cursor object at 0x7f59d1d4d5c0>)
2025-12-20 08:44:17,784 [   DEBUG] aiosqlite - operation functools.partial(<built-in method close of sqlite3.Cursor object at 0x7f59d1d4d5c0>) completed
2025-12-20 08:44:17,784 [   DEBUG] aiosqlite - executing functools.partial(<built-in method cursor of sqlite3.Connection object at 0x7f59d1cbca90>)
2025-12-20 08:44:17,784 [   DEBUG] aiosqlite - operation functools.partial(<built-in method cursor of sqlite3.Connection object at 0x7f59d1cbca90>) completed
2025-12-20 08:44:17,784 [   DEBUG] aiosqlite - executing functools.partial(<built-in method execute of sqlite3.Cursor object at 0x7f59d1d4d640>, 'PRAGMA main.table_info("deployment_simulations")', ())
2025-12-20 08:44:17,784 [   DEBUG] aiosqlite - operation functools.partial(<built-in method execute of sqlite3.Cursor object at 0x7f59d1d4d640>, 'PRAGMA main.table_info("deployment_simulations")', ()) completed
2025-12-20 08:44:17,785 [   DEBUG] aiosqlite - executing functools.partial(<built-in method fetchall of sqlite3.Cursor object at 0x7f59d1d4d640>)
2025-12-20 08:44:17,785 [   DEBUG] aiosqlite - operation functools.partial(<built-in method fetchall of sqlite3.Cursor object at 0x7f59d1d4d640>) completed
2025-12-20 08:44:17,785 [   DEBUG] aiosqlite - executing functools.partial(<built-in method close of sqlite3.Cursor object at 0x7f59d1d4d640>)
2025-12-20 08:44:17,785 [   DEBUG] aiosqlite - operation functools.partial(<built-in method close of sqlite3.Cursor object at 0x7f59d1d4d640>) completed
2025-12-20 08:44:17,785 [   DEBUG] aiosqlite - executing functools.partial(<built-in method cursor of sqlite3.Connection object at 0x7f59d1cbca90>)
2025-12-20 08:44:17,785 [   DEBUG] aiosqlite - operation functools.partial(<built-in method cursor of sqlite3.Connection object at 0x7f59d1cbca90>) completed
2025-12-20 08:44:17,785 [   DEBUG] aiosqlite - executing functools.partial(<built-in method execute of sqlite3.Cursor object at 0x7f59d1d4d740>, 'PRAGMA temp.table_info("deployment_simulations")', ())
2025-12-20 08:44:17,785 [   DEBUG] aiosqlite - operation functools.partial(<built-in method execute of sqlite3.Cursor object at 0x7f59d1d4d740>, 'PRAGMA temp.table_info("deployment_simulations")', ()) completed
2025-12-20 08:44:17,785 [   DEBUG] aiosqlite - executing functools.partial(<built-in method fetchall of sqlite3.Cursor object at 0x7f59d1d4d740>)
2025-12-20 08:44:17,785 [   DEBUG] aiosqlite - operation functools.partial(<built-in method fetchall of sqlite3.Cursor object at 0x7f59d1d4d740>) completed
2025-12-20 08:44:17,785 [   DEBUG] aiosqlite - executing functools.partial(<built-in method close of sqlite3.Cursor object at 0x7f59d1d4d740>)
2025-12-20 08:44:17,785 [   DEBUG] aiosqlite - operation functools.partial(<built-in method close of sqlite3.Cursor object at 0x7f59d1d4d740>) completed
2025-12-20 08:44:17,786 [   DEBUG] aiosqlite - executing functools.partial(<built-in method cursor of sqlite3.Connection object at 0x7f59d1cbca90>)
2025-12-20 08:44:17,786 [   DEBUG] aiosqlite - operation functools.partial(<built-in method cursor of sqlite3.Connection object at 0x7f59d1cbca90>) completed
2025-12-20 08:44:17,786 [   DEBUG] aiosqlite - executing functools.partial(<built-in method execute of sqlite3.Cursor object at 0x7f59d1d4d7c0>, 'PRAGMA main.table_info("rollback_plans")', ())
2025-12-20 08:44:17,786 [   DEBUG] aiosqlite - operation functools.partial(<built-in method execute of sqlite3.Cursor object at 0x7f59d1d4d7c0>, 'PRAGMA main.table_info("rollback_plans")', ()) completed
2025-12-20 08:44:17,786 [   DEBUG] aiosqlite - executing functools.partial(<built-in method fetchall of sqlite3.Cursor object at 0x7f59d1d4d7c0>)
2025-12-20 08:44:17,786 [   DEBUG] aiosqlite - operation functools.partial(<built-in method fetchall of sqlite3.Cursor object at 0x7f59d1d4d7c0>) completed
2025-12-20 08:44:17,786 [   DEBUG] aiosqlite - executing functools.partial(<built-in method close of sqlite3.Cursor object at 0x7f59d1d4d7c0>)
2025-12-20 08:44:17,786 [   DEBUG] aiosqlite - operation functools.partial(<built-in method close of sqlite3.Cursor object at 0x7f59d1d4d7c0>) completed
2025-12-20 08:44:17,786 [   DEBUG] aiosqlite - executing functools.partial(<built-in method cursor of sqlite3.Connection object at 0x7f59d1cbca90>)
2025-12-20 08:44:17,786 [   DEBUG] aiosqlite - operation functools.partial(<built-in method cursor of sqlite3.Connection object at 0x7f59d1cbca90>) completed
2025-12-20 08:44:17,786 [   DEBUG] aiosqlite - executing functools.partial(<built-in method execute of sqlite3.Cursor object at 0x7f59d1d4d8c0>, 'PRAGMA temp.table_info("rollback_plans")', ())
2025-12-20 08:44:17,786 [   DEBUG] aiosqlite - operation functools.partial(<built-in method execute of sqlite3.Cursor object at 0x7f59d1d4d8c0>, 'PRAGMA temp.table_info("rollback_plans")', ()) completed
2025-12-20 08:44:17,787 [   DEBUG] aiosqlite - executing functools.partial(<built-in method fetchall of sqlite3.Cursor object at 0x7f59d1d4d8c0>)
2025-12-20 08:44:17,787 [   DEBUG] aiosqlite - operation functools.partial(<built-in method fetchall of sqlite3.Cursor object at 0x7f59d1d4d8c0>) completed
2025-12-20 08:44:17,787 [   DEBUG] aiosqlite - executing functools.partial(<built-in method close of sqlite3.Cursor object at 0x7f59d1d4d8c0>)
2025-12-20 08:44:17,787 [   DEBUG] aiosqlite - operation functools.partial(<built-in method close of sqlite3.Cursor object at 0x7f59d1d4d8c0>) completed
2025-12-20 08:44:17,787 [   DEBUG] aiosqlite - executing functools.partial(<built-in method cursor of sqlite3.Connection object at 0x7f59d1cbca90>)
2025-12-20 08:44:17,787 [   DEBUG] aiosqlite - operation functools.partial(<built-in method cursor of sqlite3.Connection object at 0x7f59d1cbca90>) completed
2025-12-20 08:44:17,787 [   DEBUG] aiosqlite - executing functools.partial(<built-in method execute of sqlite3.Cursor object at 0x7f59d1d4d940>, 'PRAGMA main.table_info("reusable_modules")', ())
2025-12-20 08:44:17,787 [   DEBUG] aiosqlite - operation functools.partial(<built-in method execute of sqlite3.Cursor object at 0x7f59d1d4d940>, 'PRAGMA main.table_info("reusable_modules")', ()) completed
2025-12-20 08:44:17,787 [   DEBUG] aiosqlite - executing functools.partial(<built-in method fetchall of sqlite3.Cursor object at 0x7f59d1d4d940>)
2025-12-20 08:44:17,787 [   DEBUG] aiosqlite - operation functools.partial(<built-in method fetchall of sqlite3.Cursor object at 0x7f59d1d4d940>) completed
2025-12-20 08:44:17,787 [   DEBUG] aiosqlite - executing functools.partial(<built-in method close of sqlite3.Cursor object at 0x7f59d1d4d940>)
2025-12-20 08:44:17,787 [   DEBUG] aiosqlite - operation functools.partial(<built-in method close of sqlite3.Cursor object at 0x7f59d1d4d940>) completed
2025-12-20 08:44:17,788 [   DEBUG] aiosqlite - executing functools.partial(<built-in method cursor of sqlite3.Connection object at 0x7f59d1cbca90>)
2025-12-20 08:44:17,788 [   DEBUG] aiosqlite - operation functools.partial(<built-in method cursor of sqlite3.Connection object at 0x7f59d1cbca90>) completed
2025-12-20 08:44:17,788 [   DEBUG] aiosqlite - executing functools.partial(<built-in method execute of sqlite3.Cursor object at 0x7f59d1d4da40>, 'PRAGMA temp.table_info("reusable_modules")', ())
2025-12-20 08:44:17,788 [   DEBUG] aiosqlite - operation functools.partial(<built-in method execute of sqlite3.Cursor object at 0x7f59d1d4da40>, 'PRAGMA temp.table_info("reusable_modules")', ()) completed
2025-12-20 08:44:17,788 [   DEBUG] aiosqlite - executing functools.partial(<built-in method fetchall of sqlite3.Cursor object at 0x7f59d1d4da40>)
2025-12-20 08:44:17,788 [   DEBUG] aiosqlite - operation functools.partial(<built-in method fetchall of sqlite3.Cursor object at 0x7f59d1d4da40>) completed
2025-12-20 08:44:17,788 [   DEBUG] aiosqlite - executing functools.partial(<built-in method close of sqlite3.Cursor object at 0x7f59d1d4da40>)
2025-12-20 08:44:17,788 [   DEBUG] aiosqlite - operation functools.partial(<built-in method close of sqlite3.Cursor object at 0x7f59d1d4da40>) completed
2025-12-20 08:44:17,788 [   DEBUG] aiosqlite - executing functools.partial(<built-in method cursor of sqlite3.Connection object at 0x7f59d1cbca90>)
2025-12-20 08:44:17,788 [   DEBUG] aiosqlite - operation functools.partial(<built-in method cursor of sqlite3.Connection object at 0x7f59d1cbca90>) completed
2025-12-20 08:44:17,788 [   DEBUG] aiosqlite - executing functools.partial(<built-in method execute of sqlite3.Cursor object at 0x7f59d1d4dac0>, 'PRAGMA main.table_info("file_templates")', ())
2025-12-20 08:44:17,789 [   DEBUG] aiosqlite - operation functools.partial(<built-in method execute of sqlite3.Cursor object at 0x7f59d1d4dac0>, 'PRAGMA main.table_info("file_templates")', ()) completed
2025-12-20 08:44:17,789 [   DEBUG] aiosqlite - executing functools.partial(<built-in method fetchall of sqlite3.Cursor object at 0x7f59d1d4dac0>)
2025-12-20 08:44:17,789 [   DEBUG] aiosqlite - operation functools.partial(<built-in method fetchall of sqlite3.Cursor object at 0x7f59d1d4dac0>) completed
2025-12-20 08:44:17,789 [   DEBUG] aiosqlite - executing functools.partial(<built-in method close of sqlite3.Cursor object at 0x7f59d1d4dac0>)
2025-12-20 08:44:17,789 [   DEBUG] aiosqlite - operation functools.partial(<built-in method close of sqlite3.Cursor object at 0x7f59d1d4dac0>) completed
2025-12-20 08:44:17,789 [   DEBUG] aiosqlite - executing functools.partial(<built-in method cursor of sqlite3.Connection object at 0x7f59d1cbca90>)
2025-12-20 08:44:17,789 [   DEBUG] aiosqlite - operation functools.partial(<built-in method cursor of sqlite3.Connection object at 0x7f59d1cbca90>) completed
2025-12-20 08:44:17,789 [   DEBUG] aiosqlite - executing functools.partial(<built-in method execute of sqlite3.Cursor object at 0x7f59d1d4dbc0>, 'PRAGMA temp.table_info("file_templates")', ())
2025-12-20 08:44:17,789 [   DEBUG] aiosqlite - operation functools.partial(<built-in method execute of sqlite3.Cursor object at 0x7f59d1d4dbc0>, 'PRAGMA temp.table_info("file_templates")', ()) completed
2025-12-20 08:44:17,789 [   DEBUG] aiosqlite - executing functools.partial(<built-in method fetchall of sqlite3.Cursor object at 0x7f59d1d4dbc0>)
2025-12-20 08:44:17,789 [   DEBUG] aiosqlite - operation functools.partial(<built-in method fetchall of sqlite3.Cursor object at 0x7f59d1d4dbc0>) completed
2025-12-20 08:44:17,789 [   DEBUG] aiosqlite - executing functools.partial(<built-in method close of sqlite3.Cursor object at 0x7f59d1d4dbc0>)
2025-12-20 08:44:17,790 [   DEBUG] aiosqlite - operation functools.partial(<built-in method close of sqlite3.Cursor object at 0x7f59d1d4dbc0>) completed
2025-12-20 08:44:17,790 [   DEBUG] aiosqlite - executing functools.partial(<built-in method cursor of sqlite3.Connection object at 0x7f59d1cbca90>)
2025-12-20 08:44:17,790 [   DEBUG] aiosqlite - operation functools.partial(<built-in method cursor of sqlite3.Connection object at 0x7f59d1cbca90>) completed
2025-12-20 08:44:17,790 [   DEBUG] aiosqlite - executing functools.partial(<built-in method execute of sqlite3.Cursor object at 0x7f59d1d4dc40>, 'PRAGMA main.table_info("parameters")', ())
2025-12-20 08:44:17,790 [   DEBUG] aiosqlite - operation functools.partial(<built-in method execute of sqlite3.Cursor object at 0x7f59d1d4dc40>, 'PRAGMA main.table_info("parameters")', ()) completed
2025-12-20 08:44:17,790 [   DEBUG] aiosqlite - executing functools.partial(<built-in method fetchall of sqlite3.Cursor object at 0x7f59d1d4dc40>)
2025-12-20 08:44:17,790 [   DEBUG] aiosqlite - operation functools.partial(<built-in method fetchall of sqlite3.Cursor object at 0x7f59d1d4dc40>) completed
2025-12-20 08:44:17,790 [   DEBUG] aiosqlite - executing functools.partial(<built-in method close of sqlite3.Cursor object at 0x7f59d1d4dc40>)
2025-12-20 08:44:17,790 [   DEBUG] aiosqlite - operation functools.partial(<built-in method close of sqlite3.Cursor object at 0x7f59d1d4dc40>) completed
2025-12-20 08:44:17,790 [   DEBUG] aiosqlite - executing functools.partial(<built-in method cursor of sqlite3.Connection object at 0x7f59d1cbca90>)
2025-12-20 08:44:17,790 [   DEBUG] aiosqlite - operation functools.partial(<built-in method cursor of sqlite3.Connection object at 0x7f59d1cbca90>) completed
2025-12-20 08:44:17,790 [   DEBUG] aiosqlite - executing functools.partial(<built-in method execute of sqlite3.Cursor object at 0x7f59d1d4dd40>, 'PRAGMA temp.table_info("parameters")', ())
2025-12-20 08:44:17,791 [   DEBUG] aiosqlite - operation functools.partial(<built-in method execute of sqlite3.Cursor object at 0x7f59d1d4dd40>, 'PRAGMA temp.table_info("parameters")', ()) completed
2025-12-20 08:44:17,791 [   DEBUG] aiosqlite - executing functools.partial(<built-in method fetchall of sqlite3.Cursor object at 0x7f59d1d4dd40>)
2025-12-20 08:44:17,791 [   DEBUG] aiosqlite - operation functools.partial(<built-in method fetchall of sqlite3.Cursor object at 0x7f59d1d4dd40>) completed
2025-12-20 08:44:17,791 [   DEBUG] aiosqlite - executing functools.partial(<built-in method close of sqlite3.Cursor object at 0x7f59d1d4dd40>)
2025-12-20 08:44:17,791 [   DEBUG] aiosqlite - operation functools.partial(<built-in method close of sqlite3.Cursor object at 0x7f59d1d4dd40>) completed
2025-12-20 08:44:17,791 [   DEBUG] aiosqlite - executing functools.partial(<built-in method cursor of sqlite3.Connection object at 0x7f59d1cbca90>)
2025-12-20 08:44:17,791 [   DEBUG] aiosqlite - operation functools.partial(<built-in method cursor of sqlite3.Connection object at 0x7f59d1cbca90>) completed
2025-12-20 08:44:17,791 [   DEBUG] aiosqlite - executing functools.partial(<built-in method execute of sqlite3.Cursor object at 0x7f59d1d4ddc0>, 'PRAGMA main.table_info("prompt_templates")', ())
2025-12-20 08:44:17,791 [   DEBUG] aiosqlite - operation functools.partial(<built-in method execute of sqlite3.Cursor object at 0x7f59d1d4ddc0>, 'PRAGMA main.table_info("prompt_templates")', ()) completed
2025-12-20 08:44:17,791 [   DEBUG] aiosqlite - executing functools.partial(<built-in method fetchall of sqlite3.Cursor object at 0x7f59d1d4ddc0>)
2025-12-20 08:44:17,791 [   DEBUG] aiosqlite - operation functools.partial(<built-in method fetchall of sqlite3.Cursor object at 0x7f59d1d4ddc0>) completed
2025-12-20 08:44:17,791 [   DEBUG] aiosqlite - executing functools.partial(<built-in method close of sqlite3.Cursor object at 0x7f59d1d4ddc0>)
2025-12-20 08:44:17,791 [   DEBUG] aiosqlite - operation functools.partial(<built-in method close of sqlite3.Cursor object at 0x7f59d1d4ddc0>) completed
2025-12-20 08:44:17,792 [   DEBUG] aiosqlite - executing functools.partial(<built-in method cursor of sqlite3.Connection object at 0x7f59d1cbca90>)
2025-12-20 08:44:17,792 [   DEBUG] aiosqlite - operation functools.partial(<built-in method cursor of sqlite3.Connection object at 0x7f59d1cbca90>) completed
2025-12-20 08:44:17,792 [   DEBUG] aiosqlite - executing functools.partial(<built-in method execute of sqlite3.Cursor object at 0x7f59d1d4dec0>, 'PRAGMA temp.table_info("prompt_templates")', ())
2025-12-20 08:44:17,792 [   DEBUG] aiosqlite - operation functools.partial(<built-in method execute of sqlite3.Cursor object at 0x7f59d1d4dec0>, 'PRAGMA temp.table_info("prompt_templates")', ()) completed
2025-12-20 08:44:17,792 [   DEBUG] aiosqlite - executing functools.partial(<built-in method fetchall of sqlite3.Cursor object at 0x7f59d1d4dec0>)
2025-12-20 08:44:17,792 [   DEBUG] aiosqlite - operation functools.partial(<built-in method fetchall of sqlite3.Cursor object at 0x7f59d1d4dec0>) completed
2025-12-20 08:44:17,792 [   DEBUG] aiosqlite - executing functools.partial(<built-in method close of sqlite3.Cursor object at 0x7f59d1d4dec0>)
2025-12-20 08:44:17,792 [   DEBUG] aiosqlite - operation functools.partial(<built-in method close of sqlite3.Cursor object at 0x7f59d1d4dec0>) completed
2025-12-20 08:44:17,792 [   DEBUG] aiosqlite - executing functools.partial(<built-in method cursor of sqlite3.Connection object at 0x7f59d1cbca90>)
2025-12-20 08:44:17,792 [   DEBUG] aiosqlite - operation functools.partial(<built-in method cursor of sqlite3.Connection object at 0x7f59d1cbca90>) completed
2025-12-20 08:44:17,792 [   DEBUG] aiosqlite - executing functools.partial(<built-in method execute of sqlite3.Cursor object at 0x7f59d1d4c040>, 'PRAGMA main.table_info("knowledge_items")', ())
2025-12-20 08:44:17,793 [   DEBUG] aiosqlite - operation functools.partial(<built-in method execute of sqlite3.Cursor object at 0x7f59d1d4c040>, 'PRAGMA main.table_info("knowledge_items")', ()) completed
2025-12-20 08:44:17,793 [   DEBUG] aiosqlite - executing functools.partial(<built-in method fetchall of sqlite3.Cursor object at 0x7f59d1d4c040>)
2025-12-20 08:44:17,793 [   DEBUG] aiosqlite - operation functools.partial(<built-in method fetchall of sqlite3.Cursor object at 0x7f59d1d4c040>) completed
2025-12-20 08:44:17,793 [   DEBUG] aiosqlite - executing functools.partial(<built-in method close of sqlite3.Cursor object at 0x7f59d1d4c040>)
2025-12-20 08:44:17,793 [   DEBUG] aiosqlite - operation functools.partial(<built-in method close of sqlite3.Cursor object at 0x7f59d1d4c040>) completed
2025-12-20 08:44:17,793 [   DEBUG] aiosqlite - executing functools.partial(<built-in method cursor of sqlite3.Connection object at 0x7f59d1cbca90>)
2025-12-20 08:44:17,793 [   DEBUG] aiosqlite - operation functools.partial(<built-in method cursor of sqlite3.Connection object at 0x7f59d1cbca90>) completed
2025-12-20 08:44:17,793 [   DEBUG] aiosqlite - executing functools.partial(<built-in method execute of sqlite3.Cursor object at 0x7f59d1d4dfc0>, 'PRAGMA temp.table_info("knowledge_items")', ())
2025-12-20 08:44:17,793 [   DEBUG] aiosqlite - operation functools.partial(<built-in method execute of sqlite3.Cursor object at 0x7f59d1d4dfc0>, 'PRAGMA temp.table_info("knowledge_items")', ()) completed
2025-12-20 08:44:17,793 [   DEBUG] aiosqlite - executing functools.partial(<built-in method fetchall of sqlite3.Cursor object at 0x7f59d1d4dfc0>)
2025-12-20 08:44:17,793 [   DEBUG] aiosqlite - operation functools.partial(<built-in method fetchall of sqlite3.Cursor object at 0x7f59d1d4dfc0>) completed
2025-12-20 08:44:17,793 [   DEBUG] aiosqlite - executing functools.partial(<built-in method close of sqlite3.Cursor object at 0x7f59d1d4dfc0>)
2025-12-20 08:44:17,793 [   DEBUG] aiosqlite - operation functools.partial(<built-in method close of sqlite3.Cursor object at 0x7f59d1d4dfc0>) completed
2025-12-20 08:44:17,794 [   DEBUG] aiosqlite - executing functools.partial(<built-in method cursor of sqlite3.Connection object at 0x7f59d1cbca90>)
2025-12-20 08:44:17,794 [   DEBUG] aiosqlite - operation functools.partial(<built-in method cursor of sqlite3.Connection object at 0x7f59d1cbca90>) completed
2025-12-20 08:44:17,794 [   DEBUG] aiosqlite - executing functools.partial(<built-in method execute of sqlite3.Cursor object at 0x7f59d1d4de40>, 'PRAGMA main.table_info("adrs")', ())
2025-12-20 08:44:17,794 [   DEBUG] aiosqlite - operation functools.partial(<built-in method execute of sqlite3.Cursor object at 0x7f59d1d4de40>, 'PRAGMA main.table_info("adrs")', ()) completed
2025-12-20 08:44:17,794 [   DEBUG] aiosqlite - executing functools.partial(<built-in method fetchall of sqlite3.Cursor object at 0x7f59d1d4de40>)
2025-12-20 08:44:17,794 [   DEBUG] aiosqlite - operation functools.partial(<built-in method fetchall of sqlite3.Cursor object at 0x7f59d1d4de40>) completed
2025-12-20 08:44:17,795 [   DEBUG] aiosqlite - executing functools.partial(<built-in method close of sqlite3.Cursor object at 0x7f59d1d4de40>)
2025-12-20 08:44:17,795 [   DEBUG] aiosqlite - operation functools.partial(<built-in method close of sqlite3.Cursor object at 0x7f59d1d4de40>) completed
2025-12-20 08:44:17,795 [   DEBUG] aiosqlite - executing functools.partial(<built-in method cursor of sqlite3.Connection object at 0x7f59d1cbca90>)
2025-12-20 08:44:17,795 [   DEBUG] aiosqlite - operation functools.partial(<built-in method cursor of sqlite3.Connection object at 0x7f59d1cbca90>) completed
2025-12-20 08:44:17,795 [   DEBUG] aiosqlite - executing functools.partial(<built-in method execute of sqlite3.Cursor object at 0x7f59d1f14dc0>, 'PRAGMA temp.table_info("adrs")', ())
2025-12-20 08:44:17,795 [   DEBUG] aiosqlite - operation functools.partial(<built-in method execute of sqlite3.Cursor object at 0x7f59d1f14dc0>, 'PRAGMA temp.table_info("adrs")', ()) completed
2025-12-20 08:44:17,796 [   DEBUG] aiosqlite - executing functools.partial(<built-in method fetchall of sqlite3.Cursor object at 0x7f59d1f14dc0>)
2025-12-20 08:44:17,796 [   DEBUG] aiosqlite - operation functools.partial(<built-in method fetchall of sqlite3.Cursor object at 0x7f59d1f14dc0>) completed
2025-12-20 08:44:17,796 [   DEBUG] aiosqlite - executing functools.partial(<built-in method close of sqlite3.Cursor object at 0x7f59d1f14dc0>)
2025-12-20 08:44:17,796 [   DEBUG] aiosqlite - operation functools.partial(<built-in method close of sqlite3.Cursor object at 0x7f59d1f14dc0>) completed
2025-12-20 08:44:17,797 [   DEBUG] aiosqlite - executing functools.partial(<built-in method rollback of sqlite3.Connection object at 0x7f59d1cbca90>)
2025-12-20 08:44:17,797 [   DEBUG] aiosqlite - operation functools.partial(<built-in method rollback of sqlite3.Connection object at 0x7f59d1cbca90>) completed
2025-12-20 08:44:17,797 [   DEBUG] aiosqlite - executing functools.partial(<built-in method rollback of sqlite3.Connection object at 0x7f59d1cbca90>)
2025-12-20 08:44:17,797 [   DEBUG] aiosqlite - operation functools.partial(<built-in method rollback of sqlite3.Connection object at 0x7f59d1cbca90>) completed
------------------------------ Captured log setup ------------------------------
DEBUG    asyncio:selector_events.py:54 Using selector: EpollSelector
DEBUG    asyncio:selector_events.py:54 Using selector: EpollSelector
DEBUG    aiosqlite:core.py:64 executing <function connect.<locals>.connector at 0x7f59d1cb8d60>
DEBUG    aiosqlite:core.py:66 operation <function connect.<locals>.connector at 0x7f59d1cb8d60> completed
DEBUG    aiosqlite:core.py:64 executing functools.partial(<built-in method create_function of sqlite3.Connection object at 0x7f59d1cbca90>, 'regexp', 2, <function SQLiteDialect_pysqlite.on_connect.<locals>.regexp at 0x7f59d1ca3880>, deterministic=True)
DEBUG    aiosqlite:core.py:66 operation functools.partial(<built-in method create_function of sqlite3.Connection object at 0x7f59d1cbca90>, 'regexp', 2, <function SQLiteDialect_pysqlite.on_connect.<locals>.regexp at 0x7f59d1ca3880>, deterministic=True) completed
DEBUG    aiosqlite:core.py:64 executing functools.partial(<built-in method create_function of sqlite3.Connection object at 0x7f59d1cbca90>, 'floor', 1, <built-in function floor>, deterministic=True)
DEBUG    aiosqlite:core.py:66 operation functools.partial(<built-in method create_function of sqlite3.Connection object at 0x7f59d1cbca90>, 'floor', 1, <built-in function floor>, deterministic=True) completed
DEBUG    aiosqlite:core.py:64 executing functools.partial(<built-in method cursor of sqlite3.Connection object at 0x7f59d1cbca90>)
DEBUG    aiosqlite:core.py:66 operation functools.partial(<built-in method cursor of sqlite3.Connection object at 0x7f59d1cbca90>) completed
DEBUG    aiosqlite:core.py:64 executing functools.partial(<built-in method execute of sqlite3.Cursor object at 0x7f59d1ca5d40>, 'PRAGMA read_uncommitted', [])
DEBUG    aiosqlite:core.py:66 operation functools.partial(<built-in method execute of sqlite3.Cursor object at 0x7f59d1ca5d40>, 'PRAGMA read_uncommitted', []) completed
DEBUG    aiosqlite:core.py:64 executing functools.partial(<built-in method fetchall of sqlite3.Cursor object at 0x7f59d1ca5d40>)
DEBUG    aiosqlite:core.py:66 operation functools.partial(<built-in method fetchall of sqlite3.Cursor object at 0x7f59d1ca5d40>) completed
DEBUG    aiosqlite:core.py:64 executing functools.partial(<built-in method close of sqlite3.Cursor object at 0x7f59d1ca5d40>)
DEBUG    aiosqlite:core.py:66 operation functools.partial(<built-in method close of sqlite3.Cursor object at 0x7f59d1ca5d40>) completed
DEBUG    aiosqlite:core.py:64 executing functools.partial(<built-in method rollback of sqlite3.Connection object at 0x7f59d1cbca90>)
DEBUG    aiosqlite:core.py:66 operation functools.partial(<built-in method rollback of sqlite3.Connection object at 0x7f59d1cbca90>) completed
DEBUG    aiosqlite:core.py:64 executing functools.partial(<built-in method cursor of sqlite3.Connection object at 0x7f59d1cbca90>)
DEBUG    aiosqlite:core.py:66 operation functools.partial(<built-in method cursor of sqlite3.Connection object at 0x7f59d1cbca90>) completed
DEBUG    aiosqlite:core.py:64 executing functools.partial(<built-in method execute of sqlite3.Cursor object at 0x7f59d1ca5c40>, 'PRAGMA main.table_info("workspaces")', ())
DEBUG    aiosqlite:core.py:66 operation functools.partial(<built-in method execute of sqlite3.Cursor object at 0x7f59d1ca5c40>, 'PRAGMA main.table_info("workspaces")', ()) completed
DEBUG    aiosqlite:core.py:64 executing functools.partial(<built-in method fetchall of sqlite3.Cursor object at 0x7f59d1ca5c40>)
DEBUG    aiosqlite:core.py:66 operation functools.partial(<built-in method fetchall of sqlite3.Cursor object at 0x7f59d1ca5c40>) completed
DEBUG    aiosqlite:core.py:64 executing functools.partial(<built-in method close of sqlite3.Cursor object at 0x7f59d1ca5c40>)
DEBUG    aiosqlite:core.py:66 operation functools.partial(<built-in method close of sqlite3.Cursor object at 0x7f59d1ca5c40>) completed
DEBUG    aiosqlite:core.py:64 executing functools.partial(<built-in method cursor of sqlite3.Connection object at 0x7f59d1cbca90>)
DEBUG    aiosqlite:core.py:66 operation functools.partial(<built-in method cursor of sqlite3.Connection object at 0x7f59d1cbca90>) completed
DEBUG    aiosqlite:core.py:64 executing functools.partial(<built-in method execute of sqlite3.Cursor object at 0x7f59d1ca5bc0>, 'PRAGMA temp.table_info("workspaces")', ())
DEBUG    aiosqlite:core.py:66 operation functools.partial(<built-in method execute of sqlite3.Cursor object at 0x7f59d1ca5bc0>, 'PRAGMA temp.table_info("workspaces")', ()) completed
DEBUG    aiosqlite:core.py:64 executing functools.partial(<built-in method fetchall of sqlite3.Cursor object at 0x7f59d1ca5bc0>)
DEBUG    aiosqlite:core.py:66 operation functools.partial(<built-in method fetchall of sqlite3.Cursor object at 0x7f59d1ca5bc0>) completed
DEBUG    aiosqlite:core.py:64 executing functools.partial(<built-in method close of sqlite3.Cursor object at 0x7f59d1ca5bc0>)
DEBUG    aiosqlite:core.py:66 operation functools.partial(<built-in method close of sqlite3.Cursor object at 0x7f59d1ca5bc0>) completed
DEBUG    aiosqlite:core.py:64 executing functools.partial(<built-in method cursor of sqlite3.Connection object at 0x7f59d1cbca90>)
DEBUG    aiosqlite:core.py:66 operation functools.partial(<built-in method cursor of sqlite3.Connection object at 0x7f59d1cbca90>) completed
DEBUG    aiosqlite:core.py:64 executing functools.partial(<built-in method execute of sqlite3.Cursor object at 0x7f59d1ca5dc0>, 'PRAGMA main.table_info("projects")', ())
DEBUG    aiosqlite:core.py:66 operation functools.partial(<built-in method execute of sqlite3.Cursor object at 0x7f59d1ca5dc0>, 'PRAGMA main.table_info("projects")', ()) completed
DEBUG    aiosqlite:core.py:64 executing functools.partial(<built-in method fetchall of sqlite3.Cursor object at 0x7f59d1ca5dc0>)
DEBUG    aiosqlite:core.py:66 operation functools.partial(<built-in method fetchall of sqlite3.Cursor object at 0x7f59d1ca5dc0>) completed
DEBUG    aiosqlite:core.py:64 executing functools.partial(<built-in method close of sqlite3.Cursor object at 0x7f59d1ca5dc0>)
DEBUG    aiosqlite:core.py:66 operation functools.partial(<built-in method close of sqlite3.Cursor object at 0x7f59d1ca5dc0>) completed
DEBUG    aiosqlite:core.py:64 executing functools.partial(<built-in method cursor of sqlite3.Connection object at 0x7f59d1cbca90>)
DEBUG    aiosqlite:core.py:66 operation functools.partial(<built-in method cursor of sqlite3.Connection object at 0x7f59d1cbca90>) completed
DEBUG    aiosqlite:core.py:64 executing functools.partial(<built-in method execute of sqlite3.Cursor object at 0x7f59d1ca5e40>, 'PRAGMA temp.table_info("projects")', ())
DEBUG    aiosqlite:core.py:66 operation functools.partial(<built-in method execute of sqlite3.Cursor object at 0x7f59d1ca5e40>, 'PRAGMA temp.table_info("projects")', ()) completed
DEBUG    aiosqlite:core.py:64 executing functools.partial(<built-in method fetchall of sqlite3.Cursor object at 0x7f59d1ca5e40>)
DEBUG    aiosqlite:core.py:66 operation functools.partial(<built-in method fetchall of sqlite3.Cursor object at 0x7f59d1ca5e40>) completed
DEBUG    aiosqlite:core.py:64 executing functools.partial(<built-in method close of sqlite3.Cursor object at 0x7f59d1ca5e40>)
DEBUG    aiosqlite:core.py:66 operation functools.partial(<built-in method close of sqlite3.Cursor object at 0x7f59d1ca5e40>) completed
DEBUG    aiosqlite:core.py:64 executing functools.partial(<built-in method cursor of sqlite3.Connection object at 0x7f59d1cbca90>)
DEBUG    aiosqlite:core.py:66 operation functools.partial(<built-in method cursor of sqlite3.Connection object at 0x7f59d1cbca90>) completed
DEBUG    aiosqlite:core.py:64 executing functools.partial(<built-in method execute of sqlite3.Cursor object at 0x7f59d1ca5f40>, 'PRAGMA main.table_info("repository_links")', ())
DEBUG    aiosqlite:core.py:66 operation functools.partial(<built-in method execute of sqlite3.Cursor object at 0x7f59d1ca5f40>, 'PRAGMA main.table_info("repository_links")', ()) completed
DEBUG    aiosqlite:core.py:64 executing functools.partial(<built-in method fetchall of sqlite3.Cursor object at 0x7f59d1ca5f40>)
DEBUG    aiosqlite:core.py:66 operation functools.partial(<built-in method fetchall of sqlite3.Cursor object at 0x7f59d1ca5f40>) completed
DEBUG    aiosqlite:core.py:64 executing functools.partial(<built-in method close of sqlite3.Cursor object at 0x7f59d1ca5f40>)
DEBUG    aiosqlite:core.py:66 operation functools.partial(<built-in method close of sqlite3.Cursor object at 0x7f59d1ca5f40>) completed
DEBUG    aiosqlite:core.py:64 executing functools.partial(<built-in method cursor of sqlite3.Connection object at 0x7f59d1cbca90>)
DEBUG    aiosqlite:core.py:66 operation functools.partial(<built-in method cursor of sqlite3.Connection object at 0x7f59d1cbca90>) completed
DEBUG    aiosqlite:core.py:64 executing functools.partial(<built-in method execute of sqlite3.Cursor object at 0x7f59d1ca5fc0>, 'PRAGMA temp.table_info("repository_links")', ())
DEBUG    aiosqlite:core.py:66 operation functools.partial(<built-in method execute of sqlite3.Cursor object at 0x7f59d1ca5fc0>, 'PRAGMA temp.table_info("repository_links")', ()) completed
DEBUG    aiosqlite:core.py:64 executing functools.partial(<built-in method fetchall of sqlite3.Cursor object at 0x7f59d1ca5fc0>)
DEBUG    aiosqlite:core.py:66 operation functools.partial(<built-in method fetchall of sqlite3.Cursor object at 0x7f59d1ca5fc0>) completed
DEBUG    aiosqlite:core.py:64 executing functools.partial(<built-in method close of sqlite3.Cursor object at 0x7f59d1ca5fc0>)
DEBUG    aiosqlite:core.py:66 operation functools.partial(<built-in method close of sqlite3.Cursor object at 0x7f59d1ca5fc0>) completed
DEBUG    aiosqlite:core.py:64 executing functools.partial(<built-in method cursor of sqlite3.Connection object at 0x7f59d1cbca90>)
DEBUG    aiosqlite:core.py:66 operation functools.partial(<built-in method cursor of sqlite3.Connection object at 0x7f59d1cbca90>) completed
DEBUG    aiosqlite:core.py:64 executing functools.partial(<built-in method execute of sqlite3.Cursor object at 0x7f59d1ca60c0>, 'PRAGMA main.table_info("tasks")', ())
DEBUG    aiosqlite:core.py:66 operation functools.partial(<built-in method execute of sqlite3.Cursor object at 0x7f59d1ca60c0>, 'PRAGMA main.table_info("tasks")', ()) completed
DEBUG    aiosqlite:core.py:64 executing functools.partial(<built-in method fetchall of sqlite3.Cursor object at 0x7f59d1ca60c0>)
DEBUG    aiosqlite:core.py:66 operation functools.partial(<built-in method fetchall of sqlite3.Cursor object at 0x7f59d1ca60c0>) completed
DEBUG    aiosqlite:core.py:64 executing functools.partial(<built-in method close of sqlite3.Cursor object at 0x7f59d1ca60c0>)
DEBUG    aiosqlite:core.py:66 operation functools.partial(<built-in method close of sqlite3.Cursor object at 0x7f59d1ca60c0>) completed
DEBUG    aiosqlite:core.py:64 executing functools.partial(<built-in method cursor of sqlite3.Connection object at 0x7f59d1cbca90>)
DEBUG    aiosqlite:core.py:66 operation functools.partial(<built-in method cursor of sqlite3.Connection object at 0x7f59d1cbca90>) completed
DEBUG    aiosqlite:core.py:64 executing functools.partial(<built-in method execute of sqlite3.Cursor object at 0x7f59d1ca6140>, 'PRAGMA temp.table_info("tasks")', ())
DEBUG    aiosqlite:core.py:66 operation functools.partial(<built-in method execute of sqlite3.Cursor object at 0x7f59d1ca6140>, 'PRAGMA temp.table_info("tasks")', ()) completed
DEBUG    aiosqlite:core.py:64 executing functools.partial(<built-in method fetchall of sqlite3.Cursor object at 0x7f59d1ca6140>)
DEBUG    aiosqlite:core.py:66 operation functools.partial(<built-in method fetchall of sqlite3.Cursor object at 0x7f59d1ca6140>) completed
DEBUG    aiosqlite:core.py:64 executing functools.partial(<built-in method close of sqlite3.Cursor object at 0x7f59d1ca6140>)
DEBUG    aiosqlite:core.py:66 operation functools.partial(<built-in method close of sqlite3.Cursor object at 0x7f59d1ca6140>) completed
DEBUG    aiosqlite:core.py:64 executing functools.partial(<built-in method cursor of sqlite3.Connection object at 0x7f59d1cbca90>)
DEBUG    aiosqlite:core.py:66 operation functools.partial(<built-in method cursor of sqlite3.Connection object at 0x7f59d1cbca90>) completed
DEBUG    aiosqlite:core.py:64 executing functools.partial(<built-in method execute of sqlite3.Cursor object at 0x7f59d1ca62c0>, 'PRAGMA main.table_info("task_runs")', ())
DEBUG    aiosqlite:core.py:66 operation functools.partial(<built-in method execute of sqlite3.Cursor object at 0x7f59d1ca62c0>, 'PRAGMA main.table_info("task_runs")', ()) completed
DEBUG    aiosqlite:core.py:64 executing functools.partial(<built-in method fetchall of sqlite3.Cursor object at 0x7f59d1ca62c0>)
DEBUG    aiosqlite:core.py:66 operation functools.partial(<built-in method fetchall of sqlite3.Cursor object at 0x7f59d1ca62c0>) completed
DEBUG    aiosqlite:core.py:64 executing functools.partial(<built-in method close of sqlite3.Cursor object at 0x7f59d1ca62c0>)
DEBUG    aiosqlite:core.py:66 operation functools.partial(<built-in method close of sqlite3.Cursor object at 0x7f59d1ca62c0>) completed
DEBUG    aiosqlite:core.py:64 executing functools.partial(<built-in method cursor of sqlite3.Connection object at 0x7f59d1cbca90>)
DEBUG    aiosqlite:core.py:66 operation functools.partial(<built-in method cursor of sqlite3.Connection object at 0x7f59d1cbca90>) completed
DEBUG    aiosqlite:core.py:64 executing functools.partial(<built-in method execute of sqlite3.Cursor object at 0x7f59d1ca6340>, 'PRAGMA temp.table_info("task_runs")', ())
DEBUG    aiosqlite:core.py:66 operation functools.partial(<built-in method execute of sqlite3.Cursor object at 0x7f59d1ca6340>, 'PRAGMA temp.table_info("task_runs")', ()) completed
DEBUG    aiosqlite:core.py:64 executing functools.partial(<built-in method fetchall of sqlite3.Cursor object at 0x7f59d1ca6340>)
DEBUG    aiosqlite:core.py:66 operation functools.partial(<built-in method fetchall of sqlite3.Cursor object at 0x7f59d1ca6340>) completed
DEBUG    aiosqlite:core.py:64 executing functools.partial(<built-in method close of sqlite3.Cursor object at 0x7f59d1ca6340>)
DEBUG    aiosqlite:core.py:66 operation functools.partial(<built-in method close of sqlite3.Cursor object at 0x7f59d1ca6340>) completed
DEBUG    aiosqlite:core.py:64 executing functools.partial(<built-in method cursor of sqlite3.Connection object at 0x7f59d1cbca90>)
DEBUG    aiosqlite:core.py:66 operation functools.partial(<built-in method cursor of sqlite3.Connection object at 0x7f59d1cbca90>) completed
DEBUG    aiosqlite:core.py:64 executing functools.partial(<built-in method execute of sqlite3.Cursor object at 0x7f59d1ca6440>, 'PRAGMA main.table_info("metric_snapshots")', ())
DEBUG    aiosqlite:core.py:66 operation functools.partial(<built-in method execute of sqlite3.Cursor object at 0x7f59d1ca6440>, 'PRAGMA main.table_info("metric_snapshots")', ()) completed
DEBUG    aiosqlite:core.py:64 executing functools.partial(<built-in method fetchall of sqlite3.Cursor object at 0x7f59d1ca6440>)
DEBUG    aiosqlite:core.py:66 operation functools.partial(<built-in method fetchall of sqlite3.Cursor object at 0x7f59d1ca6440>) completed
DEBUG    aiosqlite:core.py:64 executing functools.partial(<built-in method close of sqlite3.Cursor object at 0x7f59d1ca6440>)
DEBUG    aiosqlite:core.py:66 operation functools.partial(<built-in method close of sqlite3.Cursor object at 0x7f59d1ca6440>) completed
DEBUG    aiosqlite:core.py:64 executing functools.partial(<built-in method cursor of sqlite3.Connection object at 0x7f59d1cbca90>)
DEBUG    aiosqlite:core.py:66 operation functools.partial(<built-in method cursor of sqlite3.Connection object at 0x7f59d1cbca90>) completed
DEBUG    aiosqlite:core.py:64 executing functools.partial(<built-in method execute of sqlite3.Cursor object at 0x7f59d1ca64c0>, 'PRAGMA temp.table_info("metric_snapshots")', ())
DEBUG    aiosqlite:core.py:66 operation functools.partial(<built-in method execute of sqlite3.Cursor object at 0x7f59d1ca64c0>, 'PRAGMA temp.table_info("metric_snapshots")', ()) completed
DEBUG    aiosqlite:core.py:64 executing functools.partial(<built-in method fetchall of sqlite3.Cursor object at 0x7f59d1ca64c0>)
DEBUG    aiosqlite:core.py:66 operation functools.partial(<built-in method fetchall of sqlite3.Cursor object at 0x7f59d1ca64c0>) completed
DEBUG    aiosqlite:core.py:64 executing functools.partial(<built-in method close of sqlite3.Cursor object at 0x7f59d1ca64c0>)
DEBUG    aiosqlite:core.py:66 operation functools.partial(<built-in method close of sqlite3.Cursor object at 0x7f59d1ca64c0>) completed
DEBUG    aiosqlite:core.py:64 executing functools.partial(<built-in method cursor of sqlite3.Connection object at 0x7f59d1cbca90>)
DEBUG    aiosqlite:core.py:66 operation functools.partial(<built-in method cursor of sqlite3.Connection object at 0x7f59d1cbca90>) completed
DEBUG    aiosqlite:core.py:64 executing functools.partial(<built-in method execute of sqlite3.Cursor object at 0x7f59d1ca65c0>, 'PRAGMA main.table_info("artifacts")', ())
DEBUG    aiosqlite:core.py:66 operation functools.partial(<built-in method execute of sqlite3.Cursor object at 0x7f59d1ca65c0>, 'PRAGMA main.table_info("artifacts")', ()) completed
DEBUG    aiosqlite:core.py:64 executing functools.partial(<built-in method fetchall of sqlite3.Cursor object at 0x7f59d1ca65c0>)
DEBUG    aiosqlite:core.py:66 operation functools.partial(<built-in method fetchall of sqlite3.Cursor object at 0x7f59d1ca65c0>) completed
DEBUG    aiosqlite:core.py:64 executing functools.partial(<built-in method close of sqlite3.Cursor object at 0x7f59d1ca65c0>)
DEBUG    aiosqlite:core.py:66 operation functools.partial(<built-in method close of sqlite3.Cursor object at 0x7f59d1ca65c0>) completed
DEBUG    aiosqlite:core.py:64 executing functools.partial(<built-in method cursor of sqlite3.Connection object at 0x7f59d1cbca90>)
DEBUG    aiosqlite:core.py:66 operation functools.partial(<built-in method cursor of sqlite3.Connection object at 0x7f59d1cbca90>) completed
DEBUG    aiosqlite:core.py:64 executing functools.partial(<built-in method execute of sqlite3.Cursor object at 0x7f59d1ca6640>, 'PRAGMA temp.table_info("artifacts")', ())
DEBUG    aiosqlite:core.py:66 operation functools.partial(<built-in method execute of sqlite3.Cursor object at 0x7f59d1ca6640>, 'PRAGMA temp.table_info("artifacts")', ()) completed
DEBUG    aiosqlite:core.py:64 executing functools.partial(<built-in method fetchall of sqlite3.Cursor object at 0x7f59d1ca6640>)
DEBUG    aiosqlite:core.py:66 operation functools.partial(<built-in method fetchall of sqlite3.Cursor object at 0x7f59d1ca6640>) completed
DEBUG    aiosqlite:core.py:64 executing functools.partial(<built-in method close of sqlite3.Cursor object at 0x7f59d1ca6640>)
DEBUG    aiosqlite:core.py:66 operation functools.partial(<built-in method close of sqlite3.Cursor object at 0x7f59d1ca6640>) completed
DEBUG    aiosqlite:core.py:64 executing functools.partial(<built-in method cursor of sqlite3.Connection object at 0x7f59d1cbca90>)
DEBUG    aiosqlite:core.py:66 operation functools.partial(<built-in method cursor of sqlite3.Connection object at 0x7f59d1cbca90>) completed
DEBUG    aiosqlite:core.py:64 executing functools.partial(<built-in method execute of sqlite3.Cursor object at 0x7f59d1ca67c0>, 'PRAGMA main.table_info("agent_definitions")', ())
DEBUG    aiosqlite:core.py:66 operation functools.partial(<built-in method execute of sqlite3.Cursor object at 0x7f59d1ca67c0>, 'PRAGMA main.table_info("agent_definitions")', ()) completed
DEBUG    aiosqlite:core.py:64 executing functools.partial(<built-in method fetchall of sqlite3.Cursor object at 0x7f59d1ca67c0>)
DEBUG    aiosqlite:core.py:66 operation functools.partial(<built-in method fetchall of sqlite3.Cursor object at 0x7f59d1ca67c0>) completed
DEBUG    aiosqlite:core.py:64 executing functools.partial(<built-in method close of sqlite3.Cursor object at 0x7f59d1ca67c0>)
DEBUG    aiosqlite:core.py:66 operation functools.partial(<built-in method close of sqlite3.Cursor object at 0x7f59d1ca67c0>) completed
DEBUG    aiosqlite:core.py:64 executing functools.partial(<built-in method cursor of sqlite3.Connection object at 0x7f59d1cbca90>)
DEBUG    aiosqlite:core.py:66 operation functools.partial(<built-in method cursor of sqlite3.Connection object at 0x7f59d1cbca90>) completed
DEBUG    aiosqlite:core.py:64 executing functools.partial(<built-in method execute of sqlite3.Cursor object at 0x7f59d1ca68c0>, 'PRAGMA temp.table_info("agent_definitions")', ())
DEBUG    aiosqlite:core.py:66 operation functools.partial(<built-in method execute of sqlite3.Cursor object at 0x7f59d1ca68c0>, 'PRAGMA temp.table_info("agent_definitions")', ()) completed
DEBUG    aiosqlite:core.py:64 executing functools.partial(<built-in method fetchall of sqlite3.Cursor object at 0x7f59d1ca68c0>)
DEBUG    aiosqlite:core.py:66 operation functools.partial(<built-in method fetchall of sqlite3.Cursor object at 0x7f59d1ca68c0>) completed
DEBUG    aiosqlite:core.py:64 executing functools.partial(<built-in method close of sqlite3.Cursor object at 0x7f59d1ca68c0>)
DEBUG    aiosqlite:core.py:66 operation functools.partial(<built-in method close of sqlite3.Cursor object at 0x7f59d1ca68c0>) completed
DEBUG    aiosqlite:core.py:64 executing functools.partial(<built-in method cursor of sqlite3.Connection object at 0x7f59d1cbca90>)
DEBUG    aiosqlite:core.py:66 operation functools.partial(<built-in method cursor of sqlite3.Connection object at 0x7f59d1cbca90>) completed
DEBUG    aiosqlite:core.py:64 executing functools.partial(<built-in method execute of sqlite3.Cursor object at 0x7f59d1ca6740>, 'PRAGMA main.table_info("agent_instances")', ())
DEBUG    aiosqlite:core.py:66 operation functools.partial(<built-in method execute of sqlite3.Cursor object at 0x7f59d1ca6740>, 'PRAGMA main.table_info("agent_instances")', ()) completed
DEBUG    aiosqlite:core.py:64 executing functools.partial(<built-in method fetchall of sqlite3.Cursor object at 0x7f59d1ca6740>)
DEBUG    aiosqlite:core.py:66 operation functools.partial(<built-in method fetchall of sqlite3.Cursor object at 0x7f59d1ca6740>) completed
DEBUG    aiosqlite:core.py:64 executing functools.partial(<built-in method close of sqlite3.Cursor object at 0x7f59d1ca6740>)
DEBUG    aiosqlite:core.py:66 operation functools.partial(<built-in method close of sqlite3.Cursor object at 0x7f59d1ca6740>) completed
DEBUG    aiosqlite:core.py:64 executing functools.partial(<built-in method cursor of sqlite3.Connection object at 0x7f59d1cbca90>)
DEBUG    aiosqlite:core.py:66 operation functools.partial(<built-in method cursor of sqlite3.Connection object at 0x7f59d1cbca90>) completed
DEBUG    aiosqlite:core.py:64 executing functools.partial(<built-in method execute of sqlite3.Cursor object at 0x7f59d1ca6a40>, 'PRAGMA temp.table_info("agent_instances")', ())
DEBUG    aiosqlite:core.py:66 operation functools.partial(<built-in method execute of sqlite3.Cursor object at 0x7f59d1ca6a40>, 'PRAGMA temp.table_info("agent_instances")', ()) completed
DEBUG    aiosqlite:core.py:64 executing functools.partial(<built-in method fetchall of sqlite3.Cursor object at 0x7f59d1ca6a40>)
DEBUG    aiosqlite:core.py:66 operation functools.partial(<built-in method fetchall of sqlite3.Cursor object at 0x7f59d1ca6a40>) completed
DEBUG    aiosqlite:core.py:64 executing functools.partial(<built-in method close of sqlite3.Cursor object at 0x7f59d1ca6a40>)
DEBUG    aiosqlite:core.py:66 operation functools.partial(<built-in method close of sqlite3.Cursor object at 0x7f59d1ca6a40>) completed
DEBUG    aiosqlite:core.py:64 executing functools.partial(<built-in method cursor of sqlite3.Connection object at 0x7f59d1cbca90>)
DEBUG    aiosqlite:core.py:66 operation functools.partial(<built-in method cursor of sqlite3.Connection object at 0x7f59d1cbca90>) completed
DEBUG    aiosqlite:core.py:64 executing functools.partial(<built-in method execute of sqlite3.Cursor object at 0x7f59d1ca6ac0>, 'PRAGMA main.table_info("agent_contexts")', ())
DEBUG    aiosqlite:core.py:66 operation functools.partial(<built-in method execute of sqlite3.Cursor object at 0x7f59d1ca6ac0>, 'PRAGMA main.table_info("agent_contexts")', ()) completed
DEBUG    aiosqlite:core.py:64 executing functools.partial(<built-in method fetchall of sqlite3.Cursor object at 0x7f59d1ca6ac0>)
DEBUG    aiosqlite:core.py:66 operation functools.partial(<built-in method fetchall of sqlite3.Cursor object at 0x7f59d1ca6ac0>) completed
DEBUG    aiosqlite:core.py:64 executing functools.partial(<built-in method close of sqlite3.Cursor object at 0x7f59d1ca6ac0>)
DEBUG    aiosqlite:core.py:66 operation functools.partial(<built-in method close of sqlite3.Cursor object at 0x7f59d1ca6ac0>) completed
DEBUG    aiosqlite:core.py:64 executing functools.partial(<built-in method cursor of sqlite3.Connection object at 0x7f59d1cbca90>)
DEBUG    aiosqlite:core.py:66 operation functools.partial(<built-in method cursor of sqlite3.Connection object at 0x7f59d1cbca90>) completed
DEBUG    aiosqlite:core.py:64 executing functools.partial(<built-in method execute of sqlite3.Cursor object at 0x7f59d1ca6bc0>, 'PRAGMA temp.table_info("agent_contexts")', ())
DEBUG    aiosqlite:core.py:66 operation functools.partial(<built-in method execute of sqlite3.Cursor object at 0x7f59d1ca6bc0>, 'PRAGMA temp.table_info("agent_contexts")', ()) completed
DEBUG    aiosqlite:core.py:64 executing functools.partial(<built-in method fetchall of sqlite3.Cursor object at 0x7f59d1ca6bc0>)
DEBUG    aiosqlite:core.py:66 operation functools.partial(<built-in method fetchall of sqlite3.Cursor object at 0x7f59d1ca6bc0>) completed
DEBUG    aiosqlite:core.py:64 executing functools.partial(<built-in method close of sqlite3.Cursor object at 0x7f59d1ca6bc0>)
DEBUG    aiosqlite:core.py:66 operation functools.partial(<built-in method close of sqlite3.Cursor object at 0x7f59d1ca6bc0>) completed
DEBUG    aiosqlite:core.py:64 executing functools.partial(<built-in method cursor of sqlite3.Connection object at 0x7f59d1cbca90>)
DEBUG    aiosqlite:core.py:66 operation functools.partial(<built-in method cursor of sqlite3.Connection object at 0x7f59d1cbca90>) completed
DEBUG    aiosqlite:core.py:64 executing functools.partial(<built-in method execute of sqlite3.Cursor object at 0x7f59d1ca6c40>, 'PRAGMA main.table_info("agent_context_versions")', ())
DEBUG    aiosqlite:core.py:66 operation functools.partial(<built-in method execute of sqlite3.Cursor object at 0x7f59d1ca6c40>, 'PRAGMA main.table_info("agent_context_versions")', ()) completed
DEBUG    aiosqlite:core.py:64 executing functools.partial(<built-in method fetchall of sqlite3.Cursor object at 0x7f59d1ca6c40>)
DEBUG    aiosqlite:core.py:66 operation functools.partial(<built-in method fetchall of sqlite3.Cursor object at 0x7f59d1ca6c40>) completed
DEBUG    aiosqlite:core.py:64 executing functools.partial(<built-in method close of sqlite3.Cursor object at 0x7f59d1ca6c40>)
DEBUG    aiosqlite:core.py:66 operation functools.partial(<built-in method close of sqlite3.Cursor object at 0x7f59d1ca6c40>) completed
DEBUG    aiosqlite:core.py:64 executing functools.partial(<built-in method cursor of sqlite3.Connection object at 0x7f59d1cbca90>)
DEBUG    aiosqlite:core.py:66 operation functools.partial(<built-in method cursor of sqlite3.Connection object at 0x7f59d1cbca90>) completed
DEBUG    aiosqlite:core.py:64 executing functools.partial(<built-in method execute of sqlite3.Cursor object at 0x7f59d1ca6d40>, 'PRAGMA temp.table_info("agent_context_versions")', ())
DEBUG    aiosqlite:core.py:66 operation functools.partial(<built-in method execute of sqlite3.Cursor object at 0x7f59d1ca6d40>, 'PRAGMA temp.table_info("agent_context_versions")', ()) completed
DEBUG    aiosqlite:core.py:64 executing functools.partial(<built-in method fetchall of sqlite3.Cursor object at 0x7f59d1ca6d40>)
DEBUG    aiosqlite:core.py:66 operation functools.partial(<built-in method fetchall of sqlite3.Cursor object at 0x7f59d1ca6d40>) completed
DEBUG    aiosqlite:core.py:64 executing functools.partial(<built-in method close of sqlite3.Cursor object at 0x7f59d1ca6d40>)
DEBUG    aiosqlite:core.py:66 operation functools.partial(<built-in method close of sqlite3.Cursor object at 0x7f59d1ca6d40>) completed
DEBUG    aiosqlite:core.py:64 executing functools.partial(<built-in method cursor of sqlite3.Connection object at 0x7f59d1cbca90>)
DEBUG    aiosqlite:core.py:66 operation functools.partial(<built-in method cursor of sqlite3.Connection object at 0x7f59d1cbca90>) completed
DEBUG    aiosqlite:core.py:64 executing functools.partial(<built-in method execute of sqlite3.Cursor object at 0x7f59d1ca6dc0>, 'PRAGMA main.table_info("agent_messages")', ())
DEBUG    aiosqlite:core.py:66 operation functools.partial(<built-in method execute of sqlite3.Cursor object at 0x7f59d1ca6dc0>, 'PRAGMA main.table_info("agent_messages")', ()) completed
DEBUG    aiosqlite:core.py:64 executing functools.partial(<built-in method fetchall of sqlite3.Cursor object at 0x7f59d1ca6dc0>)
DEBUG    aiosqlite:core.py:66 operation functools.partial(<built-in method fetchall of sqlite3.Cursor object at 0x7f59d1ca6dc0>) completed
DEBUG    aiosqlite:core.py:64 executing functools.partial(<built-in method close of sqlite3.Cursor object at 0x7f59d1ca6dc0>)
DEBUG    aiosqlite:core.py:66 operation functools.partial(<built-in method close of sqlite3.Cursor object at 0x7f59d1ca6dc0>) completed
DEBUG    aiosqlite:core.py:64 executing functools.partial(<built-in method cursor of sqlite3.Connection object at 0x7f59d1cbca90>)
DEBUG    aiosqlite:core.py:66 operation functools.partial(<built-in method cursor of sqlite3.Connection object at 0x7f59d1cbca90>) completed
DEBUG    aiosqlite:core.py:64 executing functools.partial(<built-in method execute of sqlite3.Cursor object at 0x7f59d1ca6ec0>, 'PRAGMA temp.table_info("agent_messages")', ())
DEBUG    aiosqlite:core.py:66 operation functools.partial(<built-in method execute of sqlite3.Cursor object at 0x7f59d1ca6ec0>, 'PRAGMA temp.table_info("agent_messages")', ()) completed
DEBUG    aiosqlite:core.py:64 executing functools.partial(<built-in method fetchall of sqlite3.Cursor object at 0x7f59d1ca6ec0>)
DEBUG    aiosqlite:core.py:66 operation functools.partial(<built-in method fetchall of sqlite3.Cursor object at 0x7f59d1ca6ec0>) completed
DEBUG    aiosqlite:core.py:64 executing functools.partial(<built-in method close of sqlite3.Cursor object at 0x7f59d1ca6ec0>)
DEBUG    aiosqlite:core.py:66 operation functools.partial(<built-in method close of sqlite3.Cursor object at 0x7f59d1ca6ec0>) completed
DEBUG    aiosqlite:core.py:64 executing functools.partial(<built-in method cursor of sqlite3.Connection object at 0x7f59d1cbca90>)
DEBUG    aiosqlite:core.py:66 operation functools.partial(<built-in method cursor of sqlite3.Connection object at 0x7f59d1cbca90>) completed
DEBUG    aiosqlite:core.py:64 executing functools.partial(<built-in method execute of sqlite3.Cursor object at 0x7f59d1ca6f40>, 'PRAGMA main.table_info("workflow_definitions")', ())
DEBUG    aiosqlite:core.py:66 operation functools.partial(<built-in method execute of sqlite3.Cursor object at 0x7f59d1ca6f40>, 'PRAGMA main.table_info("workflow_definitions")', ()) completed
DEBUG    aiosqlite:core.py:64 executing functools.partial(<built-in method fetchall of sqlite3.Cursor object at 0x7f59d1ca6f40>)
DEBUG    aiosqlite:core.py:66 operation functools.partial(<built-in method fetchall of sqlite3.Cursor object at 0x7f59d1ca6f40>) completed
DEBUG    aiosqlite:core.py:64 executing functools.partial(<built-in method close of sqlite3.Cursor object at 0x7f59d1ca6f40>)
DEBUG    aiosqlite:core.py:66 operation functools.partial(<built-in method close of sqlite3.Cursor object at 0x7f59d1ca6f40>) completed
DEBUG    aiosqlite:core.py:64 executing functools.partial(<built-in method cursor of sqlite3.Connection object at 0x7f59d1cbca90>)
DEBUG    aiosqlite:core.py:66 operation functools.partial(<built-in method cursor of sqlite3.Connection object at 0x7f59d1cbca90>) completed
DEBUG    aiosqlite:core.py:64 executing functools.partial(<built-in method execute of sqlite3.Cursor object at 0x7f59d1ca7040>, 'PRAGMA temp.table_info("workflow_definitions")', ())
DEBUG    aiosqlite:core.py:66 operation functools.partial(<built-in method execute of sqlite3.Cursor object at 0x7f59d1ca7040>, 'PRAGMA temp.table_info("workflow_definitions")', ()) completed
DEBUG    aiosqlite:core.py:64 executing functools.partial(<built-in method fetchall of sqlite3.Cursor object at 0x7f59d1ca7040>)
DEBUG    aiosqlite:core.py:66 operation functools.partial(<built-in method fetchall of sqlite3.Cursor object at 0x7f59d1ca7040>) completed
DEBUG    aiosqlite:core.py:64 executing functools.partial(<built-in method close of sqlite3.Cursor object at 0x7f59d1ca7040>)
DEBUG    aiosqlite:core.py:66 operation functools.partial(<built-in method close of sqlite3.Cursor object at 0x7f59d1ca7040>) completed
DEBUG    aiosqlite:core.py:64 executing functools.partial(<built-in method cursor of sqlite3.Connection object at 0x7f59d1cbca90>)
DEBUG    aiosqlite:core.py:66 operation functools.partial(<built-in method cursor of sqlite3.Connection object at 0x7f59d1cbca90>) completed
DEBUG    aiosqlite:core.py:64 executing functools.partial(<built-in method execute of sqlite3.Cursor object at 0x7f59d1ca70c0>, 'PRAGMA main.table_info("workflow_steps")', ())
DEBUG    aiosqlite:core.py:66 operation functools.partial(<built-in method execute of sqlite3.Cursor object at 0x7f59d1ca70c0>, 'PRAGMA main.table_info("workflow_steps")', ()) completed
DEBUG    aiosqlite:core.py:64 executing functools.partial(<built-in method fetchall of sqlite3.Cursor object at 0x7f59d1ca70c0>)
DEBUG    aiosqlite:core.py:66 operation functools.partial(<built-in method fetchall of sqlite3.Cursor object at 0x7f59d1ca70c0>) completed
DEBUG    aiosqlite:core.py:64 executing functools.partial(<built-in method close of sqlite3.Cursor object at 0x7f59d1ca70c0>)
DEBUG    aiosqlite:core.py:66 operation functools.partial(<built-in method close of sqlite3.Cursor object at 0x7f59d1ca70c0>) completed
DEBUG    aiosqlite:core.py:64 executing functools.partial(<built-in method cursor of sqlite3.Connection object at 0x7f59d1cbca90>)
DEBUG    aiosqlite:core.py:66 operation functools.partial(<built-in method cursor of sqlite3.Connection object at 0x7f59d1cbca90>) completed
DEBUG    aiosqlite:core.py:64 executing functools.partial(<built-in method execute of sqlite3.Cursor object at 0x7f59d1ca71c0>, 'PRAGMA temp.table_info("workflow_steps")', ())
DEBUG    aiosqlite:core.py:66 operation functools.partial(<built-in method execute of sqlite3.Cursor object at 0x7f59d1ca71c0>, 'PRAGMA temp.table_info("workflow_steps")', ()) completed
DEBUG    aiosqlite:core.py:64 executing functools.partial(<built-in method fetchall of sqlite3.Cursor object at 0x7f59d1ca71c0>)
DEBUG    aiosqlite:core.py:66 operation functools.partial(<built-in method fetchall of sqlite3.Cursor object at 0x7f59d1ca71c0>) completed
DEBUG    aiosqlite:core.py:64 executing functools.partial(<built-in method close of sqlite3.Cursor object at 0x7f59d1ca71c0>)
DEBUG    aiosqlite:core.py:66 operation functools.partial(<built-in method close of sqlite3.Cursor object at 0x7f59d1ca71c0>) completed
DEBUG    aiosqlite:core.py:64 executing functools.partial(<built-in method cursor of sqlite3.Connection object at 0x7f59d1cbca90>)
DEBUG    aiosqlite:core.py:66 operation functools.partial(<built-in method cursor of sqlite3.Connection object at 0x7f59d1cbca90>) completed
DEBUG    aiosqlite:core.py:64 executing functools.partial(<built-in method execute of sqlite3.Cursor object at 0x7f59d1ca7240>, 'PRAGMA main.table_info("workflow_variables")', ())
DEBUG    aiosqlite:core.py:66 operation functools.partial(<built-in method execute of sqlite3.Cursor object at 0x7f59d1ca7240>, 'PRAGMA main.table_info("workflow_variables")', ()) completed
DEBUG    aiosqlite:core.py:64 executing functools.partial(<built-in method fetchall of sqlite3.Cursor object at 0x7f59d1ca7240>)
DEBUG    aiosqlite:core.py:66 operation functools.partial(<built-in method fetchall of sqlite3.Cursor object at 0x7f59d1ca7240>) completed
DEBUG    aiosqlite:core.py:64 executing functools.partial(<built-in method close of sqlite3.Cursor object at 0x7f59d1ca7240>)
DEBUG    aiosqlite:core.py:66 operation functools.partial(<built-in method close of sqlite3.Cursor object at 0x7f59d1ca7240>) completed
DEBUG    aiosqlite:core.py:64 executing functools.partial(<built-in method cursor of sqlite3.Connection object at 0x7f59d1cbca90>)
DEBUG    aiosqlite:core.py:66 operation functools.partial(<built-in method cursor of sqlite3.Connection object at 0x7f59d1cbca90>) completed
DEBUG    aiosqlite:core.py:64 executing functools.partial(<built-in method execute of sqlite3.Cursor object at 0x7f59d1ca7340>, 'PRAGMA temp.table_info("workflow_variables")', ())
DEBUG    aiosqlite:core.py:66 operation functools.partial(<built-in method execute of sqlite3.Cursor object at 0x7f59d1ca7340>, 'PRAGMA temp.table_info("workflow_variables")', ()) completed
DEBUG    aiosqlite:core.py:64 executing functools.partial(<built-in method fetchall of sqlite3.Cursor object at 0x7f59d1ca7340>)
DEBUG    aiosqlite:core.py:66 operation functools.partial(<built-in method fetchall of sqlite3.Cursor object at 0x7f59d1ca7340>) completed
DEBUG    aiosqlite:core.py:64 executing functools.partial(<built-in method close of sqlite3.Cursor object at 0x7f59d1ca7340>)
DEBUG    aiosqlite:core.py:66 operation functools.partial(<built-in method close of sqlite3.Cursor object at 0x7f59d1ca7340>) completed
DEBUG    aiosqlite:core.py:64 executing functools.partial(<built-in method cursor of sqlite3.Connection object at 0x7f59d1cbca90>)
DEBUG    aiosqlite:core.py:66 operation functools.partial(<built-in method cursor of sqlite3.Connection object at 0x7f59d1cbca90>) completed
DEBUG    aiosqlite:core.py:64 executing functools.partial(<built-in method execute of sqlite3.Cursor object at 0x7f59d1ca73c0>, 'PRAGMA main.table_info("workflow_executions")', ())
DEBUG    aiosqlite:core.py:66 operation functools.partial(<built-in method execute of sqlite3.Cursor object at 0x7f59d1ca73c0>, 'PRAGMA main.table_info("workflow_executions")', ()) completed
DEBUG    aiosqlite:core.py:64 executing functools.partial(<built-in method fetchall of sqlite3.Cursor object at 0x7f59d1ca73c0>)
DEBUG    aiosqlite:core.py:66 operation functools.partial(<built-in method fetchall of sqlite3.Cursor object at 0x7f59d1ca73c0>) completed
DEBUG    aiosqlite:core.py:64 executing functools.partial(<built-in method close of sqlite3.Cursor object at 0x7f59d1ca73c0>)
DEBUG    aiosqlite:core.py:66 operation functools.partial(<built-in method close of sqlite3.Cursor object at 0x7f59d1ca73c0>) completed
DEBUG    aiosqlite:core.py:64 executing functools.partial(<built-in method cursor of sqlite3.Connection object at 0x7f59d1cbca90>)
DEBUG    aiosqlite:core.py:66 operation functools.partial(<built-in method cursor of sqlite3.Connection object at 0x7f59d1cbca90>) completed
DEBUG    aiosqlite:core.py:64 executing functools.partial(<built-in method execute of sqlite3.Cursor object at 0x7f59d1ca74c0>, 'PRAGMA temp.table_info("workflow_executions")', ())
DEBUG    aiosqlite:core.py:66 operation functools.partial(<built-in method execute of sqlite3.Cursor object at 0x7f59d1ca74c0>, 'PRAGMA temp.table_info("workflow_executions")', ()) completed
DEBUG    aiosqlite:core.py:64 executing functools.partial(<built-in method fetchall of sqlite3.Cursor object at 0x7f59d1ca74c0>)
DEBUG    aiosqlite:core.py:66 operation functools.partial(<built-in method fetchall of sqlite3.Cursor object at 0x7f59d1ca74c0>) completed
DEBUG    aiosqlite:core.py:64 executing functools.partial(<built-in method close of sqlite3.Cursor object at 0x7f59d1ca74c0>)
DEBUG    aiosqlite:core.py:66 operation functools.partial(<built-in method close of sqlite3.Cursor object at 0x7f59d1ca74c0>) completed
DEBUG    aiosqlite:core.py:64 executing functools.partial(<built-in method cursor of sqlite3.Connection object at 0x7f59d1cbca90>)
DEBUG    aiosqlite:core.py:66 operation functools.partial(<built-in method cursor of sqlite3.Connection object at 0x7f59d1cbca90>) completed
DEBUG    aiosqlite:core.py:64 executing functools.partial(<built-in method execute of sqlite3.Cursor object at 0x7f59d1ca7540>, 'PRAGMA main.table_info("workflow_step_executions")', ())
DEBUG    aiosqlite:core.py:66 operation functools.partial(<built-in method execute of sqlite3.Cursor object at 0x7f59d1ca7540>, 'PRAGMA main.table_info("workflow_step_executions")', ()) completed
DEBUG    aiosqlite:core.py:64 executing functools.partial(<built-in method fetchall of sqlite3.Cursor object at 0x7f59d1ca7540>)
DEBUG    aiosqlite:core.py:66 operation functools.partial(<built-in method fetchall of sqlite3.Cursor object at 0x7f59d1ca7540>) completed
DEBUG    aiosqlite:core.py:64 executing functools.partial(<built-in method close of sqlite3.Cursor object at 0x7f59d1ca7540>)
DEBUG    aiosqlite:core.py:66 operation functools.partial(<built-in method close of sqlite3.Cursor object at 0x7f59d1ca7540>) completed
DEBUG    aiosqlite:core.py:64 executing functools.partial(<built-in method cursor of sqlite3.Connection object at 0x7f59d1cbca90>)
DEBUG    aiosqlite:core.py:66 operation functools.partial(<built-in method cursor of sqlite3.Connection object at 0x7f59d1cbca90>) completed
DEBUG    aiosqlite:core.py:64 executing functools.partial(<built-in method execute of sqlite3.Cursor object at 0x7f59d1ca7640>, 'PRAGMA temp.table_info("workflow_step_executions")', ())
DEBUG    aiosqlite:core.py:66 operation functools.partial(<built-in method execute of sqlite3.Cursor object at 0x7f59d1ca7640>, 'PRAGMA temp.table_info("workflow_step_executions")', ()) completed
DEBUG    aiosqlite:core.py:64 executing functools.partial(<built-in method fetchall of sqlite3.Cursor object at 0x7f59d1ca7640>)
DEBUG    aiosqlite:core.py:66 operation functools.partial(<built-in method fetchall of sqlite3.Cursor object at 0x7f59d1ca7640>) completed
DEBUG    aiosqlite:core.py:64 executing functools.partial(<built-in method close of sqlite3.Cursor object at 0x7f59d1ca7640>)
DEBUG    aiosqlite:core.py:66 operation functools.partial(<built-in method close of sqlite3.Cursor object at 0x7f59d1ca7640>) completed
DEBUG    aiosqlite:core.py:64 executing functools.partial(<built-in method cursor of sqlite3.Connection object at 0x7f59d1cbca90>)
DEBUG    aiosqlite:core.py:66 operation functools.partial(<built-in method cursor of sqlite3.Connection object at 0x7f59d1cbca90>) completed
DEBUG    aiosqlite:core.py:64 executing functools.partial(<built-in method execute of sqlite3.Cursor object at 0x7f59d1ca6840>, 'PRAGMA main.table_info("sandbox_executions")', ())
DEBUG    aiosqlite:core.py:66 operation functools.partial(<built-in method execute of sqlite3.Cursor object at 0x7f59d1ca6840>, 'PRAGMA main.table_info("sandbox_executions")', ()) completed
DEBUG    aiosqlite:core.py:64 executing functools.partial(<built-in method fetchall of sqlite3.Cursor object at 0x7f59d1ca6840>)
DEBUG    aiosqlite:core.py:66 operation functools.partial(<built-in method fetchall of sqlite3.Cursor object at 0x7f59d1ca6840>) completed
DEBUG    aiosqlite:core.py:64 executing functools.partial(<built-in method close of sqlite3.Cursor object at 0x7f59d1ca6840>)
DEBUG    aiosqlite:core.py:66 operation functools.partial(<built-in method close of sqlite3.Cursor object at 0x7f59d1ca6840>) completed
DEBUG    aiosqlite:core.py:64 executing functools.partial(<built-in method cursor of sqlite3.Connection object at 0x7f59d1cbca90>)
DEBUG    aiosqlite:core.py:66 operation functools.partial(<built-in method cursor of sqlite3.Connection object at 0x7f59d1cbca90>) completed
DEBUG    aiosqlite:core.py:64 executing functools.partial(<built-in method execute of sqlite3.Cursor object at 0x7f59d1ca7740>, 'PRAGMA temp.table_info("sandbox_executions")', ())
DEBUG    aiosqlite:core.py:66 operation functools.partial(<built-in method execute of sqlite3.Cursor object at 0x7f59d1ca7740>, 'PRAGMA temp.table_info("sandbox_executions")', ()) completed
DEBUG    aiosqlite:core.py:64 executing functools.partial(<built-in method fetchall of sqlite3.Cursor object at 0x7f59d1ca7740>)
DEBUG    aiosqlite:core.py:66 operation functools.partial(<built-in method fetchall of sqlite3.Cursor object at 0x7f59d1ca7740>) completed
DEBUG    aiosqlite:core.py:64 executing functools.partial(<built-in method close of sqlite3.Cursor object at 0x7f59d1ca7740>)
DEBUG    aiosqlite:core.py:66 operation functools.partial(<built-in method close of sqlite3.Cursor object at 0x7f59d1ca7740>) completed
DEBUG    aiosqlite:core.py:64 executing functools.partial(<built-in method cursor of sqlite3.Connection object at 0x7f59d1cbca90>)
DEBUG    aiosqlite:core.py:66 operation functools.partial(<built-in method cursor of sqlite3.Connection object at 0x7f59d1cbca90>) completed
DEBUG    aiosqlite:core.py:64 executing functools.partial(<built-in method execute of sqlite3.Cursor object at 0x7f59d1ca77c0>, 'PRAGMA main.table_info("quality_gates")', ())
DEBUG    aiosqlite:core.py:66 operation functools.partial(<built-in method execute of sqlite3.Cursor object at 0x7f59d1ca77c0>, 'PRAGMA main.table_info("quality_gates")', ()) completed
DEBUG    aiosqlite:core.py:64 executing functools.partial(<built-in method fetchall of sqlite3.Cursor object at 0x7f59d1ca77c0>)
DEBUG    aiosqlite:core.py:66 operation functools.partial(<built-in method fetchall of sqlite3.Cursor object at 0x7f59d1ca77c0>) completed
DEBUG    aiosqlite:core.py:64 executing functools.partial(<built-in method close of sqlite3.Cursor object at 0x7f59d1ca77c0>)
DEBUG    aiosqlite:core.py:66 operation functools.partial(<built-in method close of sqlite3.Cursor object at 0x7f59d1ca77c0>) completed
DEBUG    aiosqlite:core.py:64 executing functools.partial(<built-in method cursor of sqlite3.Connection object at 0x7f59d1cbca90>)
DEBUG    aiosqlite:core.py:66 operation functools.partial(<built-in method cursor of sqlite3.Connection object at 0x7f59d1cbca90>) completed
DEBUG    aiosqlite:core.py:64 executing functools.partial(<built-in method execute of sqlite3.Cursor object at 0x7f59d1ca78c0>, 'PRAGMA temp.table_info("quality_gates")', ())
DEBUG    aiosqlite:core.py:66 operation functools.partial(<built-in method execute of sqlite3.Cursor object at 0x7f59d1ca78c0>, 'PRAGMA temp.table_info("quality_gates")', ()) completed
DEBUG    aiosqlite:core.py:64 executing functools.partial(<built-in method fetchall of sqlite3.Cursor object at 0x7f59d1ca78c0>)
DEBUG    aiosqlite:core.py:66 operation functools.partial(<built-in method fetchall of sqlite3.Cursor object at 0x7f59d1ca78c0>) completed
DEBUG    aiosqlite:core.py:64 executing functools.partial(<built-in method close of sqlite3.Cursor object at 0x7f59d1ca78c0>)
DEBUG    aiosqlite:core.py:66 operation functools.partial(<built-in method close of sqlite3.Cursor object at 0x7f59d1ca78c0>) completed
DEBUG    aiosqlite:core.py:64 executing functools.partial(<built-in method cursor of sqlite3.Connection object at 0x7f59d1cbca90>)
DEBUG    aiosqlite:core.py:66 operation functools.partial(<built-in method cursor of sqlite3.Connection object at 0x7f59d1cbca90>) completed
DEBUG    aiosqlite:core.py:64 executing functools.partial(<built-in method execute of sqlite3.Cursor object at 0x7f59d1ca7940>, 'PRAGMA main.table_info("gate_executions")', ())
DEBUG    aiosqlite:core.py:66 operation functools.partial(<built-in method execute of sqlite3.Cursor object at 0x7f59d1ca7940>, 'PRAGMA main.table_info("gate_executions")', ()) completed
DEBUG    aiosqlite:core.py:64 executing functools.partial(<built-in method fetchall of sqlite3.Cursor object at 0x7f59d1ca7940>)
DEBUG    aiosqlite:core.py:66 operation functools.partial(<built-in method fetchall of sqlite3.Cursor object at 0x7f59d1ca7940>) completed
DEBUG    aiosqlite:core.py:64 executing functools.partial(<built-in method close of sqlite3.Cursor object at 0x7f59d1ca7940>)
DEBUG    aiosqlite:core.py:66 operation functools.partial(<built-in method close of sqlite3.Cursor object at 0x7f59d1ca7940>) completed
DEBUG    aiosqlite:core.py:64 executing functools.partial(<built-in method cursor of sqlite3.Connection object at 0x7f59d1cbca90>)
DEBUG    aiosqlite:core.py:66 operation functools.partial(<built-in method cursor of sqlite3.Connection object at 0x7f59d1cbca90>) completed
DEBUG    aiosqlite:core.py:64 executing functools.partial(<built-in method execute of sqlite3.Cursor object at 0x7f59d1ca7a40>, 'PRAGMA temp.table_info("gate_executions")', ())
DEBUG    aiosqlite:core.py:66 operation functools.partial(<built-in method execute of sqlite3.Cursor object at 0x7f59d1ca7a40>, 'PRAGMA temp.table_info("gate_executions")', ()) completed
DEBUG    aiosqlite:core.py:64 executing functools.partial(<built-in method fetchall of sqlite3.Cursor object at 0x7f59d1ca7a40>)
DEBUG    aiosqlite:core.py:66 operation functools.partial(<built-in method fetchall of sqlite3.Cursor object at 0x7f59d1ca7a40>) completed
DEBUG    aiosqlite:core.py:64 executing functools.partial(<built-in method close of sqlite3.Cursor object at 0x7f59d1ca7a40>)
DEBUG    aiosqlite:core.py:66 operation functools.partial(<built-in method close of sqlite3.Cursor object at 0x7f59d1ca7a40>) completed
DEBUG    aiosqlite:core.py:64 executing functools.partial(<built-in method cursor of sqlite3.Connection object at 0x7f59d1cbca90>)
DEBUG    aiosqlite:core.py:66 operation functools.partial(<built-in method cursor of sqlite3.Connection object at 0x7f59d1cbca90>) completed
DEBUG    aiosqlite:core.py:64 executing functools.partial(<built-in method execute of sqlite3.Cursor object at 0x7f59d1ca7ac0>, 'PRAGMA main.table_info("roles")', ())
DEBUG    aiosqlite:core.py:66 operation functools.partial(<built-in method execute of sqlite3.Cursor object at 0x7f59d1ca7ac0>, 'PRAGMA main.table_info("roles")', ()) completed
DEBUG    aiosqlite:core.py:64 executing functools.partial(<built-in method fetchall of sqlite3.Cursor object at 0x7f59d1ca7ac0>)
DEBUG    aiosqlite:core.py:66 operation functools.partial(<built-in method fetchall of sqlite3.Cursor object at 0x7f59d1ca7ac0>) completed
DEBUG    aiosqlite:core.py:64 executing functools.partial(<built-in method close of sqlite3.Cursor object at 0x7f59d1ca7ac0>)
DEBUG    aiosqlite:core.py:66 operation functools.partial(<built-in method close of sqlite3.Cursor object at 0x7f59d1ca7ac0>) completed
DEBUG    aiosqlite:core.py:64 executing functools.partial(<built-in method cursor of sqlite3.Connection object at 0x7f59d1cbca90>)
DEBUG    aiosqlite:core.py:66 operation functools.partial(<built-in method cursor of sqlite3.Connection object at 0x7f59d1cbca90>) completed
DEBUG    aiosqlite:core.py:64 executing functools.partial(<built-in method execute of sqlite3.Cursor object at 0x7f59d1ca7bc0>, 'PRAGMA temp.table_info("roles")', ())
DEBUG    aiosqlite:core.py:66 operation functools.partial(<built-in method execute of sqlite3.Cursor object at 0x7f59d1ca7bc0>, 'PRAGMA temp.table_info("roles")', ()) completed
DEBUG    aiosqlite:core.py:64 executing functools.partial(<built-in method fetchall of sqlite3.Cursor object at 0x7f59d1ca7bc0>)
DEBUG    aiosqlite:core.py:66 operation functools.partial(<built-in method fetchall of sqlite3.Cursor object at 0x7f59d1ca7bc0>) completed
DEBUG    aiosqlite:core.py:64 executing functools.partial(<built-in method close of sqlite3.Cursor object at 0x7f59d1ca7bc0>)
DEBUG    aiosqlite:core.py:66 operation functools.partial(<built-in method close of sqlite3.Cursor object at 0x7f59d1ca7bc0>) completed
DEBUG    aiosqlite:core.py:64 executing functools.partial(<built-in method cursor of sqlite3.Connection object at 0x7f59d1cbca90>)
DEBUG    aiosqlite:core.py:66 operation functools.partial(<built-in method cursor of sqlite3.Connection object at 0x7f59d1cbca90>) completed
DEBUG    aiosqlite:core.py:64 executing functools.partial(<built-in method execute of sqlite3.Cursor object at 0x7f59d1ca7c40>, 'PRAGMA main.table_info("user_roles")', ())
DEBUG    aiosqlite:core.py:66 operation functools.partial(<built-in method execute of sqlite3.Cursor object at 0x7f59d1ca7c40>, 'PRAGMA main.table_info("user_roles")', ()) completed
DEBUG    aiosqlite:core.py:64 executing functools.partial(<built-in method fetchall of sqlite3.Cursor object at 0x7f59d1ca7c40>)
DEBUG    aiosqlite:core.py:66 operation functools.partial(<built-in method fetchall of sqlite3.Cursor object at 0x7f59d1ca7c40>) completed
DEBUG    aiosqlite:core.py:64 executing functools.partial(<built-in method close of sqlite3.Cursor object at 0x7f59d1ca7c40>)
DEBUG    aiosqlite:core.py:66 operation functools.partial(<built-in method close of sqlite3.Cursor object at 0x7f59d1ca7c40>) completed
DEBUG    aiosqlite:core.py:64 executing functools.partial(<built-in method cursor of sqlite3.Connection object at 0x7f59d1cbca90>)
DEBUG    aiosqlite:core.py:66 operation functools.partial(<built-in method cursor of sqlite3.Connection object at 0x7f59d1cbca90>) completed
DEBUG    aiosqlite:core.py:64 executing functools.partial(<built-in method execute of sqlite3.Cursor object at 0x7f59d1ca7d40>, 'PRAGMA temp.table_info("user_roles")', ())
DEBUG    aiosqlite:core.py:66 operation functools.partial(<built-in method execute of sqlite3.Cursor object at 0x7f59d1ca7d40>, 'PRAGMA temp.table_info("user_roles")', ()) completed
DEBUG    aiosqlite:core.py:64 executing functools.partial(<built-in method fetchall of sqlite3.Cursor object at 0x7f59d1ca7d40>)
DEBUG    aiosqlite:core.py:66 operation functools.partial(<built-in method fetchall of sqlite3.Cursor object at 0x7f59d1ca7d40>) completed
DEBUG    aiosqlite:core.py:64 executing functools.partial(<built-in method close of sqlite3.Cursor object at 0x7f59d1ca7d40>)
DEBUG    aiosqlite:core.py:66 operation functools.partial(<built-in method close of sqlite3.Cursor object at 0x7f59d1ca7d40>) completed
DEBUG    aiosqlite:core.py:64 executing functools.partial(<built-in method cursor of sqlite3.Connection object at 0x7f59d1cbca90>)
DEBUG    aiosqlite:core.py:66 operation functools.partial(<built-in method cursor of sqlite3.Connection object at 0x7f59d1cbca90>) completed
DEBUG    aiosqlite:core.py:64 executing functools.partial(<built-in method execute of sqlite3.Cursor object at 0x7f59d1ca7dc0>, 'PRAGMA main.table_info("permissions")', ())
DEBUG    aiosqlite:core.py:66 operation functools.partial(<built-in method execute of sqlite3.Cursor object at 0x7f59d1ca7dc0>, 'PRAGMA main.table_info("permissions")', ()) completed
DEBUG    aiosqlite:core.py:64 executing functools.partial(<built-in method fetchall of sqlite3.Cursor object at 0x7f59d1ca7dc0>)
DEBUG    aiosqlite:core.py:66 operation functools.partial(<built-in method fetchall of sqlite3.Cursor object at 0x7f59d1ca7dc0>) completed
DEBUG    aiosqlite:core.py:64 executing functools.partial(<built-in method close of sqlite3.Cursor object at 0x7f59d1ca7dc0>)
DEBUG    aiosqlite:core.py:66 operation functools.partial(<built-in method close of sqlite3.Cursor object at 0x7f59d1ca7dc0>) completed
DEBUG    aiosqlite:core.py:64 executing functools.partial(<built-in method cursor of sqlite3.Connection object at 0x7f59d1cbca90>)
DEBUG    aiosqlite:core.py:66 operation functools.partial(<built-in method cursor of sqlite3.Connection object at 0x7f59d1cbca90>) completed
DEBUG    aiosqlite:core.py:64 executing functools.partial(<built-in method execute of sqlite3.Cursor object at 0x7f59d1ca7ec0>, 'PRAGMA temp.table_info("permissions")', ())
DEBUG    aiosqlite:core.py:66 operation functools.partial(<built-in method execute of sqlite3.Cursor object at 0x7f59d1ca7ec0>, 'PRAGMA temp.table_info("permissions")', ()) completed
DEBUG    aiosqlite:core.py:64 executing functools.partial(<built-in method fetchall of sqlite3.Cursor object at 0x7f59d1ca7ec0>)
DEBUG    aiosqlite:core.py:66 operation functools.partial(<built-in method fetchall of sqlite3.Cursor object at 0x7f59d1ca7ec0>) completed
DEBUG    aiosqlite:core.py:64 executing functools.partial(<built-in method close of sqlite3.Cursor object at 0x7f59d1ca7ec0>)
DEBUG    aiosqlite:core.py:66 operation functools.partial(<built-in method close of sqlite3.Cursor object at 0x7f59d1ca7ec0>) completed
DEBUG    aiosqlite:core.py:64 executing functools.partial(<built-in method cursor of sqlite3.Connection object at 0x7f59d1cbca90>)
DEBUG    aiosqlite:core.py:66 operation functools.partial(<built-in method cursor of sqlite3.Connection object at 0x7f59d1cbca90>) completed
DEBUG    aiosqlite:core.py:64 executing functools.partial(<built-in method execute of sqlite3.Cursor object at 0x7f59d1ca7f40>, 'PRAGMA main.table_info("audit_logs")', ())
DEBUG    aiosqlite:core.py:66 operation functools.partial(<built-in method execute of sqlite3.Cursor object at 0x7f59d1ca7f40>, 'PRAGMA main.table_info("audit_logs")', ()) completed
DEBUG    aiosqlite:core.py:64 executing functools.partial(<built-in method fetchall of sqlite3.Cursor object at 0x7f59d1ca7f40>)
DEBUG    aiosqlite:core.py:66 operation functools.partial(<built-in method fetchall of sqlite3.Cursor object at 0x7f59d1ca7f40>) completed
DEBUG    aiosqlite:core.py:64 executing functools.partial(<built-in method close of sqlite3.Cursor object at 0x7f59d1ca7f40>)
DEBUG    aiosqlite:core.py:66 operation functools.partial(<built-in method close of sqlite3.Cursor object at 0x7f59d1ca7f40>) completed
DEBUG    aiosqlite:core.py:64 executing functools.partial(<built-in method cursor of sqlite3.Connection object at 0x7f59d1cbca90>)
DEBUG    aiosqlite:core.py:66 operation functools.partial(<built-in method cursor of sqlite3.Connection object at 0x7f59d1cbca90>) completed
DEBUG    aiosqlite:core.py:64 executing functools.partial(<built-in method execute of sqlite3.Cursor object at 0x7f59d1d4c0c0>, 'PRAGMA temp.table_info("audit_logs")', ())
DEBUG    aiosqlite:core.py:66 operation functools.partial(<built-in method execute of sqlite3.Cursor object at 0x7f59d1d4c0c0>, 'PRAGMA temp.table_info("audit_logs")', ()) completed
DEBUG    aiosqlite:core.py:64 executing functools.partial(<built-in method fetchall of sqlite3.Cursor object at 0x7f59d1d4c0c0>)
DEBUG    aiosqlite:core.py:66 operation functools.partial(<built-in method fetchall of sqlite3.Cursor object at 0x7f59d1d4c0c0>) completed
DEBUG    aiosqlite:core.py:64 executing functools.partial(<built-in method close of sqlite3.Cursor object at 0x7f59d1d4c0c0>)
DEBUG    aiosqlite:core.py:66 operation functools.partial(<built-in method close of sqlite3.Cursor object at 0x7f59d1d4c0c0>) completed
DEBUG    aiosqlite:core.py:64 executing functools.partial(<built-in method cursor of sqlite3.Connection object at 0x7f59d1cbca90>)
DEBUG    aiosqlite:core.py:66 operation functools.partial(<built-in method cursor of sqlite3.Connection object at 0x7f59d1cbca90>) completed
DEBUG    aiosqlite:core.py:64 executing functools.partial(<built-in method execute of sqlite3.Cursor object at 0x7f59d1d4c140>, 'PRAGMA main.table_info("secrets")', ())
DEBUG    aiosqlite:core.py:66 operation functools.partial(<built-in method execute of sqlite3.Cursor object at 0x7f59d1d4c140>, 'PRAGMA main.table_info("secrets")', ()) completed
DEBUG    aiosqlite:core.py:64 executing functools.partial(<built-in method fetchall of sqlite3.Cursor object at 0x7f59d1d4c140>)
DEBUG    aiosqlite:core.py:66 operation functools.partial(<built-in method fetchall of sqlite3.Cursor object at 0x7f59d1d4c140>) completed
DEBUG    aiosqlite:core.py:64 executing functools.partial(<built-in method close of sqlite3.Cursor object at 0x7f59d1d4c140>)
DEBUG    aiosqlite:core.py:66 operation functools.partial(<built-in method close of sqlite3.Cursor object at 0x7f59d1d4c140>) completed
DEBUG    aiosqlite:core.py:64 executing functools.partial(<built-in method cursor of sqlite3.Connection object at 0x7f59d1cbca90>)
DEBUG    aiosqlite:core.py:66 operation functools.partial(<built-in method cursor of sqlite3.Connection object at 0x7f59d1cbca90>) completed
DEBUG    aiosqlite:core.py:64 executing functools.partial(<built-in method execute of sqlite3.Cursor object at 0x7f59d1d4c240>, 'PRAGMA temp.table_info("secrets")', ())
DEBUG    aiosqlite:core.py:66 operation functools.partial(<built-in method execute of sqlite3.Cursor object at 0x7f59d1d4c240>, 'PRAGMA temp.table_info("secrets")', ()) completed
DEBUG    aiosqlite:core.py:64 executing functools.partial(<built-in method fetchall of sqlite3.Cursor object at 0x7f59d1d4c240>)
DEBUG    aiosqlite:core.py:66 operation functools.partial(<built-in method fetchall of sqlite3.Cursor object at 0x7f59d1d4c240>) completed
DEBUG    aiosqlite:core.py:64 executing functools.partial(<built-in method close of sqlite3.Cursor object at 0x7f59d1d4c240>)
DEBUG    aiosqlite:core.py:66 operation functools.partial(<built-in method close of sqlite3.Cursor object at 0x7f59d1d4c240>) completed
DEBUG    aiosqlite:core.py:64 executing functools.partial(<built-in method cursor of sqlite3.Connection object at 0x7f59d1cbca90>)
DEBUG    aiosqlite:core.py:66 operation functools.partial(<built-in method cursor of sqlite3.Connection object at 0x7f59d1cbca90>) completed
DEBUG    aiosqlite:core.py:64 executing functools.partial(<built-in method execute of sqlite3.Cursor object at 0x7f59d1d4c2c0>, 'PRAGMA main.table_info("secret_audits")', ())
DEBUG    aiosqlite:core.py:66 operation functools.partial(<built-in method execute of sqlite3.Cursor object at 0x7f59d1d4c2c0>, 'PRAGMA main.table_info("secret_audits")', ()) completed
DEBUG    aiosqlite:core.py:64 executing functools.partial(<built-in method fetchall of sqlite3.Cursor object at 0x7f59d1d4c2c0>)
DEBUG    aiosqlite:core.py:66 operation functools.partial(<built-in method fetchall of sqlite3.Cursor object at 0x7f59d1d4c2c0>) completed
DEBUG    aiosqlite:core.py:64 executing functools.partial(<built-in method close of sqlite3.Cursor object at 0x7f59d1d4c2c0>)
DEBUG    aiosqlite:core.py:66 operation functools.partial(<built-in method close of sqlite3.Cursor object at 0x7f59d1d4c2c0>) completed
DEBUG    aiosqlite:core.py:64 executing functools.partial(<built-in method cursor of sqlite3.Connection object at 0x7f59d1cbca90>)
DEBUG    aiosqlite:core.py:66 operation functools.partial(<built-in method cursor of sqlite3.Connection object at 0x7f59d1cbca90>) completed
DEBUG    aiosqlite:core.py:64 executing functools.partial(<built-in method execute of sqlite3.Cursor object at 0x7f59d1d4c3c0>, 'PRAGMA temp.table_info("secret_audits")', ())
DEBUG    aiosqlite:core.py:66 operation functools.partial(<built-in method execute of sqlite3.Cursor object at 0x7f59d1d4c3c0>, 'PRAGMA temp.table_info("secret_audits")', ()) completed
DEBUG    aiosqlite:core.py:64 executing functools.partial(<built-in method fetchall of sqlite3.Cursor object at 0x7f59d1d4c3c0>)
DEBUG    aiosqlite:core.py:66 operation functools.partial(<built-in method fetchall of sqlite3.Cursor object at 0x7f59d1d4c3c0>) completed
DEBUG    aiosqlite:core.py:64 executing functools.partial(<built-in method close of sqlite3.Cursor object at 0x7f59d1d4c3c0>)
DEBUG    aiosqlite:core.py:66 operation functools.partial(<built-in method close of sqlite3.Cursor object at 0x7f59d1d4c3c0>) completed
DEBUG    aiosqlite:core.py:64 executing functools.partial(<built-in method cursor of sqlite3.Connection object at 0x7f59d1cbca90>)
DEBUG    aiosqlite:core.py:66 operation functools.partial(<built-in method cursor of sqlite3.Connection object at 0x7f59d1cbca90>) completed
DEBUG    aiosqlite:core.py:64 executing functools.partial(<built-in method execute of sqlite3.Cursor object at 0x7f59d1d4c440>, 'PRAGMA main.table_info("project_templates")', ())
DEBUG    aiosqlite:core.py:66 operation functools.partial(<built-in method execute of sqlite3.Cursor object at 0x7f59d1d4c440>, 'PRAGMA main.table_info("project_templates")', ()) completed
DEBUG    aiosqlite:core.py:64 executing functools.partial(<built-in method fetchall of sqlite3.Cursor object at 0x7f59d1d4c440>)
DEBUG    aiosqlite:core.py:66 operation functools.partial(<built-in method fetchall of sqlite3.Cursor object at 0x7f59d1d4c440>) completed
DEBUG    aiosqlite:core.py:64 executing functools.partial(<built-in method close of sqlite3.Cursor object at 0x7f59d1d4c440>)
DEBUG    aiosqlite:core.py:66 operation functools.partial(<built-in method close of sqlite3.Cursor object at 0x7f59d1d4c440>) completed
DEBUG    aiosqlite:core.py:64 executing functools.partial(<built-in method cursor of sqlite3.Connection object at 0x7f59d1cbca90>)
DEBUG    aiosqlite:core.py:66 operation functools.partial(<built-in method cursor of sqlite3.Connection object at 0x7f59d1cbca90>) completed
DEBUG    aiosqlite:core.py:64 executing functools.partial(<built-in method execute of sqlite3.Cursor object at 0x7f59d1d4c540>, 'PRAGMA temp.table_info("project_templates")', ())
DEBUG    aiosqlite:core.py:66 operation functools.partial(<built-in method execute of sqlite3.Cursor object at 0x7f59d1d4c540>, 'PRAGMA temp.table_info("project_templates")', ()) completed
DEBUG    aiosqlite:core.py:64 executing functools.partial(<built-in method fetchall of sqlite3.Cursor object at 0x7f59d1d4c540>)
DEBUG    aiosqlite:core.py:66 operation functools.partial(<built-in method fetchall of sqlite3.Cursor object at 0x7f59d1d4c540>) completed
DEBUG    aiosqlite:core.py:64 executing functools.partial(<built-in method close of sqlite3.Cursor object at 0x7f59d1d4c540>)
DEBUG    aiosqlite:core.py:66 operation functools.partial(<built-in method close of sqlite3.Cursor object at 0x7f59d1d4c540>) completed
DEBUG    aiosqlite:core.py:64 executing functools.partial(<built-in method cursor of sqlite3.Connection object at 0x7f59d1cbca90>)
DEBUG    aiosqlite:core.py:66 operation functools.partial(<built-in method cursor of sqlite3.Connection object at 0x7f59d1cbca90>) completed
DEBUG    aiosqlite:core.py:64 executing functools.partial(<built-in method execute of sqlite3.Cursor object at 0x7f59d1d4c5c0>, 'PRAGMA main.table_info("template_features")', ())
DEBUG    aiosqlite:core.py:66 operation functools.partial(<built-in method execute of sqlite3.Cursor object at 0x7f59d1d4c5c0>, 'PRAGMA main.table_info("template_features")', ()) completed
DEBUG    aiosqlite:core.py:64 executing functools.partial(<built-in method fetchall of sqlite3.Cursor object at 0x7f59d1d4c5c0>)
DEBUG    aiosqlite:core.py:66 operation functools.partial(<built-in method fetchall of sqlite3.Cursor object at 0x7f59d1d4c5c0>) completed
DEBUG    aiosqlite:core.py:64 executing functools.partial(<built-in method close of sqlite3.Cursor object at 0x7f59d1d4c5c0>)
DEBUG    aiosqlite:core.py:66 operation functools.partial(<built-in method close of sqlite3.Cursor object at 0x7f59d1d4c5c0>) completed
DEBUG    aiosqlite:core.py:64 executing functools.partial(<built-in method cursor of sqlite3.Connection object at 0x7f59d1cbca90>)
DEBUG    aiosqlite:core.py:66 operation functools.partial(<built-in method cursor of sqlite3.Connection object at 0x7f59d1cbca90>) completed
DEBUG    aiosqlite:core.py:64 executing functools.partial(<built-in method execute of sqlite3.Cursor object at 0x7f59d1d4c6c0>, 'PRAGMA temp.table_info("template_features")', ())
DEBUG    aiosqlite:core.py:66 operation functools.partial(<built-in method execute of sqlite3.Cursor object at 0x7f59d1d4c6c0>, 'PRAGMA temp.table_info("template_features")', ()) completed
DEBUG    aiosqlite:core.py:64 executing functools.partial(<built-in method fetchall of sqlite3.Cursor object at 0x7f59d1d4c6c0>)
DEBUG    aiosqlite:core.py:66 operation functools.partial(<built-in method fetchall of sqlite3.Cursor object at 0x7f59d1d4c6c0>) completed
DEBUG    aiosqlite:core.py:64 executing functools.partial(<built-in method close of sqlite3.Cursor object at 0x7f59d1d4c6c0>)
DEBUG    aiosqlite:core.py:66 operation functools.partial(<built-in method close of sqlite3.Cursor object at 0x7f59d1d4c6c0>) completed
DEBUG    aiosqlite:core.py:64 executing functools.partial(<built-in method cursor of sqlite3.Connection object at 0x7f59d1cbca90>)
DEBUG    aiosqlite:core.py:66 operation functools.partial(<built-in method cursor of sqlite3.Connection object at 0x7f59d1cbca90>) completed
DEBUG    aiosqlite:core.py:64 executing functools.partial(<built-in method execute of sqlite3.Cursor object at 0x7f59d1d4c740>, 'PRAGMA main.table_info("generated_projects")', ())
DEBUG    aiosqlite:core.py:66 operation functools.partial(<built-in method execute of sqlite3.Cursor object at 0x7f59d1d4c740>, 'PRAGMA main.table_info("generated_projects")', ()) completed
DEBUG    aiosqlite:core.py:64 executing functools.partial(<built-in method fetchall of sqlite3.Cursor object at 0x7f59d1d4c740>)
DEBUG    aiosqlite:core.py:66 operation functools.partial(<built-in method fetchall of sqlite3.Cursor object at 0x7f59d1d4c740>) completed
DEBUG    aiosqlite:core.py:64 executing functools.partial(<built-in method close of sqlite3.Cursor object at 0x7f59d1d4c740>)
DEBUG    aiosqlite:core.py:66 operation functools.partial(<built-in method close of sqlite3.Cursor object at 0x7f59d1d4c740>) completed
DEBUG    aiosqlite:core.py:64 executing functools.partial(<built-in method cursor of sqlite3.Connection object at 0x7f59d1cbca90>)
DEBUG    aiosqlite:core.py:66 operation functools.partial(<built-in method cursor of sqlite3.Connection object at 0x7f59d1cbca90>) completed
DEBUG    aiosqlite:core.py:64 executing functools.partial(<built-in method execute of sqlite3.Cursor object at 0x7f59d1d4c840>, 'PRAGMA temp.table_info("generated_projects")', ())
DEBUG    aiosqlite:core.py:66 operation functools.partial(<built-in method execute of sqlite3.Cursor object at 0x7f59d1d4c840>, 'PRAGMA temp.table_info("generated_projects")', ()) completed
DEBUG    aiosqlite:core.py:64 executing functools.partial(<built-in method fetchall of sqlite3.Cursor object at 0x7f59d1d4c840>)
DEBUG    aiosqlite:core.py:66 operation functools.partial(<built-in method fetchall of sqlite3.Cursor object at 0x7f59d1d4c840>) completed
DEBUG    aiosqlite:core.py:64 executing functools.partial(<built-in method close of sqlite3.Cursor object at 0x7f59d1d4c840>)
DEBUG    aiosqlite:core.py:66 operation functools.partial(<built-in method close of sqlite3.Cursor object at 0x7f59d1d4c840>) completed
DEBUG    aiosqlite:core.py:64 executing functools.partial(<built-in method cursor of sqlite3.Connection object at 0x7f59d1cbca90>)
DEBUG    aiosqlite:core.py:66 operation functools.partial(<built-in method cursor of sqlite3.Connection object at 0x7f59d1cbca90>) completed
DEBUG    aiosqlite:core.py:64 executing functools.partial(<built-in method execute of sqlite3.Cursor object at 0x7f59d1d4c8c0>, 'PRAGMA main.table_info("llm_calls")', ())
DEBUG    aiosqlite:core.py:66 operation functools.partial(<built-in method execute of sqlite3.Cursor object at 0x7f59d1d4c8c0>, 'PRAGMA main.table_info("llm_calls")', ()) completed
DEBUG    aiosqlite:core.py:64 executing functools.partial(<built-in method fetchall of sqlite3.Cursor object at 0x7f59d1d4c8c0>)
DEBUG    aiosqlite:core.py:66 operation functools.partial(<built-in method fetchall of sqlite3.Cursor object at 0x7f59d1d4c8c0>) completed
DEBUG    aiosqlite:core.py:64 executing functools.partial(<built-in method close of sqlite3.Cursor object at 0x7f59d1d4c8c0>)
DEBUG    aiosqlite:core.py:66 operation functools.partial(<built-in method close of sqlite3.Cursor object at 0x7f59d1d4c8c0>) completed
DEBUG    aiosqlite:core.py:64 executing functools.partial(<built-in method cursor of sqlite3.Connection object at 0x7f59d1cbca90>)
DEBUG    aiosqlite:core.py:66 operation functools.partial(<built-in method cursor of sqlite3.Connection object at 0x7f59d1cbca90>) completed
DEBUG    aiosqlite:core.py:64 executing functools.partial(<built-in method execute of sqlite3.Cursor object at 0x7f59d1d4c9c0>, 'PRAGMA temp.table_info("llm_calls")', ())
DEBUG    aiosqlite:core.py:66 operation functools.partial(<built-in method execute of sqlite3.Cursor object at 0x7f59d1d4c9c0>, 'PRAGMA temp.table_info("llm_calls")', ()) completed
DEBUG    aiosqlite:core.py:64 executing functools.partial(<built-in method fetchall of sqlite3.Cursor object at 0x7f59d1d4c9c0>)
DEBUG    aiosqlite:core.py:66 operation functools.partial(<built-in method fetchall of sqlite3.Cursor object at 0x7f59d1d4c9c0>) completed
DEBUG    aiosqlite:core.py:64 executing functools.partial(<built-in method close of sqlite3.Cursor object at 0x7f59d1d4c9c0>)
DEBUG    aiosqlite:core.py:66 operation functools.partial(<built-in method close of sqlite3.Cursor object at 0x7f59d1d4c9c0>) completed
DEBUG    aiosqlite:core.py:64 executing functools.partial(<built-in method cursor of sqlite3.Connection object at 0x7f59d1cbca90>)
DEBUG    aiosqlite:core.py:66 operation functools.partial(<built-in method cursor of sqlite3.Connection object at 0x7f59d1cbca90>) completed
DEBUG    aiosqlite:core.py:64 executing functools.partial(<built-in method execute of sqlite3.Cursor object at 0x7f59d1d4ca40>, 'PRAGMA main.table_info("resource_usage")', ())
DEBUG    aiosqlite:core.py:66 operation functools.partial(<built-in method execute of sqlite3.Cursor object at 0x7f59d1d4ca40>, 'PRAGMA main.table_info("resource_usage")', ()) completed
DEBUG    aiosqlite:core.py:64 executing functools.partial(<built-in method fetchall of sqlite3.Cursor object at 0x7f59d1d4ca40>)
DEBUG    aiosqlite:core.py:66 operation functools.partial(<built-in method fetchall of sqlite3.Cursor object at 0x7f59d1d4ca40>) completed
DEBUG    aiosqlite:core.py:64 executing functools.partial(<built-in method close of sqlite3.Cursor object at 0x7f59d1d4ca40>)
DEBUG    aiosqlite:core.py:66 operation functools.partial(<built-in method close of sqlite3.Cursor object at 0x7f59d1d4ca40>) completed
DEBUG    aiosqlite:core.py:64 executing functools.partial(<built-in method cursor of sqlite3.Connection object at 0x7f59d1cbca90>)
DEBUG    aiosqlite:core.py:66 operation functools.partial(<built-in method cursor of sqlite3.Connection object at 0x7f59d1cbca90>) completed
DEBUG    aiosqlite:core.py:64 executing functools.partial(<built-in method execute of sqlite3.Cursor object at 0x7f59d1d4cb40>, 'PRAGMA temp.table_info("resource_usage")', ())
DEBUG    aiosqlite:core.py:66 operation functools.partial(<built-in method execute of sqlite3.Cursor object at 0x7f59d1d4cb40>, 'PRAGMA temp.table_info("resource_usage")', ()) completed
DEBUG    aiosqlite:core.py:64 executing functools.partial(<built-in method fetchall of sqlite3.Cursor object at 0x7f59d1d4cb40>)
DEBUG    aiosqlite:core.py:66 operation functools.partial(<built-in method fetchall of sqlite3.Cursor object at 0x7f59d1d4cb40>) completed
DEBUG    aiosqlite:core.py:64 executing functools.partial(<built-in method close of sqlite3.Cursor object at 0x7f59d1d4cb40>)
DEBUG    aiosqlite:core.py:66 operation functools.partial(<built-in method close of sqlite3.Cursor object at 0x7f59d1d4cb40>) completed
DEBUG    aiosqlite:core.py:64 executing functools.partial(<built-in method cursor of sqlite3.Connection object at 0x7f59d1cbca90>)
DEBUG    aiosqlite:core.py:66 operation functools.partial(<built-in method cursor of sqlite3.Connection object at 0x7f59d1cbca90>) completed
DEBUG    aiosqlite:core.py:64 executing functools.partial(<built-in method execute of sqlite3.Cursor object at 0x7f59d1d4cbc0>, 'PRAGMA main.table_info("execution_costs")', ())
DEBUG    aiosqlite:core.py:66 operation functools.partial(<built-in method execute of sqlite3.Cursor object at 0x7f59d1d4cbc0>, 'PRAGMA main.table_info("execution_costs")', ()) completed
DEBUG    aiosqlite:core.py:64 executing functools.partial(<built-in method fetchall of sqlite3.Cursor object at 0x7f59d1d4cbc0>)
DEBUG    aiosqlite:core.py:66 operation functools.partial(<built-in method fetchall of sqlite3.Cursor object at 0x7f59d1d4cbc0>) completed
DEBUG    aiosqlite:core.py:64 executing functools.partial(<built-in method close of sqlite3.Cursor object at 0x7f59d1d4cbc0>)
DEBUG    aiosqlite:core.py:66 operation functools.partial(<built-in method close of sqlite3.Cursor object at 0x7f59d1d4cbc0>) completed
DEBUG    aiosqlite:core.py:64 executing functools.partial(<built-in method cursor of sqlite3.Connection object at 0x7f59d1cbca90>)
DEBUG    aiosqlite:core.py:66 operation functools.partial(<built-in method cursor of sqlite3.Connection object at 0x7f59d1cbca90>) completed
DEBUG    aiosqlite:core.py:64 executing functools.partial(<built-in method execute of sqlite3.Cursor object at 0x7f59d1d4ccc0>, 'PRAGMA temp.table_info("execution_costs")', ())
DEBUG    aiosqlite:core.py:66 operation functools.partial(<built-in method execute of sqlite3.Cursor object at 0x7f59d1d4ccc0>, 'PRAGMA temp.table_info("execution_costs")', ()) completed
DEBUG    aiosqlite:core.py:64 executing functools.partial(<built-in method fetchall of sqlite3.Cursor object at 0x7f59d1d4ccc0>)
DEBUG    aiosqlite:core.py:66 operation functools.partial(<built-in method fetchall of sqlite3.Cursor object at 0x7f59d1d4ccc0>) completed
DEBUG    aiosqlite:core.py:64 executing functools.partial(<built-in method close of sqlite3.Cursor object at 0x7f59d1d4ccc0>)
DEBUG    aiosqlite:core.py:66 operation functools.partial(<built-in method close of sqlite3.Cursor object at 0x7f59d1d4ccc0>) completed
DEBUG    aiosqlite:core.py:64 executing functools.partial(<built-in method cursor of sqlite3.Connection object at 0x7f59d1cbca90>)
DEBUG    aiosqlite:core.py:66 operation functools.partial(<built-in method cursor of sqlite3.Connection object at 0x7f59d1cbca90>) completed
DEBUG    aiosqlite:core.py:64 executing functools.partial(<built-in method execute of sqlite3.Cursor object at 0x7f59d1d4cd40>, 'PRAGMA main.table_info("workspace_budgets")', ())
DEBUG    aiosqlite:core.py:66 operation functools.partial(<built-in method execute of sqlite3.Cursor object at 0x7f59d1d4cd40>, 'PRAGMA main.table_info("workspace_budgets")', ()) completed
DEBUG    aiosqlite:core.py:64 executing functools.partial(<built-in method fetchall of sqlite3.Cursor object at 0x7f59d1d4cd40>)
DEBUG    aiosqlite:core.py:66 operation functools.partial(<built-in method fetchall of sqlite3.Cursor object at 0x7f59d1d4cd40>) completed
DEBUG    aiosqlite:core.py:64 executing functools.partial(<built-in method close of sqlite3.Cursor object at 0x7f59d1d4cd40>)
DEBUG    aiosqlite:core.py:66 operation functools.partial(<built-in method close of sqlite3.Cursor object at 0x7f59d1d4cd40>) completed
DEBUG    aiosqlite:core.py:64 executing functools.partial(<built-in method cursor of sqlite3.Connection object at 0x7f59d1cbca90>)
DEBUG    aiosqlite:core.py:66 operation functools.partial(<built-in method cursor of sqlite3.Connection object at 0x7f59d1cbca90>) completed
DEBUG    aiosqlite:core.py:64 executing functools.partial(<built-in method execute of sqlite3.Cursor object at 0x7f59d1d4ce40>, 'PRAGMA temp.table_info("workspace_budgets")', ())
DEBUG    aiosqlite:core.py:66 operation functools.partial(<built-in method execute of sqlite3.Cursor object at 0x7f59d1d4ce40>, 'PRAGMA temp.table_info("workspace_budgets")', ()) completed
DEBUG    aiosqlite:core.py:64 executing functools.partial(<built-in method fetchall of sqlite3.Cursor object at 0x7f59d1d4ce40>)
DEBUG    aiosqlite:core.py:66 operation functools.partial(<built-in method fetchall of sqlite3.Cursor object at 0x7f59d1d4ce40>) completed
DEBUG    aiosqlite:core.py:64 executing functools.partial(<built-in method close of sqlite3.Cursor object at 0x7f59d1d4ce40>)
DEBUG    aiosqlite:core.py:66 operation functools.partial(<built-in method close of sqlite3.Cursor object at 0x7f59d1d4ce40>) completed
DEBUG    aiosqlite:core.py:64 executing functools.partial(<built-in method cursor of sqlite3.Connection object at 0x7f59d1cbca90>)
DEBUG    aiosqlite:core.py:66 operation functools.partial(<built-in method cursor of sqlite3.Connection object at 0x7f59d1cbca90>) completed
DEBUG    aiosqlite:core.py:64 executing functools.partial(<built-in method execute of sqlite3.Cursor object at 0x7f59d1d4cec0>, 'PRAGMA main.table_info("project_budgets")', ())
DEBUG    aiosqlite:core.py:66 operation functools.partial(<built-in method execute of sqlite3.Cursor object at 0x7f59d1d4cec0>, 'PRAGMA main.table_info("project_budgets")', ()) completed
DEBUG    aiosqlite:core.py:64 executing functools.partial(<built-in method fetchall of sqlite3.Cursor object at 0x7f59d1d4cec0>)
DEBUG    aiosqlite:core.py:66 operation functools.partial(<built-in method fetchall of sqlite3.Cursor object at 0x7f59d1d4cec0>) completed
DEBUG    aiosqlite:core.py:64 executing functools.partial(<built-in method close of sqlite3.Cursor object at 0x7f59d1d4cec0>)
DEBUG    aiosqlite:core.py:66 operation functools.partial(<built-in method close of sqlite3.Cursor object at 0x7f59d1d4cec0>) completed
DEBUG    aiosqlite:core.py:64 executing functools.partial(<built-in method cursor of sqlite3.Connection object at 0x7f59d1cbca90>)
DEBUG    aiosqlite:core.py:66 operation functools.partial(<built-in method cursor of sqlite3.Connection object at 0x7f59d1cbca90>) completed
DEBUG    aiosqlite:core.py:64 executing functools.partial(<built-in method execute of sqlite3.Cursor object at 0x7f59d1d4cfc0>, 'PRAGMA temp.table_info("project_budgets")', ())
DEBUG    aiosqlite:core.py:66 operation functools.partial(<built-in method execute of sqlite3.Cursor object at 0x7f59d1d4cfc0>, 'PRAGMA temp.table_info("project_budgets")', ()) completed
DEBUG    aiosqlite:core.py:64 executing functools.partial(<built-in method fetchall of sqlite3.Cursor object at 0x7f59d1d4cfc0>)
DEBUG    aiosqlite:core.py:66 operation functools.partial(<built-in method fetchall of sqlite3.Cursor object at 0x7f59d1d4cfc0>) completed
DEBUG    aiosqlite:core.py:64 executing functools.partial(<built-in method close of sqlite3.Cursor object at 0x7f59d1d4cfc0>)
DEBUG    aiosqlite:core.py:66 operation functools.partial(<built-in method close of sqlite3.Cursor object at 0x7f59d1d4cfc0>) completed
DEBUG    aiosqlite:core.py:64 executing functools.partial(<built-in method cursor of sqlite3.Connection object at 0x7f59d1cbca90>)
DEBUG    aiosqlite:core.py:66 operation functools.partial(<built-in method cursor of sqlite3.Connection object at 0x7f59d1cbca90>) completed
DEBUG    aiosqlite:core.py:64 executing functools.partial(<built-in method execute of sqlite3.Cursor object at 0x7f59d1d4d040>, 'PRAGMA main.table_info("artifact_builds")', ())
DEBUG    aiosqlite:core.py:66 operation functools.partial(<built-in method execute of sqlite3.Cursor object at 0x7f59d1d4d040>, 'PRAGMA main.table_info("artifact_builds")', ()) completed
DEBUG    aiosqlite:core.py:64 executing functools.partial(<built-in method fetchall of sqlite3.Cursor object at 0x7f59d1d4d040>)
DEBUG    aiosqlite:core.py:66 operation functools.partial(<built-in method fetchall of sqlite3.Cursor object at 0x7f59d1d4d040>) completed
DEBUG    aiosqlite:core.py:64 executing functools.partial(<built-in method close of sqlite3.Cursor object at 0x7f59d1d4d040>)
DEBUG    aiosqlite:core.py:66 operation functools.partial(<built-in method close of sqlite3.Cursor object at 0x7f59d1d4d040>) completed
DEBUG    aiosqlite:core.py:64 executing functools.partial(<built-in method cursor of sqlite3.Connection object at 0x7f59d1cbca90>)
DEBUG    aiosqlite:core.py:66 operation functools.partial(<built-in method cursor of sqlite3.Connection object at 0x7f59d1cbca90>) completed
DEBUG    aiosqlite:core.py:64 executing functools.partial(<built-in method execute of sqlite3.Cursor object at 0x7f59d1d4d140>, 'PRAGMA temp.table_info("artifact_builds")', ())
DEBUG    aiosqlite:core.py:66 operation functools.partial(<built-in method execute of sqlite3.Cursor object at 0x7f59d1d4d140>, 'PRAGMA temp.table_info("artifact_builds")', ()) completed
DEBUG    aiosqlite:core.py:64 executing functools.partial(<built-in method fetchall of sqlite3.Cursor object at 0x7f59d1d4d140>)
DEBUG    aiosqlite:core.py:66 operation functools.partial(<built-in method fetchall of sqlite3.Cursor object at 0x7f59d1d4d140>) completed
DEBUG    aiosqlite:core.py:64 executing functools.partial(<built-in method close of sqlite3.Cursor object at 0x7f59d1d4d140>)
DEBUG    aiosqlite:core.py:66 operation functools.partial(<built-in method close of sqlite3.Cursor object at 0x7f59d1d4d140>) completed
DEBUG    aiosqlite:core.py:64 executing functools.partial(<built-in method cursor of sqlite3.Connection object at 0x7f59d1cbca90>)
DEBUG    aiosqlite:core.py:66 operation functools.partial(<built-in method cursor of sqlite3.Connection object at 0x7f59d1cbca90>) completed
DEBUG    aiosqlite:core.py:64 executing functools.partial(<built-in method execute of sqlite3.Cursor object at 0x7f59d1d4d1c0>, 'PRAGMA main.table_info("deployment_validations")', ())
DEBUG    aiosqlite:core.py:66 operation functools.partial(<built-in method execute of sqlite3.Cursor object at 0x7f59d1d4d1c0>, 'PRAGMA main.table_info("deployment_validations")', ()) completed
DEBUG    aiosqlite:core.py:64 executing functools.partial(<built-in method fetchall of sqlite3.Cursor object at 0x7f59d1d4d1c0>)
DEBUG    aiosqlite:core.py:66 operation functools.partial(<built-in method fetchall of sqlite3.Cursor object at 0x7f59d1d4d1c0>) completed
DEBUG    aiosqlite:core.py:64 executing functools.partial(<built-in method close of sqlite3.Cursor object at 0x7f59d1d4d1c0>)
DEBUG    aiosqlite:core.py:66 operation functools.partial(<built-in method close of sqlite3.Cursor object at 0x7f59d1d4d1c0>) completed
DEBUG    aiosqlite:core.py:64 executing functools.partial(<built-in method cursor of sqlite3.Connection object at 0x7f59d1cbca90>)
DEBUG    aiosqlite:core.py:66 operation functools.partial(<built-in method cursor of sqlite3.Connection object at 0x7f59d1cbca90>) completed
DEBUG    aiosqlite:core.py:64 executing functools.partial(<built-in method execute of sqlite3.Cursor object at 0x7f59d1d4d2c0>, 'PRAGMA temp.table_info("deployment_validations")', ())
DEBUG    aiosqlite:core.py:66 operation functools.partial(<built-in method execute of sqlite3.Cursor object at 0x7f59d1d4d2c0>, 'PRAGMA temp.table_info("deployment_validations")', ()) completed
DEBUG    aiosqlite:core.py:64 executing functools.partial(<built-in method fetchall of sqlite3.Cursor object at 0x7f59d1d4d2c0>)
DEBUG    aiosqlite:core.py:66 operation functools.partial(<built-in method fetchall of sqlite3.Cursor object at 0x7f59d1d4d2c0>) completed
DEBUG    aiosqlite:core.py:64 executing functools.partial(<built-in method close of sqlite3.Cursor object at 0x7f59d1d4d2c0>)
DEBUG    aiosqlite:core.py:66 operation functools.partial(<built-in method close of sqlite3.Cursor object at 0x7f59d1d4d2c0>) completed
DEBUG    aiosqlite:core.py:64 executing functools.partial(<built-in method cursor of sqlite3.Connection object at 0x7f59d1cbca90>)
DEBUG    aiosqlite:core.py:66 operation functools.partial(<built-in method cursor of sqlite3.Connection object at 0x7f59d1cbca90>) completed
DEBUG    aiosqlite:core.py:64 executing functools.partial(<built-in method execute of sqlite3.Cursor object at 0x7f59d1d4d340>, 'PRAGMA main.table_info("validation_check_results")', ())
DEBUG    aiosqlite:core.py:66 operation functools.partial(<built-in method execute of sqlite3.Cursor object at 0x7f59d1d4d340>, 'PRAGMA main.table_info("validation_check_results")', ()) completed
DEBUG    aiosqlite:core.py:64 executing functools.partial(<built-in method fetchall of sqlite3.Cursor object at 0x7f59d1d4d340>)
DEBUG    aiosqlite:core.py:66 operation functools.partial(<built-in method fetchall of sqlite3.Cursor object at 0x7f59d1d4d340>) completed
DEBUG    aiosqlite:core.py:64 executing functools.partial(<built-in method close of sqlite3.Cursor object at 0x7f59d1d4d340>)
DEBUG    aiosqlite:core.py:66 operation functools.partial(<built-in method close of sqlite3.Cursor object at 0x7f59d1d4d340>) completed
DEBUG    aiosqlite:core.py:64 executing functools.partial(<built-in method cursor of sqlite3.Connection object at 0x7f59d1cbca90>)
DEBUG    aiosqlite:core.py:66 operation functools.partial(<built-in method cursor of sqlite3.Connection object at 0x7f59d1cbca90>) completed
DEBUG    aiosqlite:core.py:64 executing functools.partial(<built-in method execute of sqlite3.Cursor object at 0x7f59d1d4d440>, 'PRAGMA temp.table_info("validation_check_results")', ())
DEBUG    aiosqlite:core.py:66 operation functools.partial(<built-in method execute of sqlite3.Cursor object at 0x7f59d1d4d440>, 'PRAGMA temp.table_info("validation_check_results")', ()) completed
DEBUG    aiosqlite:core.py:64 executing functools.partial(<built-in method fetchall of sqlite3.Cursor object at 0x7f59d1d4d440>)
DEBUG    aiosqlite:core.py:66 operation functools.partial(<built-in method fetchall of sqlite3.Cursor object at 0x7f59d1d4d440>) completed
DEBUG    aiosqlite:core.py:64 executing functools.partial(<built-in method close of sqlite3.Cursor object at 0x7f59d1d4d440>)
DEBUG    aiosqlite:core.py:66 operation functools.partial(<built-in method close of sqlite3.Cursor object at 0x7f59d1d4d440>) completed
DEBUG    aiosqlite:core.py:64 executing functools.partial(<built-in method cursor of sqlite3.Connection object at 0x7f59d1cbca90>)
DEBUG    aiosqlite:core.py:66 operation functools.partial(<built-in method cursor of sqlite3.Connection object at 0x7f59d1cbca90>) completed
DEBUG    aiosqlite:core.py:64 executing functools.partial(<built-in method execute of sqlite3.Cursor object at 0x7f59d1d4d4c0>, 'PRAGMA main.table_info("pre_deployment_checklists")', ())
DEBUG    aiosqlite:core.py:66 operation functools.partial(<built-in method execute of sqlite3.Cursor object at 0x7f59d1d4d4c0>, 'PRAGMA main.table_info("pre_deployment_checklists")', ()) completed
DEBUG    aiosqlite:core.py:64 executing functools.partial(<built-in method fetchall of sqlite3.Cursor object at 0x7f59d1d4d4c0>)
DEBUG    aiosqlite:core.py:66 operation functools.partial(<built-in method fetchall of sqlite3.Cursor object at 0x7f59d1d4d4c0>) completed
DEBUG    aiosqlite:core.py:64 executing functools.partial(<built-in method close of sqlite3.Cursor object at 0x7f59d1d4d4c0>)
DEBUG    aiosqlite:core.py:66 operation functools.partial(<built-in method close of sqlite3.Cursor object at 0x7f59d1d4d4c0>) completed
DEBUG    aiosqlite:core.py:64 executing functools.partial(<built-in method cursor of sqlite3.Connection object at 0x7f59d1cbca90>)
DEBUG    aiosqlite:core.py:66 operation functools.partial(<built-in method cursor of sqlite3.Connection object at 0x7f59d1cbca90>) completed
DEBUG    aiosqlite:core.py:64 executing functools.partial(<built-in method execute of sqlite3.Cursor object at 0x7f59d1d4d5c0>, 'PRAGMA temp.table_info("pre_deployment_checklists")', ())
DEBUG    aiosqlite:core.py:66 operation functools.partial(<built-in method execute of sqlite3.Cursor object at 0x7f59d1d4d5c0>, 'PRAGMA temp.table_info("pre_deployment_checklists")', ()) completed
DEBUG    aiosqlite:core.py:64 executing functools.partial(<built-in method fetchall of sqlite3.Cursor object at 0x7f59d1d4d5c0>)
DEBUG    aiosqlite:core.py:66 operation functools.partial(<built-in method fetchall of sqlite3.Cursor object at 0x7f59d1d4d5c0>) completed
DEBUG    aiosqlite:core.py:64 executing functools.partial(<built-in method close of sqlite3.Cursor object at 0x7f59d1d4d5c0>)
DEBUG    aiosqlite:core.py:66 operation functools.partial(<built-in method close of sqlite3.Cursor object at 0x7f59d1d4d5c0>) completed
DEBUG    aiosqlite:core.py:64 executing functools.partial(<built-in method cursor of sqlite3.Connection object at 0x7f59d1cbca90>)
DEBUG    aiosqlite:core.py:66 operation functools.partial(<built-in method cursor of sqlite3.Connection object at 0x7f59d1cbca90>) completed
DEBUG    aiosqlite:core.py:64 executing functools.partial(<built-in method execute of sqlite3.Cursor object at 0x7f59d1d4d640>, 'PRAGMA main.table_info("deployment_simulations")', ())
DEBUG    aiosqlite:core.py:66 operation functools.partial(<built-in method execute of sqlite3.Cursor object at 0x7f59d1d4d640>, 'PRAGMA main.table_info("deployment_simulations")', ()) completed
DEBUG    aiosqlite:core.py:64 executing functools.partial(<built-in method fetchall of sqlite3.Cursor object at 0x7f59d1d4d640>)
DEBUG    aiosqlite:core.py:66 operation functools.partial(<built-in method fetchall of sqlite3.Cursor object at 0x7f59d1d4d640>) completed
DEBUG    aiosqlite:core.py:64 executing functools.partial(<built-in method close of sqlite3.Cursor object at 0x7f59d1d4d640>)
DEBUG    aiosqlite:core.py:66 operation functools.partial(<built-in method close of sqlite3.Cursor object at 0x7f59d1d4d640>) completed
DEBUG    aiosqlite:core.py:64 executing functools.partial(<built-in method cursor of sqlite3.Connection object at 0x7f59d1cbca90>)
DEBUG    aiosqlite:core.py:66 operation functools.partial(<built-in method cursor of sqlite3.Connection object at 0x7f59d1cbca90>) completed
DEBUG    aiosqlite:core.py:64 executing functools.partial(<built-in method execute of sqlite3.Cursor object at 0x7f59d1d4d740>, 'PRAGMA temp.table_info("deployment_simulations")', ())
DEBUG    aiosqlite:core.py:66 operation functools.partial(<built-in method execute of sqlite3.Cursor object at 0x7f59d1d4d740>, 'PRAGMA temp.table_info("deployment_simulations")', ()) completed
DEBUG    aiosqlite:core.py:64 executing functools.partial(<built-in method fetchall of sqlite3.Cursor object at 0x7f59d1d4d740>)
DEBUG    aiosqlite:core.py:66 operation functools.partial(<built-in method fetchall of sqlite3.Cursor object at 0x7f59d1d4d740>) completed
DEBUG    aiosqlite:core.py:64 executing functools.partial(<built-in method close of sqlite3.Cursor object at 0x7f59d1d4d740>)
DEBUG    aiosqlite:core.py:66 operation functools.partial(<built-in method close of sqlite3.Cursor object at 0x7f59d1d4d740>) completed
DEBUG    aiosqlite:core.py:64 executing functools.partial(<built-in method cursor of sqlite3.Connection object at 0x7f59d1cbca90>)
DEBUG    aiosqlite:core.py:66 operation functools.partial(<built-in method cursor of sqlite3.Connection object at 0x7f59d1cbca90>) completed
DEBUG    aiosqlite:core.py:64 executing functools.partial(<built-in method execute of sqlite3.Cursor object at 0x7f59d1d4d7c0>, 'PRAGMA main.table_info("rollback_plans")', ())
DEBUG    aiosqlite:core.py:66 operation functools.partial(<built-in method execute of sqlite3.Cursor object at 0x7f59d1d4d7c0>, 'PRAGMA main.table_info("rollback_plans")', ()) completed
DEBUG    aiosqlite:core.py:64 executing functools.partial(<built-in method fetchall of sqlite3.Cursor object at 0x7f59d1d4d7c0>)
DEBUG    aiosqlite:core.py:66 operation functools.partial(<built-in method fetchall of sqlite3.Cursor object at 0x7f59d1d4d7c0>) completed
DEBUG    aiosqlite:core.py:64 executing functools.partial(<built-in method close of sqlite3.Cursor object at 0x7f59d1d4d7c0>)
DEBUG    aiosqlite:core.py:66 operation functools.partial(<built-in method close of sqlite3.Cursor object at 0x7f59d1d4d7c0>) completed
DEBUG    aiosqlite:core.py:64 executing functools.partial(<built-in method cursor of sqlite3.Connection object at 0x7f59d1cbca90>)
DEBUG    aiosqlite:core.py:66 operation functools.partial(<built-in method cursor of sqlite3.Connection object at 0x7f59d1cbca90>) completed
DEBUG    aiosqlite:core.py:64 executing functools.partial(<built-in method execute of sqlite3.Cursor object at 0x7f59d1d4d8c0>, 'PRAGMA temp.table_info("rollback_plans")', ())
DEBUG    aiosqlite:core.py:66 operation functools.partial(<built-in method execute of sqlite3.Cursor object at 0x7f59d1d4d8c0>, 'PRAGMA temp.table_info("rollback_plans")', ()) completed
DEBUG    aiosqlite:core.py:64 executing functools.partial(<built-in method fetchall of sqlite3.Cursor object at 0x7f59d1d4d8c0>)
DEBUG    aiosqlite:core.py:66 operation functools.partial(<built-in method fetchall of sqlite3.Cursor object at 0x7f59d1d4d8c0>) completed
DEBUG    aiosqlite:core.py:64 executing functools.partial(<built-in method close of sqlite3.Cursor object at 0x7f59d1d4d8c0>)
DEBUG    aiosqlite:core.py:66 operation functools.partial(<built-in method close of sqlite3.Cursor object at 0x7f59d1d4d8c0>) completed
DEBUG    aiosqlite:core.py:64 executing functools.partial(<built-in method cursor of sqlite3.Connection object at 0x7f59d1cbca90>)
DEBUG    aiosqlite:core.py:66 operation functools.partial(<built-in method cursor of sqlite3.Connection object at 0x7f59d1cbca90>) completed
DEBUG    aiosqlite:core.py:64 executing functools.partial(<built-in method execute of sqlite3.Cursor object at 0x7f59d1d4d940>, 'PRAGMA main.table_info("reusable_modules")', ())
DEBUG    aiosqlite:core.py:66 operation functools.partial(<built-in method execute of sqlite3.Cursor object at 0x7f59d1d4d940>, 'PRAGMA main.table_info("reusable_modules")', ()) completed
DEBUG    aiosqlite:core.py:64 executing functools.partial(<built-in method fetchall of sqlite3.Cursor object at 0x7f59d1d4d940>)
DEBUG    aiosqlite:core.py:66 operation functools.partial(<built-in method fetchall of sqlite3.Cursor object at 0x7f59d1d4d940>) completed
DEBUG    aiosqlite:core.py:64 executing functools.partial(<built-in method close of sqlite3.Cursor object at 0x7f59d1d4d940>)
DEBUG    aiosqlite:core.py:66 operation functools.partial(<built-in method close of sqlite3.Cursor object at 0x7f59d1d4d940>) completed
DEBUG    aiosqlite:core.py:64 executing functools.partial(<built-in method cursor of sqlite3.Connection object at 0x7f59d1cbca90>)
DEBUG    aiosqlite:core.py:66 operation functools.partial(<built-in method cursor of sqlite3.Connection object at 0x7f59d1cbca90>) completed
DEBUG    aiosqlite:core.py:64 executing functools.partial(<built-in method execute of sqlite3.Cursor object at 0x7f59d1d4da40>, 'PRAGMA temp.table_info("reusable_modules")', ())
DEBUG    aiosqlite:core.py:66 operation functools.partial(<built-in method execute of sqlite3.Cursor object at 0x7f59d1d4da40>, 'PRAGMA temp.table_info("reusable_modules")', ()) completed
DEBUG    aiosqlite:core.py:64 executing functools.partial(<built-in method fetchall of sqlite3.Cursor object at 0x7f59d1d4da40>)
DEBUG    aiosqlite:core.py:66 operation functools.partial(<built-in method fetchall of sqlite3.Cursor object at 0x7f59d1d4da40>) completed
DEBUG    aiosqlite:core.py:64 executing functools.partial(<built-in method close of sqlite3.Cursor object at 0x7f59d1d4da40>)
DEBUG    aiosqlite:core.py:66 operation functools.partial(<built-in method close of sqlite3.Cursor object at 0x7f59d1d4da40>) completed
DEBUG    aiosqlite:core.py:64 executing functools.partial(<built-in method cursor of sqlite3.Connection object at 0x7f59d1cbca90>)
DEBUG    aiosqlite:core.py:66 operation functools.partial(<built-in method cursor of sqlite3.Connection object at 0x7f59d1cbca90>) completed
DEBUG    aiosqlite:core.py:64 executing functools.partial(<built-in method execute of sqlite3.Cursor object at 0x7f59d1d4dac0>, 'PRAGMA main.table_info("file_templates")', ())
DEBUG    aiosqlite:core.py:66 operation functools.partial(<built-in method execute of sqlite3.Cursor object at 0x7f59d1d4dac0>, 'PRAGMA main.table_info("file_templates")', ()) completed
DEBUG    aiosqlite:core.py:64 executing functools.partial(<built-in method fetchall of sqlite3.Cursor object at 0x7f59d1d4dac0>)
DEBUG    aiosqlite:core.py:66 operation functools.partial(<built-in method fetchall of sqlite3.Cursor object at 0x7f59d1d4dac0>) completed
DEBUG    aiosqlite:core.py:64 executing functools.partial(<built-in method close of sqlite3.Cursor object at 0x7f59d1d4dac0>)
DEBUG    aiosqlite:core.py:66 operation functools.partial(<built-in method close of sqlite3.Cursor object at 0x7f59d1d4dac0>) completed
DEBUG    aiosqlite:core.py:64 executing functools.partial(<built-in method cursor of sqlite3.Connection object at 0x7f59d1cbca90>)
DEBUG    aiosqlite:core.py:66 operation functools.partial(<built-in method cursor of sqlite3.Connection object at 0x7f59d1cbca90>) completed
DEBUG    aiosqlite:core.py:64 executing functools.partial(<built-in method execute of sqlite3.Cursor object at 0x7f59d1d4dbc0>, 'PRAGMA temp.table_info("file_templates")', ())
DEBUG    aiosqlite:core.py:66 operation functools.partial(<built-in method execute of sqlite3.Cursor object at 0x7f59d1d4dbc0>, 'PRAGMA temp.table_info("file_templates")', ()) completed
DEBUG    aiosqlite:core.py:64 executing functools.partial(<built-in method fetchall of sqlite3.Cursor object at 0x7f59d1d4dbc0>)
DEBUG    aiosqlite:core.py:66 operation functools.partial(<built-in method fetchall of sqlite3.Cursor object at 0x7f59d1d4dbc0>) completed
DEBUG    aiosqlite:core.py:64 executing functools.partial(<built-in method close of sqlite3.Cursor object at 0x7f59d1d4dbc0>)
DEBUG    aiosqlite:core.py:66 operation functools.partial(<built-in method close of sqlite3.Cursor object at 0x7f59d1d4dbc0>) completed
DEBUG    aiosqlite:core.py:64 executing functools.partial(<built-in method cursor of sqlite3.Connection object at 0x7f59d1cbca90>)
DEBUG    aiosqlite:core.py:66 operation functools.partial(<built-in method cursor of sqlite3.Connection object at 0x7f59d1cbca90>) completed
DEBUG    aiosqlite:core.py:64 executing functools.partial(<built-in method execute of sqlite3.Cursor object at 0x7f59d1d4dc40>, 'PRAGMA main.table_info("parameters")', ())
DEBUG    aiosqlite:core.py:66 operation functools.partial(<built-in method execute of sqlite3.Cursor object at 0x7f59d1d4dc40>, 'PRAGMA main.table_info("parameters")', ()) completed
DEBUG    aiosqlite:core.py:64 executing functools.partial(<built-in method fetchall of sqlite3.Cursor object at 0x7f59d1d4dc40>)
DEBUG    aiosqlite:core.py:66 operation functools.partial(<built-in method fetchall of sqlite3.Cursor object at 0x7f59d1d4dc40>) completed
DEBUG    aiosqlite:core.py:64 executing functools.partial(<built-in method close of sqlite3.Cursor object at 0x7f59d1d4dc40>)
DEBUG    aiosqlite:core.py:66 operation functools.partial(<built-in method close of sqlite3.Cursor object at 0x7f59d1d4dc40>) completed
DEBUG    aiosqlite:core.py:64 executing functools.partial(<built-in method cursor of sqlite3.Connection object at 0x7f59d1cbca90>)
DEBUG    aiosqlite:core.py:66 operation functools.partial(<built-in method cursor of sqlite3.Connection object at 0x7f59d1cbca90>) completed
DEBUG    aiosqlite:core.py:64 executing functools.partial(<built-in method execute of sqlite3.Cursor object at 0x7f59d1d4dd40>, 'PRAGMA temp.table_info("parameters")', ())
DEBUG    aiosqlite:core.py:66 operation functools.partial(<built-in method execute of sqlite3.Cursor object at 0x7f59d1d4dd40>, 'PRAGMA temp.table_info("parameters")', ()) completed
DEBUG    aiosqlite:core.py:64 executing functools.partial(<built-in method fetchall of sqlite3.Cursor object at 0x7f59d1d4dd40>)
DEBUG    aiosqlite:core.py:66 operation functools.partial(<built-in method fetchall of sqlite3.Cursor object at 0x7f59d1d4dd40>) completed
DEBUG    aiosqlite:core.py:64 executing functools.partial(<built-in method close of sqlite3.Cursor object at 0x7f59d1d4dd40>)
DEBUG    aiosqlite:core.py:66 operation functools.partial(<built-in method close of sqlite3.Cursor object at 0x7f59d1d4dd40>) completed
DEBUG    aiosqlite:core.py:64 executing functools.partial(<built-in method cursor of sqlite3.Connection object at 0x7f59d1cbca90>)
DEBUG    aiosqlite:core.py:66 operation functools.partial(<built-in method cursor of sqlite3.Connection object at 0x7f59d1cbca90>) completed
DEBUG    aiosqlite:core.py:64 executing functools.partial(<built-in method execute of sqlite3.Cursor object at 0x7f59d1d4ddc0>, 'PRAGMA main.table_info("prompt_templates")', ())
DEBUG    aiosqlite:core.py:66 operation functools.partial(<built-in method execute of sqlite3.Cursor object at 0x7f59d1d4ddc0>, 'PRAGMA main.table_info("prompt_templates")', ()) completed
DEBUG    aiosqlite:core.py:64 executing functools.partial(<built-in method fetchall of sqlite3.Cursor object at 0x7f59d1d4ddc0>)
DEBUG    aiosqlite:core.py:66 operation functools.partial(<built-in method fetchall of sqlite3.Cursor object at 0x7f59d1d4ddc0>) completed
DEBUG    aiosqlite:core.py:64 executing functools.partial(<built-in method close of sqlite3.Cursor object at 0x7f59d1d4ddc0>)
DEBUG    aiosqlite:core.py:66 operation functools.partial(<built-in method close of sqlite3.Cursor object at 0x7f59d1d4ddc0>) completed
DEBUG    aiosqlite:core.py:64 executing functools.partial(<built-in method cursor of sqlite3.Connection object at 0x7f59d1cbca90>)
DEBUG    aiosqlite:core.py:66 operation functools.partial(<built-in method cursor of sqlite3.Connection object at 0x7f59d1cbca90>) completed
DEBUG    aiosqlite:core.py:64 executing functools.partial(<built-in method execute of sqlite3.Cursor object at 0x7f59d1d4dec0>, 'PRAGMA temp.table_info("prompt_templates")', ())
DEBUG    aiosqlite:core.py:66 operation functools.partial(<built-in method execute of sqlite3.Cursor object at 0x7f59d1d4dec0>, 'PRAGMA temp.table_info("prompt_templates")', ()) completed
DEBUG    aiosqlite:core.py:64 executing functools.partial(<built-in method fetchall of sqlite3.Cursor object at 0x7f59d1d4dec0>)
DEBUG    aiosqlite:core.py:66 operation functools.partial(<built-in method fetchall of sqlite3.Cursor object at 0x7f59d1d4dec0>) completed
DEBUG    aiosqlite:core.py:64 executing functools.partial(<built-in method close of sqlite3.Cursor object at 0x7f59d1d4dec0>)
DEBUG    aiosqlite:core.py:66 operation functools.partial(<built-in method close of sqlite3.Cursor object at 0x7f59d1d4dec0>) completed
DEBUG    aiosqlite:core.py:64 executing functools.partial(<built-in method cursor of sqlite3.Connection object at 0x7f59d1cbca90>)
DEBUG    aiosqlite:core.py:66 operation functools.partial(<built-in method cursor of sqlite3.Connection object at 0x7f59d1cbca90>) completed
DEBUG    aiosqlite:core.py:64 executing functools.partial(<built-in method execute of sqlite3.Cursor object at 0x7f59d1d4c040>, 'PRAGMA main.table_info("knowledge_items")', ())
DEBUG    aiosqlite:core.py:66 operation functools.partial(<built-in method execute of sqlite3.Cursor object at 0x7f59d1d4c040>, 'PRAGMA main.table_info("knowledge_items")', ()) completed
DEBUG    aiosqlite:core.py:64 executing functools.partial(<built-in method fetchall of sqlite3.Cursor object at 0x7f59d1d4c040>)
DEBUG    aiosqlite:core.py:66 operation functools.partial(<built-in method fetchall of sqlite3.Cursor object at 0x7f59d1d4c040>) completed
DEBUG    aiosqlite:core.py:64 executing functools.partial(<built-in method close of sqlite3.Cursor object at 0x7f59d1d4c040>)
DEBUG    aiosqlite:core.py:66 operation functools.partial(<built-in method close of sqlite3.Cursor object at 0x7f59d1d4c040>) completed
DEBUG    aiosqlite:core.py:64 executing functools.partial(<built-in method cursor of sqlite3.Connection object at 0x7f59d1cbca90>)
DEBUG    aiosqlite:core.py:66 operation functools.partial(<built-in method cursor of sqlite3.Connection object at 0x7f59d1cbca90>) completed
DEBUG    aiosqlite:core.py:64 executing functools.partial(<built-in method execute of sqlite3.Cursor object at 0x7f59d1d4dfc0>, 'PRAGMA temp.table_info("knowledge_items")', ())
DEBUG    aiosqlite:core.py:66 operation functools.partial(<built-in method execute of sqlite3.Cursor object at 0x7f59d1d4dfc0>, 'PRAGMA temp.table_info("knowledge_items")', ()) completed
DEBUG    aiosqlite:core.py:64 executing functools.partial(<built-in method fetchall of sqlite3.Cursor object at 0x7f59d1d4dfc0>)
DEBUG    aiosqlite:core.py:66 operation functools.partial(<built-in method fetchall of sqlite3.Cursor object at 0x7f59d1d4dfc0>) completed
DEBUG    aiosqlite:core.py:64 executing functools.partial(<built-in method close of sqlite3.Cursor object at 0x7f59d1d4dfc0>)
DEBUG    aiosqlite:core.py:66 operation functools.partial(<built-in method close of sqlite3.Cursor object at 0x7f59d1d4dfc0>) completed
DEBUG    aiosqlite:core.py:64 executing functools.partial(<built-in method cursor of sqlite3.Connection object at 0x7f59d1cbca90>)
DEBUG    aiosqlite:core.py:66 operation functools.partial(<built-in method cursor of sqlite3.Connection object at 0x7f59d1cbca90>) completed
DEBUG    aiosqlite:core.py:64 executing functools.partial(<built-in method execute of sqlite3.Cursor object at 0x7f59d1d4de40>, 'PRAGMA main.table_info("adrs")', ())
DEBUG    aiosqlite:core.py:66 operation functools.partial(<built-in method execute of sqlite3.Cursor object at 0x7f59d1d4de40>, 'PRAGMA main.table_info("adrs")', ()) completed
DEBUG    aiosqlite:core.py:64 executing functools.partial(<built-in method fetchall of sqlite3.Cursor object at 0x7f59d1d4de40>)
DEBUG    aiosqlite:core.py:66 operation functools.partial(<built-in method fetchall of sqlite3.Cursor object at 0x7f59d1d4de40>) completed
DEBUG    aiosqlite:core.py:64 executing functools.partial(<built-in method close of sqlite3.Cursor object at 0x7f59d1d4de40>)
DEBUG    aiosqlite:core.py:66 operation functools.partial(<built-in method close of sqlite3.Cursor object at 0x7f59d1d4de40>) completed
DEBUG    aiosqlite:core.py:64 executing functools.partial(<built-in method cursor of sqlite3.Connection object at 0x7f59d1cbca90>)
DEBUG    aiosqlite:core.py:66 operation functools.partial(<built-in method cursor of sqlite3.Connection object at 0x7f59d1cbca90>) completed
DEBUG    aiosqlite:core.py:64 executing functools.partial(<built-in method execute of sqlite3.Cursor object at 0x7f59d1f14dc0>, 'PRAGMA temp.table_info("adrs")', ())
DEBUG    aiosqlite:core.py:66 operation functools.partial(<built-in method execute of sqlite3.Cursor object at 0x7f59d1f14dc0>, 'PRAGMA temp.table_info("adrs")', ()) completed
DEBUG    aiosqlite:core.py:64 executing functools.partial(<built-in method fetchall of sqlite3.Cursor object at 0x7f59d1f14dc0>)
DEBUG    aiosqlite:core.py:66 operation functools.partial(<built-in method fetchall of sqlite3.Cursor object at 0x7f59d1f14dc0>) completed
DEBUG    aiosqlite:core.py:64 executing functools.partial(<built-in method close of sqlite3.Cursor object at 0x7f59d1f14dc0>)
DEBUG    aiosqlite:core.py:66 operation functools.partial(<built-in method close of sqlite3.Cursor object at 0x7f59d1f14dc0>) completed
DEBUG    aiosqlite:core.py:64 executing functools.partial(<built-in method rollback of sqlite3.Connection object at 0x7f59d1cbca90>)
DEBUG    aiosqlite:core.py:66 operation functools.partial(<built-in method rollback of sqlite3.Connection object at 0x7f59d1cbca90>) completed
DEBUG    aiosqlite:core.py:64 executing functools.partial(<built-in method rollback of sqlite3.Connection object at 0x7f59d1cbca90>)
DEBUG    aiosqlite:core.py:66 operation functools.partial(<built-in method rollback of sqlite3.Connection object at 0x7f59d1cbca90>) completed
=============================== warnings summary ===============================
.venv/lib/python3.11/site-packages/pydantic/_internal/_config.py:322
  /home/engine/project/.venv/lib/python3.11/site-packages/pydantic/_internal/_config.py:322: UserWarning: Valid config keys have changed in V2:
  * 'allow_population_by_field_name' has been renamed to 'populate_by_name'
    warnings.warn(message, UserWarning)

.venv/lib/python3.11/site-packages/pydantic/_internal/_config.py:322
.venv/lib/python3.11/site-packages/pydantic/_internal/_config.py:322
  /home/engine/project/.venv/lib/python3.11/site-packages/pydantic/_internal/_config.py:322: UserWarning: Valid config keys have changed in V2:
  * 'schema_extra' has been renamed to 'json_schema_extra'
    warnings.warn(message, UserWarning)

.venv/lib/python3.11/site-packages/pydantic/_internal/_fields.py:151
  /home/engine/project/.venv/lib/python3.11/site-packages/pydantic/_internal/_fields.py:151: UserWarning: Field "model_count" has conflict with protected namespace "model_".
  
  You may be able to resolve this warning by setting `model_config['protected_namespaces'] = ()`.
    warnings.warn(

-- Docs: https://docs.pytest.org/en/stable/how-to/capture-warnings.html
=========================== short test summary info ============================
ERROR backend/tests/test_cli_commands.py::TestCliCommands::test_version - sqlalchemy.exc.NoReferencedTableError: Foreign key associated with column 'reusable_modules.updated_by' could not find table 'users' with which to generate a foreign key to target column 'id'
!!!!!!!!!!!!!!!!!!!!!!!!!! stopping after 1 failures !!!!!!!!!!!!!!!!!!!!!!!!!!!
========================= 4 warnings, 1 error in 0.41s =========================
